Component: ARM Compiler 5.06 update 4 (build 422) Tool: armlink [4d35d2]

==============================================================================

Section Cross References

    main.o(i.main) refers to misc.o(i.NVIC_PriorityGroupConfig) for NVIC_PriorityGroupConfig
    main.o(i.main) refers to delay.o(i.delay_init) for delay_init
    main.o(i.main) refers to sram.o(i.FSMC_SRAM_Init) for FSMC_SRAM_Init
    main.o(i.main) refers to gpio.o(i.MG_RCC) for MG_RCC
    main.o(i.main) refers to gpio.o(i.MG_Output) for MG_Output
    main.o(i.main) refers to gpio.o(i.MG_Set) for MG_Set
    main.o(i.main) refers to usb_app.o(i.USBD_Configuration) for USBD_Configuration
    main.o(i.main) refers to delay.o(i.delay_ms) for delay_ms
    gpio.o(i.MG_Get) refers to gpio.o(i.MG_PORT_F) for MG_PORT_F
    gpio.o(i.MG_Get) refers to gpio.o(i.MG_PIN_F) for MG_PIN_F
    gpio.o(i.MG_Get) refers to stm32f4xx_gpio.o(i.GPIO_ReadInputDataBit) for GPIO_ReadInputDataBit
    gpio.o(i.MG_Input) refers to gpio.o(i.MG_PORT_F) for MG_PORT_F
    gpio.o(i.MG_Input) refers to gpio.o(i.MG_PIN_F) for MG_PIN_F
    gpio.o(i.MG_Input) refers to stm32f4xx_gpio.o(i.GPIO_Init) for GPIO_Init
    gpio.o(i.MG_Output) refers to gpio.o(i.MG_PORT_F) for MG_PORT_F
    gpio.o(i.MG_Output) refers to gpio.o(i.MG_PIN_F) for MG_PIN_F
    gpio.o(i.MG_Output) refers to stm32f4xx_gpio.o(i.GPIO_Init) for GPIO_Init
    gpio.o(i.MG_RCC) refers to stm32f4xx_rcc.o(i.RCC_AHB1PeriphClockCmd) for RCC_AHB1PeriphClockCmd
    gpio.o(i.MG_Set) refers to gpio.o(i.MG_PORT_F) for MG_PORT_F
    gpio.o(i.MG_Set) refers to gpio.o(i.MG_PIN_F) for MG_PIN_F
    gpio.o(i.MG_Set) refers to stm32f4xx_gpio.o(i.GPIO_ResetBits) for GPIO_ResetBits
    gpio.o(i.MG_Set) refers to stm32f4xx_gpio.o(i.GPIO_SetBits) for GPIO_SetBits
    gpio.o(i.MG_Toggle) refers to gpio.o(i.MG_PORT_F) for MG_PORT_F
    gpio.o(i.MG_Toggle) refers to gpio.o(i.MG_PIN_F) for MG_PIN_F
    gpio.o(i.MG_Toggle) refers to stm32f4xx_gpio.o(i.GPIO_ReadOutputDataBit) for GPIO_ReadOutputDataBit
    gpio.o(i.MG_Toggle) refers to gpio.o(i.MG_Set) for MG_Set
    delay.o(i.delay_init) refers to misc.o(i.SysTick_CLKSourceConfig) for SysTick_CLKSourceConfig
    delay.o(i.delay_init) refers to system_stm32f4xx.o(.data) for SystemCoreClock
    delay.o(i.delay_init) refers to delay.o(.data) for fac_us
    delay.o(i.delay_ms) refers to delay.o(.data) for fac_ms
    delay.o(i.delay_us) refers to delay.o(.data) for fac_us
    flash.o(i.Flash_ReadData) refers to flash.o(i.STMFLASH_Read) for STMFLASH_Read
    flash.o(i.Flash_WriteData) refers to flash.o(i.STMFLASH_WriteLenByte) for STMFLASH_WriteLenByte
    flash.o(i.Flash_WriteWords) refers to flash.o(i.STMFLASH_WriteLenByte) for STMFLASH_WriteLenByte
    flash.o(i.STMFLASH_WriteLenByte) refers to flash.o(i.Flash_GetSector) for Flash_GetSector
    flash.o(i.STMFLASH_WriteLenByte) refers to flash.o(i.Flash_GetSectorStart) for Flash_GetSectorStart
    flash.o(i.STMFLASH_WriteLenByte) refers to flash.o(i.STMFLASH_Read) for STMFLASH_Read
    flash.o(i.STMFLASH_WriteLenByte) refers to stm32f4xx_flash.o(i.FLASH_Unlock) for FLASH_Unlock
    flash.o(i.STMFLASH_WriteLenByte) refers to stm32f4xx_flash.o(i.FLASH_EraseSector) for FLASH_EraseSector
    flash.o(i.STMFLASH_WriteLenByte) refers to stm32f4xx_flash.o(i.FLASH_ProgramWord) for FLASH_ProgramWord
    flash.o(i.STMFLASH_WriteLenByte) refers to stm32f4xx_flash.o(i.FLASH_Lock) for FLASH_Lock
    flash.o(i.STMFLASH_WriteLenByte) refers to flash.o(.bss) for Flash_Buffer
    mi2c.o(i.MI2C_End) refers to mi2c.o(i.MI2C_Out) for MI2C_Out
    mi2c.o(i.MI2C_End) refers to gpio.o(i.MG_Set) for MG_Set
    mi2c.o(i.MI2C_End) refers to delay.o(i.delayus) for delayus
    mi2c.o(i.MI2C_Get) refers to gpio.o(i.MG_Get) for MG_Get
    mi2c.o(i.MI2C_GetAck) refers to mi2c.o(i.MI2C_In) for MI2C_In
    mi2c.o(i.MI2C_GetAck) refers to mi2c.o(i.MI2C_Set) for MI2C_Set
    mi2c.o(i.MI2C_GetAck) refers to delay.o(i.delayus) for delayus
    mi2c.o(i.MI2C_GetAck) refers to gpio.o(i.MG_Set) for MG_Set
    mi2c.o(i.MI2C_GetAck) refers to mi2c.o(i.MI2C_Get) for MI2C_Get
    mi2c.o(i.MI2C_In) refers to gpio.o(i.MG_Input) for MG_Input
    mi2c.o(i.MI2C_Init) refers to gpio.o(i.MG_RCC) for MG_RCC
    mi2c.o(i.MI2C_Init) refers to gpio.o(i.MG_Output) for MG_Output
    mi2c.o(i.MI2C_Init) refers to gpio.o(i.MG_Set) for MG_Set
    mi2c.o(i.MI2C_NoAck) refers to mi2c.o(i.MI2C_Out) for MI2C_Out
    mi2c.o(i.MI2C_NoAck) refers to mi2c.o(i.MI2C_Set) for MI2C_Set
    mi2c.o(i.MI2C_NoAck) refers to delay.o(i.delayus) for delayus
    mi2c.o(i.MI2C_NoAck) refers to gpio.o(i.MG_Set) for MG_Set
    mi2c.o(i.MI2C_Out) refers to gpio.o(i.MG_Output) for MG_Output
    mi2c.o(i.MI2C_Read) refers to mi2c.o(i.MI2C_In) for MI2C_In
    mi2c.o(i.MI2C_Read) refers to mi2c.o(i.MI2C_Get) for MI2C_Get
    mi2c.o(i.MI2C_Read) refers to delay.o(i.delayus) for delayus
    mi2c.o(i.MI2C_Read) refers to gpio.o(i.MG_Set) for MG_Set
[...]
    Handle_USBAsynchXfer                     0x08001405   Thumb Code   222  usbd_cdc_core.o(i.Handle_USBAsynchXfer)
    i.IntToUnicode                           0x080014f8   Section        0  usbd_desc.o(i.IntToUnicode)
    IntToUnicode                             0x080014f9   Thumb Code    62  usbd_desc.o(i.IntToUnicode)
    i.MG_Output                              0x08001536   Section        0  gpio.o(i.MG_Output)
    i.MG_PIN_F                               0x0800156e   Section        0  gpio.o(i.MG_PIN_F)
    i.MG_PORT_F                              0x080015dc   Section        0  gpio.o(i.MG_PORT_F)
    i.MG_RCC                                 0x08001634   Section        0  gpio.o(i.MG_RCC)
    i.MG_Set                                 0x0800169c   Section        0  gpio.o(i.MG_Set)
    i.NVIC_Init                              0x080016d0   Section        0  misc.o(i.NVIC_Init)
    i.NVIC_PriorityGroupConfig               0x08001748   Section        0  misc.o(i.NVIC_PriorityGroupConfig)
    i.OTG_FS_IRQHandler                      0x0800175c   Section        0  usb_app.o(i.OTG_FS_IRQHandler)
    i.RCC_AHB1PeriphClockCmd                 0x0800177c   Section        0  stm32f4xx_rcc.o(i.RCC_AHB1PeriphClockCmd)
    i.RCC_AHB2PeriphClockCmd                 0x0800179c   Section        0  stm32f4xx_rcc.o(i.RCC_AHB2PeriphClockCmd)
    i.RCC_AHB3PeriphClockCmd                 0x080017bc   Section        0  stm32f4xx_rcc.o(i.RCC_AHB3PeriphClockCmd)
    i.RCC_GetClocksFreq                      0x080017dc   Section        0  stm32f4xx_rcc.o(i.RCC_GetClocksFreq)
    i.SDIO_ClearITPendingBit                 0x080018c4   Section        0  stm32f4xx_sdio.o(i.SDIO_ClearITPendingBit)
    i.SDIO_GetITStatus                       0x080018d0   Section        0  stm32f4xx_sdio.o(i.SDIO_GetITStatus)
    i.SDIO_IRQHandler                        0x080018e8   Section        0  sdio_sd.o(i.SDIO_IRQHandler)
    i.SDIO_ITConfig                          0x080018f0   Section        0  stm32f4xx_sdio.o(i.SDIO_ITConfig)
    i.SD_ProcessDMAIRQ                       0x08001910   Section        0  sdio_sd.o(i.SD_ProcessDMAIRQ)
    i.SD_ProcessIRQSrc                       0x08001938   Section        0  sdio_sd.o(i.SD_ProcessIRQSrc)
    i.SetSysClock                            0x080019e4   Section        0  system_stm32f4xx.o(i.SetSysClock)
    SetSysClock                              0x080019e5   Thumb Code   220  system_stm32f4xx.o(i.SetSysClock)
    i.SysTick_CLKSourceConfig                0x08001ad0   Section        0  misc.o(i.SysTick_CLKSourceConfig)
    i.SystemInit                             0x08001af8   Section        0  system_stm32f4xx.o(i.SystemInit)
    i.USART1_IRQHandler                      0x08001b60   Section        0  usart1.o(i.USART1_IRQHandler)
    i.USART1_Recv_Callback                   0x08001b94   Section        0  usart1.o(i.USART1_Recv_Callback)
    i.USART2_IRQHandler                      0x08001b98   Section        0  usart2.o(i.USART2_IRQHandler)
    i.USART2_Recv_Callback                   0x08001bcc   Section        0  usart2.o(i.USART2_Recv_Callback)
    i.USART_ClearITPendingBit                0x08001bce   Section        0  stm32f4xx_usart.o(i.USART_ClearITPendingBit)
    i.USART_GetFlagStatus                    0x08001bec   Section        0  stm32f4xx_usart.o(i.USART_GetFlagStatus)
    i.USART_ReceiveData                      0x08001c06   Section        0  stm32f4xx_usart.o(i.USART_ReceiveData)
    i.USBD_ClrCfg                            0x08001c10   Section        0  usbd_core.o(i.USBD_ClrCfg)
    i.USBD_ClrFeature                        0x08001c26   Section        0  usbd_req.o(i.USBD_ClrFeature)
    USBD_ClrFeature                          0x08001c27   Thumb Code    72  usbd_req.o(i.USBD_ClrFeature)
    i.USBD_Configuration                     0x08001c70   Section        0  usb_app.o(i.USBD_Configuration)
    i.USBD_CtlContinueRx                     0x08001c94   Section        0  usbd_ioreq.o(i.USBD_CtlContinueRx)
    i.USBD_CtlContinueSendData               0x08001cb2   Section        0  usbd_ioreq.o(i.USBD_CtlContinueSendData)
    i.USBD_CtlError                          0x08001cd0   Section        0  usbd_req.o(i.USBD_CtlError)
    i.USBD_CtlPrepareRx                      0x08001cee   Section        0  usbd_ioreq.o(i.USBD_CtlPrepareRx)
    i.USBD_CtlReceiveStatus                  0x08001d1c   Section        0  usbd_ioreq.o(i.USBD_CtlReceiveStatus)
    i.USBD_CtlSendData                       0x08001d40   Section        0  usbd_ioreq.o(i.USBD_CtlSendData)
    i.USBD_CtlSendStatus                     0x08001d6e   Section        0  usbd_ioreq.o(i.USBD_CtlSendStatus)
    i.USBD_DataInStage                       0x08001d92   Section        0  usbd_core.o(i.USBD_DataInStage)
    USBD_DataInStage                         0x08001d93   Thumb Code   232  usbd_core.o(i.USBD_DataInStage)
    i.USBD_DataOutStage                      0x08001e7a   Section        0  usbd_core.o(i.USBD_DataOutStage)
    USBD_DataOutStage                        0x08001e7b   Thumb Code   150  usbd_core.o(i.USBD_DataOutStage)
    i.USBD_DeInit                            0x08001f10   Section        0  usbd_core.o(i.USBD_DeInit)
    i.USBD_GetConfig                         0x08001f18   Section        0  usbd_req.o(i.USBD_GetConfig)
    USBD_GetConfig                           0x08001f19   Thumb Code    78  usbd_req.o(i.USBD_GetConfig)
    i.USBD_GetDescriptor                     0x08001f6c   Section        0  usbd_req.o(i.USBD_GetDescriptor)
    USBD_GetDescriptor                       0x08001f6d   Thumb Code   366  usbd_req.o(i.USBD_GetDescriptor)
    i.USBD_GetLen                            0x080020e0   Section        0  usbd_req.o(i.USBD_GetLen)
    USBD_GetLen                              0x080020e1   Thumb Code    20  usbd_req.o(i.USBD_GetLen)
    i.USBD_GetStatus                         0x080020f4   Section        0  usbd_req.o(i.USBD_GetStatus)
    USBD_GetStatus                           0x080020f5   Thumb Code    74  usbd_req.o(i.USBD_GetStatus)
    i.USBD_GetString                         0x08002144   Section        0  usbd_req.o(i.USBD_GetString)
    i.USBD_Init                              0x08002196   Section        0  usbd_core.o(i.USBD_Init)
    i.USBD_IsoINIncomplete                   0x080021d8   Section        0  usbd_core.o(i.USBD_IsoINIncomplete)
    USBD_IsoINIncomplete                     0x080021d9   Thumb Code    18  usbd_core.o(i.USBD_IsoINIncomplete)
    i.USBD_IsoOUTIncomplete                  0x080021ea   Section        0  usbd_core.o(i.USBD_IsoOUTIncomplete)
    USBD_IsoOUTIncomplete                    0x080021eb   Thumb Code    18  usbd_core.o(i.USBD_IsoOUTIncomplete)
    i.USBD_OTG_ISR_Handler                   0x080021fc   Section        0  usb_dcd_int.o(i.USBD_OTG_ISR_Handler)
    i.USBD_ParseSetupRequest                 0x080022dc   Section        0  usbd_req.o(i.USBD_ParseSetupRequest)
    i.USBD_Reset                             0x08002324   Section        0  usbd_core.o(i.USBD_Reset)
    USBD_Reset                               0x08002325   Thumb Code    50  usbd_core.o(i.USBD_Reset)
    i.USBD_Resume                            0x08002356   Section        0  usbd_core.o(i.USBD_Resume)
    USBD_Resume                              0x08002357   Thumb Code    30  usbd_core.o(i.USBD_Resume)
    i.USBD_RunTestMode                       0x08002374   Section        0  usbd_core.o(i.USBD_RunTestMode)
    USBD_RunTestMode                         0x08002375   Thumb Code    14  usbd_core.o(i.USBD_RunTestMode)
    i.USBD_SOF                               0x08002388   Section        0  usbd_core.o(i.USBD_SOF)
    USBD_SOF                                 0x08002389   Thumb Code    26  usbd_core.o(i.USBD_SOF)
    i.USBD_SetAddress                        0x080023a2   Section        0  usbd_req.o(i.USBD_SetAddress)
    USBD_SetAddress                          0x080023a3   Thumb Code    92  usbd_req.o(i.USBD_SetAddress)
    i.USBD_SetCfg                            0x080023fe   Section        0  usbd_core.o(i.USBD_SetCfg)
    i.USBD_SetConfig                         0x0800241c   Section        0  usbd_req.o(i.USBD_SetConfig)
    USBD_SetConfig                           0x0800241d   Thumb Code   204  usbd_req.o(i.USBD_SetConfig)
    i.USBD_SetFeature                        0x080024ec   Section        0  usbd_req.o(i.USBD_SetFeature)
    USBD_SetFeature                          0x080024ed   Thumb Code   172  usbd_req.o(i.USBD_SetFeature)
    i.USBD_SetupStage                        0x0800259c   Section        0  usbd_core.o(i.USBD_SetupStage)
    USBD_SetupStage                          0x0800259d   Thumb Code    84  usbd_core.o(i.USBD_SetupStage)
    i.USBD_StdDevReq                         0x080025f0   Section        0  usbd_req.o(i.USBD_StdDevReq)
    i.USBD_StdEPReq                          0x08002664   Section        0  usbd_req.o(i.USBD_StdEPReq)
    i.USBD_StdItfReq                         0x080027dc   Section        0  usbd_req.o(i.USBD_StdItfReq)
    i.USBD_Suspend                           0x08002828   Section        0  usbd_core.o(i.USBD_Suspend)
    USBD_Suspend                             0x08002829   Thumb Code    32  usbd_core.o(i.USBD_Suspend)
    i.USBD_USR_ConfigStrDescriptor           0x08002848   Section        0  usbd_desc.o(i.USBD_USR_ConfigStrDescriptor)
    i.USBD_USR_DeviceConfigured              0x0800287c   Section        0  usbd_usr.o(i.USBD_USR_DeviceConfigured)
    i.USBD_USR_DeviceConnected               0x0800287e   Section        0  usbd_usr.o(i.USBD_USR_DeviceConnected)
    i.USBD_USR_DeviceDescriptor              0x08002880   Section        0  usbd_desc.o(i.USBD_USR_DeviceDescriptor)
    i.USBD_USR_DeviceDisconnected            0x08002890   Section        0  usbd_usr.o(i.USBD_USR_DeviceDisconnected)
    i.USBD_USR_DeviceReset                   0x08002892   Section        0  usbd_usr.o(i.USBD_USR_DeviceReset)
    i.USBD_USR_DeviceResumed                 0x080028a4   Section        0  usbd_usr.o(i.USBD_USR_DeviceResumed)
    i.USBD_USR_DeviceSuspended               0x080028a6   Section        0  usbd_usr.o(i.USBD_USR_DeviceSuspended)
    i.USBD_USR_Init                          0x080028a8   Section        0  usbd_usr.o(i.USBD_USR_Init)
    i.USBD_USR_InterfaceStrDescriptor        0x080028ac   Section        0  usbd_desc.o(i.USBD_USR_InterfaceStrDescriptor)
    i.USBD_USR_LangIDStrDescriptor           0x080028e4   Section        0  usbd_desc.o(i.USBD_USR_LangIDStrDescriptor)
    i.USBD_USR_ManufacturerStrDescriptor     0x080028f4   Section        0  usbd_desc.o(i.USBD_USR_ManufacturerStrDescriptor)
    i.USBD_USR_ProductStrDescriptor          0x08002920   Section        0  usbd_desc.o(i.USBD_USR_ProductStrDescriptor)
    i.USBD_USR_SerialStrDescriptor           0x08002990   Section        0  usbd_desc.o(i.USBD_USR_SerialStrDescriptor)
    i.USBD_cdc_GetCfgDesc                    0x080029a8   Section        0  usbd_cdc_core.o(i.USBD_cdc_GetCfgDesc)
    USBD_cdc_GetCfgDesc                      0x080029a9   Thumb Code    10  usbd_cdc_core.o(i.USBD_cdc_GetCfgDesc)
    i.USBD_cdc_GetOtherCfgDesc               0x080029b8   Section        0  usbd_cdc_core.o(i.USBD_cdc_GetOtherCfgDesc)
    USBD_cdc_GetOtherCfgDesc                 0x080029b9   Thumb Code    10  usbd_cdc_core.o(i.USBD_cdc_GetOtherCfgDesc)
    i.USBH_Connected                         0x080029c8   Section        0  usbh_core.o(i.USBH_Connected)
    i.USBH_Disconnected                      0x080029d4   Section        0  usbh_core.o(i.USBH_Disconnected)
    i.USBH_OTG_ISR_Handler                   0x080029fc   Section        0  usb_hcd_int.o(i.USBH_OTG_ISR_Handler)
    i.USBH_PortDisabled                      0x08002aa4   Section        0  usbh_core.o(i.USBH_PortDisabled)
    i.USBH_PortEnabled                       0x08002ab0   Section        0  usbh_core.o(i.USBH_PortEnabled)
    i.USBH_SOF                               0x08002abc   Section        0  usbh_core.o(i.USBH_SOF)
    i.USB_OTG_BSP_DriveVBUS                  0x08002ac2   Section        0  usb_bsp.o(i.USB_OTG_BSP_DriveVBUS)
    i.USB_OTG_BSP_EnableInterrupt            0x08002ac4   Section        0  usb_bsp.o(i.USB_OTG_BSP_EnableInterrupt)
    i.USB_OTG_BSP_Init                       0x08002ae8   Section        0  usb_bsp.o(i.USB_OTG_BSP_Init)
    i.USB_OTG_BSP_mDelay                     0x08002b60   Section        0  usb_bsp.o(i.USB_OTG_BSP_mDelay)
    i.USB_OTG_BSP_uDelay                     0x08002b72   Section        0  usb_bsp.o(i.USB_OTG_BSP_uDelay)
    i.USB_OTG_CoreInit                       0x08002b90   Section        0  usb_core.o(i.USB_OTG_CoreInit)
    i.USB_OTG_CoreInitDev                    0x08002cc2   Section        0  usb_core.o(i.USB_OTG_CoreInitDev)
    i.USB_OTG_CoreReset                      0x08002f14   Section        0  usb_core.o(i.USB_OTG_CoreReset)
    USB_OTG_CoreReset                        0x08002f15   Thumb Code   108  usb_core.o(i.USB_OTG_CoreReset)
    i.USB_OTG_DisableGlobalInt               0x08002f84   Section        0  usb_core.o(i.USB_OTG_DisableGlobalInt)
    i.USB_OTG_EP0Activate                    0x08002fa6   Section        0  usb_core.o(i.USB_OTG_EP0Activate)
    i.USB_OTG_EP0StartXfer                   0x0800301a   Section        0  usb_core.o(i.USB_OTG_EP0StartXfer)
    i.USB_OTG_EP0_OutStart                   0x08003170   Section        0  usb_core.o(i.USB_OTG_EP0_OutStart)
    i.USB_OTG_EPActivate                     0x080031d2   Section        0  usb_core.o(i.USB_OTG_EPActivate)
    i.USB_OTG_EPClearStall                   0x08003282   Section        0  usb_core.o(i.USB_OTG_EPClearStall)
    i.USB_OTG_EPDeactivate                   0x080032d2   Section        0  usb_core.o(i.USB_OTG_EPDeactivate)
    i.USB_OTG_EPSetStall                     0x0800336c   Section        0  usb_core.o(i.USB_OTG_EPSetStall)
    i.USB_OTG_EPStartXfer                    0x080033d0   Section        0  usb_core.o(i.USB_OTG_EPStartXfer)
    i.USB_OTG_EnableCommonInt                0x080035ce   Section        0  usb_core.o(i.USB_OTG_EnableCommonInt)
    USB_OTG_EnableCommonInt                  0x080035cf   Thumb Code    52  usb_core.o(i.USB_OTG_EnableCommonInt)
    i.USB_OTG_EnableDevInt                   0x08003602   Section        0  usb_core.o(i.USB_OTG_EnableDevInt)
    i.USB_OTG_EnableGlobalInt                0x0800369c   Section        0  usb_core.o(i.USB_OTG_EnableGlobalInt)
    i.USB_OTG_FlushRxFifo                    0x080036c0   Section        0  usb_core.o(i.USB_OTG_FlushRxFifo)
    i.USB_OTG_FlushTxFifo                    0x0800370c   Section        0  usb_core.o(i.USB_OTG_FlushTxFifo)
    i.USB_OTG_GetDeviceSpeed                 0x08003760   Section        0  usb_core.o(i.USB_OTG_GetDeviceSpeed)
    i.USB_OTG_GetMode                        0x08003798   Section        0  usb_core.o(i.USB_OTG_GetMode)
    i.USB_OTG_HC_DoPing                      0x080037a4   Section        0  usb_core.o(i.USB_OTG_HC_DoPing)
    i.USB_OTG_HC_Halt                        0x080037fe   Section        0  usb_core.o(i.USB_OTG_HC_Halt)
    i.USB_OTG_InitDevSpeed                   0x08003898   Section        0  usb_core.o(i.USB_OTG_InitDevSpeed)
    i.USB_OTG_InitFSLSPClkSel                0x080038b0   Section        0  usb_core.o(i.USB_OTG_InitFSLSPClkSel)
    i.USB_OTG_IsDeviceMode                   0x080038c8   Section        0  usb_core.o(i.USB_OTG_IsDeviceMode)
    i.USB_OTG_IsHostMode                     0x080038de   Section        0  usb_core.o(i.USB_OTG_IsHostMode)
    i.USB_OTG_ReadCoreItr                    0x080038f2   Section        0  usb_core.o(i.USB_OTG_ReadCoreItr)
    i.USB_OTG_ReadDevAllInEPItr              0x08003902   Section        0  usb_core.o(i.USB_OTG_ReadDevAllInEPItr)
    i.USB_OTG_ReadDevAllOutEp_itr            0x08003912   Section        0  usb_core.o(i.USB_OTG_ReadDevAllOutEp_itr)
    i.USB_OTG_ReadDevOutEP_itr               0x08003922   Section        0  usb_core.o(i.USB_OTG_ReadDevOutEP_itr)
    i.USB_OTG_ReadHostAllChannels_intr       0x08003936   Section        0  usb_core.o(i.USB_OTG_ReadHostAllChannels_intr)
    i.USB_OTG_ReadPacket                     0x0800393e   Section        0  usb_core.o(i.USB_OTG_ReadPacket)
    i.USB_OTG_SelectCore                     0x08003968   Section        0  usb_core.o(i.USB_OTG_SelectCore)
    i.USB_OTG_SetCurrentMode                 0x08003a40   Section        0  usb_core.o(i.USB_OTG_SetCurrentMode)
    i.USB_OTG_USBH_handle_Disconnect_ISR     0x08003a90   Section        0  usb_hcd_int.o(i.USB_OTG_USBH_handle_Disconnect_ISR)
    USB_OTG_USBH_handle_Disconnect_ISR       0x08003a91   Thumb Code    40  usb_hcd_int.o(i.USB_OTG_USBH_handle_Disconnect_ISR)
    i.USB_OTG_USBH_handle_IncompletePeriodicXfer_ISR 0x08003abc   Section        0  usb_hcd_int.o(i.USB_OTG_USBH_handle_IncompletePeriodicXfer_ISR)
    USB_OTG_USBH_handle_IncompletePeriodicXfer_ISR 0x08003abd   Thumb Code    70  usb_hcd_int.o(i.USB_OTG_USBH_handle_IncompletePeriodicXfer_ISR)
    i.USB_OTG_USBH_handle_hc_ISR             0x08003b02   Section        0  usb_hcd_int.o(i.USB_OTG_USBH_handle_hc_ISR)
    USB_OTG_USBH_handle_hc_ISR               0x08003b03   Thumb Code    86  usb_hcd_int.o(i.USB_OTG_USBH_handle_hc_ISR)
    i.USB_OTG_USBH_handle_hc_n_In_ISR        0x08003b58   Section        0  usb_hcd_int.o(i.USB_OTG_USBH_handle_hc_n_In_ISR)
    USB_OTG_USBH_handle_hc_n_In_ISR          0x08003b59   Thumb Code  1054  usb_hcd_int.o(i.USB_OTG_USBH_handle_hc_n_In_ISR)
    i.USB_OTG_USBH_handle_hc_n_Out_ISR       0x08003f76   Section        0  usb_hcd_int.o(i.USB_OTG_USBH_handle_hc_n_Out_ISR)
    USB_OTG_USBH_handle_hc_n_Out_ISR         0x08003f77   Thumb Code   952  usb_hcd_int.o(i.USB_OTG_USBH_handle_hc_n_Out_ISR)
    i.USB_OTG_USBH_handle_nptxfempty_ISR     0x0800432e   Section        0  usb_hcd_int.o(i.USB_OTG_USBH_handle_nptxfempty_ISR)
    USB_OTG_USBH_handle_nptxfempty_ISR       0x0800432f   Thumb Code   310  usb_hcd_int.o(i.USB_OTG_USBH_handle_nptxfempty_ISR)
    i.USB_OTG_USBH_handle_port_ISR           0x08004464   Section        0  usb_hcd_int.o(i.USB_OTG_USBH_handle_port_ISR)
    USB_OTG_USBH_handle_port_ISR             0x08004465   Thumb Code   310  usb_hcd_int.o(i.USB_OTG_USBH_handle_port_ISR)
    i.USB_OTG_USBH_handle_ptxfempty_ISR      0x080045a0   Section        0  usb_hcd_int.o(i.USB_OTG_USBH_handle_ptxfempty_ISR)
    USB_OTG_USBH_handle_ptxfempty_ISR        0x080045a1   Thumb Code   310  usb_hcd_int.o(i.USB_OTG_USBH_handle_ptxfempty_ISR)
    i.USB_OTG_USBH_handle_rx_qlvl_ISR        0x080046d6   Section        0  usb_hcd_int.o(i.USB_OTG_USBH_handle_rx_qlvl_ISR)
    USB_OTG_USBH_handle_rx_qlvl_ISR          0x080046d7   Thumb Code   356  usb_hcd_int.o(i.USB_OTG_USBH_handle_rx_qlvl_ISR)
    i.USB_OTG_USBH_handle_sof_ISR            0x0800483c   Section        0  usb_hcd_int.o(i.USB_OTG_USBH_handle_sof_ISR)
    USB_OTG_USBH_handle_sof_ISR              0x0800483d   Thumb Code    38  usb_hcd_int.o(i.USB_OTG_USBH_handle_sof_ISR)
    i.USB_OTG_WritePacket                    0x08004868   Section        0  usb_core.o(i.USB_OTG_WritePacket)
    i.VCP_Ctrl                               0x080048a6   Section        0  usbd_cdc_if.o(i.VCP_Ctrl)
    VCP_Ctrl                                 0x080048a7   Thumb Code    68  usbd_cdc_if.o(i.VCP_Ctrl)
    i.VCP_DataRx                             0x080048ea   Section        0  usbd_cdc_if.o(i.VCP_DataRx)
    VCP_DataRx                               0x080048eb   Thumb Code    16  usbd_cdc_if.o(i.VCP_DataRx)
    i.VCP_DataTx                             0x080048fc   Section        0  usbd_cdc_if.o(i.VCP_DataTx)
    VCP_DataTx                               0x080048fd   Thumb Code    42  usbd_cdc_if.o(i.VCP_DataTx)
    i.VCP_DeInit                             0x0800492c   Section        0  usbd_cdc_if.o(i.VCP_DeInit)
    VCP_DeInit                               0x0800492d   Thumb Code     4  usbd_cdc_if.o(i.VCP_DeInit)
    i.VCP_Init                               0x08004930   Section        0  usbd_cdc_if.o(i.VCP_Init)
    VCP_Init                                 0x08004931   Thumb Code     4  usbd_cdc_if.o(i.VCP_Init)
    i.delay_init                             0x08004934   Section        0  delay.o(i.delay_init)
    i.delay_ms                               0x0800496c   Section        0  delay.o(i.delay_ms)
    i.main                                   0x080049d0   Section        0  main.o(i.main)
    i.usbd_cdc_DataIn                        0x08004a18   Section        0  usbd_cdc_core.o(i.usbd_cdc_DataIn)
    i.usbd_cdc_DataOut                       0x08004ad4   Section        0  usbd_cdc_core.o(i.usbd_cdc_DataOut)
    i.usbd_cdc_DeInit                        0x08004b10   Section        0  usbd_cdc_core.o(i.usbd_cdc_DeInit)
    i.usbd_cdc_EP0_RxReady                   0x08004b3c   Section        0  usbd_cdc_core.o(i.usbd_cdc_EP0_RxReady)
    i.usbd_cdc_Init                          0x08004b74   Section        0  usbd_cdc_core.o(i.usbd_cdc_Init)
    i.usbd_cdc_SOF                           0x08004bcc   Section        0  usbd_cdc_core.o(i.usbd_cdc_SOF)
    i.usbd_cdc_Setup                         0x08004bf4   Section        0  usbd_cdc_core.o(i.usbd_cdc_Setup)
    x$fpl$fpinit                             0x08004cb8   Section       10  fpinit.o(x$fpl$fpinit)
    $v0                                      0x08004cb8   Number         0  fpinit.o(x$fpl$fpinit)
    .data                                    0x20000000   Section        8  delay.o(.data)
    fac_us                                   0x20000000   Data           4  delay.o(.data)
    fac_ms                                   0x20000004   Data           4  delay.o(.data)
    .data                                    0x20000008   Section        4  usart1.o(.data)
    .data                                    0x2000000c   Section        4  usart2.o(.data)
    .data                                    0x20000010   Section       24  sdio_sd.o(.data)
    CardType                                 0x20000010   Data           4  sdio_sd.o(.data)
    RCA                                      0x20000014   Data           4  sdio_sd.o(.data)
    .data                                    0x20000028   Section       16  stm32f4xx_rcc.o(.data)
    APBAHBPrescTable                         0x20000028   Data          16  stm32f4xx_rcc.o(.data)
    .data                                    0x20000038   Section       20  system_stm32f4xx.o(.data)
    .data                                    0x2000004c   Section       30  usbh_core.o(.data)
    timeout                                  0x20000068   Data           2  usbh_core.o(.data)
    .data                                    0x2000006c   Section       52  usbd_core.o(.data)
    .data                                    0x200000a0   Section       13  usbd_req.o(.data)
    cfgidx                                   0x200000ac   Data           1  usbd_req.o(.data)
    .data                                    0x200000b0   Section      224  usbd_cdc_core.o(.data)
    usbd_cdc_AltSet                          0x200000b0   Data           4  usbd_cdc_core.o(.data)
    cdcCmd                                   0x200000cc   Data           4  usbd_cdc_core.o(.data)
    cdcLen                                   0x200000d0   Data           4  usbd_cdc_core.o(.data)
    FrameCount                               0x2000018c   Data           4  usbd_cdc_core.o(.data)
    .data                                    0x20000190   Section       20  usbd_cdc_if.o(.data)
    .data                                    0x200001a4   Section       28  usbd_usr.o(.data)
    .data                                    0x200001c0   Section       90  usbd_desc.o(.data)
    .bss                                     0x2000021c   Section     3072  usbd_cdc_core.o(.bss)
    .bss                                     0x20000e1c   Section     2840  usb_app.o(.bss)
    .bss                                     0x20001934   Section       64  usbd_desc.o(.bss)
    .bss                                     0x20001974   Section       96  libspace.o(.bss)
    HEAP                                     0x200019d8   Section     3840  startup_stm32f40_41xxx.o(HEAP)
    Heap_Mem                                 0x200019d8   Data        3840  startup_stm32f40_41xxx.o(HEAP)
    STACK                                    0x200028d8   Section     2048  startup_stm32f40_41xxx.o(STACK)
    Stack_Mem                                0x200028d8   Data        2048  startup_stm32f40_41xxx.o(STACK)
    __initial_sp                             0x200030d8   Data           0  startup_stm32f40_41xxx.o(STACK)

    Global Symbols

    Symbol Name                              Value     Ov Type        Size  Object(Section)

    BuildAttributes$$THM_ISAv4$E$P$D$K$B$S$7EM$VFPi3$EXTD16$VFPS$VFMA$PE$A:L22UL41UL21$X:L11$S22US41US21$IEEE1$IW$USESV6$~STKCKD$USESV7$~SHL$OTIME$ROPI$EBA8$UX$STANDARDLIB$REQ8$PRES8$EABIv2 0x00000000   Number         0  anon$$obj.o ABSOLUTE
    __ARM_use_no_argv                        0x00000000   Number         0  main.o ABSOLUTE
    __ARM_exceptions_init                     - Undefined Weak Reference
    __alloca_initialize                       - Undefined Weak Reference
    __arm_preinit_                            - Undefined Weak Reference
    __cpp_initialize__aeabi_                  - Undefined Weak Reference
    __cxa_finalize                            - Undefined Weak Reference
    __rt_locale                               - Undefined Weak Reference
    __sigvec_lookup                           - Undefined Weak Reference
    __user_heap_extent                        - Undefined Weak Reference
    _atexit_init                              - Undefined Weak Reference
    _call_atexit_fns                          - Undefined Weak Reference
    _clock_init                               - Undefined Weak Reference
    _fp_trap_init                             - Undefined Weak Reference
    _fp_trap_shutdown                         - Undefined Weak Reference
    _get_lc_collate                           - Undefined Weak Reference
    _get_lc_ctype                             - Undefined Weak Reference
    _get_lc_monetary                          - Undefined Weak Reference
    _get_lc_numeric                           - Undefined Weak Reference
    _get_lc_time                              - Undefined Weak Reference
    _getenv_init                              - Undefined Weak Reference
    _handle_redirection                       - Undefined Weak Reference
    _initio                                   - Undefined Weak Reference
    _mutex_acquire                            - Undefined Weak Reference
    _mutex_free                               - Undefined Weak Reference
    _mutex_release                            - Undefined Weak Reference
    _rand_init                                - Undefined Weak Reference
    _signal_finish                            - Undefined Weak Reference
    _signal_init                              - Undefined Weak Reference
    _terminateio                              - Undefined Weak Reference
    __Vectors_Size                           0x00000188   Number         0  startup_stm32f40_41xxx.o ABSOLUTE
    __Vectors                                0x08000000   Data           4  startup_stm32f40_41xxx.o(RESET)
    __Vectors_End                            0x08000188   Data           0  startup_stm32f40_41xxx.o(RESET)
    __main                                   0x08000189   Thumb Code     8  __main.o(!!!main)
    __scatterload                            0x08000191   Thumb Code     0  __scatter.o(!!!scatter)
    __scatterload_rt2                        0x08000191   Thumb Code    44  __scatter.o(!!!scatter)
    __scatterload_rt2_thumb_only             0x08000191   Thumb Code     0  __scatter.o(!!!scatter)
    __scatterload_null                       0x0800019f   Thumb Code     0  __scatter.o(!!!scatter)
    __decompress                             0x080001c5   Thumb Code    90  __dczerorl2.o(!!dczerorl2)
    __decompress1                            0x080001c5   Thumb Code     0  __dczerorl2.o(!!dczerorl2)
    __scatterload_zeroinit                   0x08000221   Thumb Code    28  __scatter_zi.o(!!handler_zi)
    __rt_lib_init                            0x0800023d   Thumb Code     0  libinit.o(.ARM.Collect$$libinit$$00000000)
    __rt_lib_init_fp_1                       0x0800023f   Thumb Code     0  libinit2.o(.ARM.Collect$$libinit$$00000001)
    __rt_lib_init_alloca_1                   0x08000243   Thumb Code     0  libinit2.o(.ARM.Collect$$libinit$$0000002E)
    __rt_lib_init_argv_1                     0x08000243   Thumb Code     0  libinit2.o(.ARM.Collect$$libinit$$0000002C)
    __rt_lib_init_atexit_1                   0x08000243   Thumb Code     0  libinit2.o(.ARM.Collect$$libinit$$0000001B)
    __rt_lib_init_clock_1                    0x08000243   Thumb Code     0  libinit2.o(.ARM.Collect$$libinit$$00000021)
    __rt_lib_init_cpp_1                      0x08000243   Thumb Code     0  libinit2.o(.ARM.Collect$$libinit$$00000032)
    __rt_lib_init_exceptions_1               0x08000243   Thumb Code     0  libinit2.o(.ARM.Collect$$libinit$$00000030)
    __rt_lib_init_fp_trap_1                  0x08000243   Thumb Code     0  libinit2.o(.ARM.Collect$$libinit$$0000001F)
    __rt_lib_init_getenv_1                   0x08000243   Thumb Code     0  libinit2.o(.ARM.Collect$$libinit$$00000023)
    __rt_lib_init_heap_1                     0x08000243   Thumb Code     0  libinit2.o(.ARM.Collect$$libinit$$0000000A)
    __rt_lib_init_lc_collate_1               0x08000243   Thumb Code     0  libinit2.o(.ARM.Collect$$libinit$$00000011)
    __rt_lib_init_lc_ctype_1                 0x08000243   Thumb Code     0  libinit2.o(.ARM.Collect$$libinit$$00000013)
    __rt_lib_init_lc_monetary_1              0x08000243   Thumb Code     0  libinit2.o(.ARM.Collect$$libinit$$00000015)
    __rt_lib_init_lc_numeric_1               0x08000243   Thumb Code     0  libinit2.o(.ARM.Collect$$libinit$$00000017)
    __rt_lib_init_lc_time_1                  0x08000243   Thumb Code     0  libinit2.o(.ARM.Collect$$libinit$$00000019)
    __rt_lib_init_preinit_1                  0x08000243   Thumb Code     0  libinit2.o(.ARM.Collect$$libinit$$00000004)
    __rt_lib_init_rand_1                     0x08000243   Thumb Code     0  libinit2.o(.ARM.Collect$$libinit$$0000000E)
    __rt_lib_init_return                     0x08000243   Thumb Code     0  libinit2.o(.ARM.Collect$$libinit$$00000033)
    __rt_lib_init_signal_1                   0x08000243   Thumb Code     0  libinit2.o(.ARM.Collect$$libinit$$0000001D)
    __rt_lib_init_stdio_1                    0x08000243   Thumb Code     0  libinit2.o(.ARM.Collect$$libinit$$00000025)
    __rt_lib_init_user_alloc_1               0x08000243   Thumb Code     0  libinit2.o(.ARM.Collect$$libinit$$0000000C)
    __rt_lib_shutdown                        0x08000245   Thumb Code     0  libshutdown.o(.ARM.Collect$$libshutdown$$00000000)
    __rt_lib_shutdown_cpp_1                  0x08000247   Thumb Code     0  libshutdown2.o(.ARM.Collect$$libshutdown$$00000002)
    __rt_lib_shutdown_fp_trap_1              0x08000247   Thumb Code     0  libshutdown2.o(.ARM.Collect$$libshutdown$$00000007)
    __rt_lib_shutdown_heap_1                 0x08000247   Thumb Code     0  libshutdown2.o(.ARM.Collect$$libshutdown$$0000000F)
    __rt_lib_shutdown_return                 0x08000247   Thumb Code     0  libshutdown2.o(.ARM.Collect$$libshutdown$$00000010)
    __rt_lib_shutdown_signal_1               0x08000247   Thumb Code     0  libshutdown2.o(.ARM.Collect$$libshutdown$$0000000A)
    __rt_lib_shutdown_stdio_1                0x08000247   Thumb Code     0  libshutdown2.o(.ARM.Collect$$libshutdown$$00000004)
    __rt_lib_shutdown_user_alloc_1           0x08000247   Thumb Code     0  libshutdown2.o(.ARM.Collect$$libshutdown$$0000000C)
    __rt_entry                               0x08000249   Thumb Code     0  __rtentry.o(.ARM.Collect$$rtentry$$00000000)
    __rt_entry_presh_1                       0x08000249   Thumb Code     0  __rtentry2.o(.ARM.Collect$$rtentry$$00000002)
    __rt_entry_sh                            0x08000249   Thumb Code     0  __rtentry4.o(.ARM.Collect$$rtentry$$00000004)
    __rt_entry_li                            0x0800024f   Thumb Code     0  __rtentry2.o(.ARM.Collect$$rtentry$$0000000A)
    __rt_entry_postsh_1                      0x0800024f   Thumb Code     0  __rtentry2.o(.ARM.Collect$$rtentry$$00000009)
    __rt_entry_main                          0x08000253   Thumb Code     0  __rtentry2.o(.ARM.Collect$$rtentry$$0000000D)
    __rt_entry_postli_1                      0x08000253   Thumb Code     0  __rtentry2.o(.ARM.Collect$$rtentry$$0000000C)
    __rt_exit                                0x0800025b   Thumb Code     0  rtexit.o(.ARM.Collect$$rtexit$$00000000)
    __rt_exit_ls                             0x0800025d   Thumb Code     0  rtexit2.o(.ARM.Collect$$rtexit$$00000003)
    __rt_exit_prels_1                        0x0800025d   Thumb Code     0  rtexit2.o(.ARM.Collect$$rtexit$$00000002)
    __rt_exit_exit                           0x08000261   Thumb Code     0  rtexit2.o(.ARM.Collect$$rtexit$$00000004)
    Reset_Handler                            0x08000269   Thumb Code     8  startup_stm32f40_41xxx.o(.text)
    NMI_Handler                              0x08000271   Thumb Code     2  startup_stm32f40_41xxx.o(.text)
    HardFault_Handler                        0x08000273   Thumb Code     2  startup_stm32f40_41xxx.o(.text)
    MemManage_Handler                        0x08000275   Thumb Code     2  startup_stm32f40_41xxx.o(.text)
    BusFault_Handler                         0x08000277   Thumb Code     2  startup_stm32f40_41xxx.o(.text)
    UsageFault_Handler                       0x08000279   Thumb Code     2  startup_stm32f40_41xxx.o(.text)
    SVC_Handler                              0x0800027b   Thumb Code     2  startup_stm32f40_41xxx.o(.text)
    DebugMon_Handler                         0x0800027d   Thumb Code     2  startup_stm32f40_41xxx.o(.text)
    PendSV_Handler                           0x0800027f   Thumb Code     2  startup_stm32f40_41xxx.o(.text)
    SysTick_Handler                          0x08000281   Thumb Code     2  startup_stm32f40_41xxx.o(.text)
    ADC_IRQHandler                           0x08000283   Thumb Code     0  startup_stm32f40_41xxx.o(.text)
    CAN1_RX0_IRQHandler                      0x08000283   Thumb Code     0  startup_stm32f40_41xxx.o(.text)
    CAN1_RX1_IRQHandler                      0x08000283   Thumb Code     0  startup_stm32f40_41xxx.o(.text)
    CAN1_SCE_IRQHandler                      0x08000283   Thumb Code     0  startup_stm32f40_41xxx.o(.text)
    CAN1_TX_IRQHandler                       0x08000283   Thumb Code     0  startup_stm32f40_41xxx.o(.text)
    CAN2_RX0_IRQHandler                      0x08000283   Thumb Code     0  startup_stm32f40_41xxx.o(.text)
    CAN2_RX1_IRQHandler                      0x08000283   Thumb Code     0  startup_stm32f40_41xxx.o(.text)
    CAN2_SCE_IRQHandler                      0x08000283   Thumb Code     0  startup_stm32f40_41xxx.o(.text)
    CAN2_TX_IRQHandler                       0x08000283   Thumb Code     0  startup_stm32f40_41xxx.o(.text)
    CRYP_IRQHandler                          0x08000283   Thumb Code     0  startup_stm32f40_41xxx.o(.text)
    DCMI_IRQHandler                          0x08000283   Thumb Code     0  startup_stm32f40_41xxx.o(.text)
    DMA1_Stream0_IRQHandler                  0x08000283   Thumb Code     0  startup_stm32f40_41xxx.o(.text)
    DMA1_Stream1_IRQHandler                  0x08000283   Thumb Code     0  startup_stm32f40_41xxx.o(.text)
    DMA1_Stream2_IRQHandler                  0x08000283   Thumb Code     0  startup_stm32f40_41xxx.o(.text)
    DMA1_Stream3_IRQHandler                  0x08000283   Thumb Code     0  startup_stm32f40_41xxx.o(.text)
    DMA1_Stream4_IRQHandler                  0x08000283   Thumb Code     0  startup_stm32f40_41xxx.o(.text)
    DMA1_Stream5_IRQHandler                  0x08000283   Thumb Code     0  startup_stm32f40_41xxx.o(.text)
    DMA1_Stream7_IRQHandler                  0x08000283   Thumb Code     0  startup_stm32f40_41xxx.o(.text)
    DMA2_Stream0_IRQHandler                  0x08000283   Thumb Code     0  startup_stm32f40_41xxx.o(.text)
    DMA2_Stream1_IRQHandler                  0x08000283   Thumb Code     0  startup_stm32f40_41xxx.o(.text)
    DMA2_Stream2_IRQHandler                  0x08000283   Thumb Code     0  startup_stm32f40_41xxx.o(.text)
    DMA2_Stream4_IRQHandler                  0x08000283   Thumb Code     0  startup_stm32f40_41xxx.o(.text)
    DMA2_Stream5_IRQHandler                  0x08000283   Thumb Code     0  startup_stm32f40_41xxx.o(.text)
    DMA2_Stream6_IRQHandler                  0x08000283   Thumb Code     0  startup_stm32f40_41xxx.o(.text)
    DMA2_Stream7_IRQHandler                  0x08000283   Thumb Code     0  startup_stm32f40_41xxx.o(.text)
    ETH_IRQHandler                           0x08000283   Thumb Code     0  startup_stm32f40_41xxx.o(.text)
    ETH_WKUP_IRQHandler                      0x08000283   Thumb Code     0  startup_stm32f40_41xxx.o(.text)
    EXTI0_IRQHandler                         0x08000283   Thumb Code     0  startup_stm32f40_41xxx.o(.text)
    EXTI15_10_IRQHandler                     0x08000283   Thumb Code     0  startup_stm32f40_41xxx.o(.text)
    EXTI1_IRQHandler                         0x08000283   Thumb Code     0  startup_stm32f40_41xxx.o(.text)
    EXTI2_IRQHandler                         0x08000283   Thumb Code     0  startup_stm32f40_41xxx.o(.text)
    EXTI3_IRQHandler                         0x08000283   Thumb Code     0  startup_stm32f40_41xxx.o(.text)
    EXTI4_IRQHandler                         0x08000283   Thumb Code     0  startup_stm32f40_41xxx.o(.text)
    EXTI9_5_IRQHandler                       0x08000283   Thumb Code     0  startup_stm32f40_41xxx.o(.text)
    FLASH_IRQHandler                         0x08000283   Thumb Code     0  startup_stm32f40_41xxx.o(.text)
    FPU_IRQHandler                           0x08000283   Thumb Code     0  startup_stm32f40_41xxx.o(.text)
    FSMC_IRQHandler                          0x08000283   Thumb Code     0  startup_stm32f40_41xxx.o(.text)
    HASH_RNG_IRQHandler                      0x08000283   Thumb Code     0  startup_stm32f40_41xxx.o(.text)
    I2C1_ER_IRQHandler                       0x08000283   Thumb Code     0  startup_stm32f40_41xxx.o(.text)
    I2C1_EV_IRQHandler                       0x08000283   Thumb Code     0  startup_stm32f40_41xxx.o(.text)
    I2C2_ER_IRQHandler                       0x08000283   Thumb Code     0  startup_stm32f40_41xxx.o(.text)
    I2C2_EV_IRQHandler                       0x08000283   Thumb Code     0  startup_stm32f40_41xxx.o(.text)
    I2C3_ER_IRQHandler                       0x08000283   Thumb Code     0  startup_stm32f40_41xxx.o(.text)
    I2C3_EV_IRQHandler                       0x08000283   Thumb Code     0  startup_stm32f40_41xxx.o(.text)
    OTG_FS_WKUP_IRQHandler                   0x08000283   Thumb Code     0  startup_stm32f40_41xxx.o(.text)
    OTG_HS_EP1_IN_IRQHandler                 0x08000283   Thumb Code     0  startup_stm32f40_41xxx.o(.text)
    OTG_HS_EP1_OUT_IRQHandler                0x08000283   Thumb Code     0  startup_stm32f40_41xxx.o(.text)
    OTG_HS_IRQHandler                        0x08000283   Thumb Code     0  startup_stm32f40_41xxx.o(.text)
    OTG_HS_WKUP_IRQHandler                   0x08000283   Thumb Code     0  startup_stm32f40_41xxx.o(.text)
    PVD_IRQHandler                           0x08000283   Thumb Code     0  startup_stm32f40_41xxx.o(.text)
    RCC_IRQHandler                           0x08000283   Thumb Code     0  startup_stm32f40_41xxx.o(.text)
    RTC_Alarm_IRQHandler                     0x08000283   Thumb Code     0  startup_stm32f40_41xxx.o(.text)
    RTC_WKUP_IRQHandler                      0x08000283   Thumb Code     0  startup_stm32f40_41xxx.o(.text)
    SPI1_IRQHandler                          0x08000283   Thumb Code     0  startup_stm32f40_41xxx.o(.text)
    SPI2_IRQHandler                          0x08000283   Thumb Code     0  startup_stm32f40_41xxx.o(.text)
    SPI3_IRQHandler                          0x08000283   Thumb Code     0  startup_stm32f40_41xxx.o(.text)
    TAMP_STAMP_IRQHandler                    0x08000283   Thumb Code     0  startup_stm32f40_41xxx.o(.text)
    TIM1_BRK_TIM9_IRQHandler                 0x08000283   Thumb Code     0  startup_stm32f40_41xxx.o(.text)
    TIM1_CC_IRQHandler                       0x08000283   Thumb Code     0  startup_stm32f40_41xxx.o(.text)
    TIM1_TRG_COM_TIM11_IRQHandler            0x08000283   Thumb Code     0  startup_stm32f40_41xxx.o(.text)
    TIM1_UP_TIM10_IRQHandler                 0x08000283   Thumb Code     0  startup_stm32f40_41xxx.o(.text)
    TIM2_IRQHandler                          0x08000283   Thumb Code     0  startup_stm32f40_41xxx.o(.text)
    TIM3_IRQHandler                          0x08000283   Thumb Code     0  startup_stm32f40_41xxx.o(.text)
    TIM4_IRQHandler                          0x08000283   Thumb Code     0  startup_stm32f40_41xxx.o(.text)
    TIM5_IRQHandler                          0x08000283   Thumb Code     0  startup_stm32f40_41xxx.o(.text)
    TIM6_DAC_IRQHandler                      0x08000283   Thumb Code     0  startup_stm32f40_41xxx.o(.text)
    TIM7_IRQHandler                          0x08000283   Thumb Code     0  startup_stm32f40_41xxx.o(.text)
    TIM8_BRK_TIM12_IRQHandler                0x08000283   Thumb Code     0  startup_stm32f40_41xxx.o(.text)
    TIM8_CC_IRQHandler                       0x08000283   Thumb Code     0  startup_stm32f40_41xxx.o(.text)
    TIM8_TRG_COM_TIM14_IRQHandler            0x08000283   Thumb Code     0  startup_stm32f40_41xxx.o(.text)
    TIM8_UP_TIM13_IRQHandler                 0x08000283   Thumb Code     0  startup_stm32f40_41xxx.o(.text)
    UART4_IRQHandler                         0x08000283   Thumb Code     0  startup_stm32f40_41xxx.o(.text)
    UART5_IRQHandler                         0x08000283   Thumb Code     0  startup_stm32f40_41xxx.o(.text)
    USART3_IRQHandler                        0x08000283   Thumb Code     0  startup_stm32f40_41xxx.o(.text)
    USART6_IRQHandler                        0x08000283   Thumb Code     0  startup_stm32f40_41xxx.o(.text)
    WWDG_IRQHandler                          0x08000283   Thumb Code     0  startup_stm32f40_41xxx.o(.text)
    __user_initial_stackheap                 0x08000285   Thumb Code     0  startup_stm32f40_41xxx.o(.text)
    __use_two_region_memory                  0x080002a9   Thumb Code     2  heapauxi.o(.text)
    __rt_heap_escrow                         0x080002ab   Thumb Code     2  heapauxi.o(.text)
    __rt_heap_expand                         0x080002ad   Thumb Code     2  heapauxi.o(.text)
    __user_libspace                          0x080002b1   Thumb Code     8  libspace.o(.text)
    __user_perproc_libspace                  0x080002b1   Thumb Code     0  libspace.o(.text)
    __user_perthread_libspace                0x080002b1   Thumb Code     0  libspace.o(.text)
    __I$use$semihosting                      0x080002b9   Thumb Code     0  use_no_semi.o(.text)
    __use_no_semihosting_swi                 0x080002b9   Thumb Code     2  use_no_semi.o(.text)
    __semihosting_library_function           0x080002bb   Thumb Code     0  indicate_semi.o(.text)
    __user_setup_stackheap                   0x080002bb   Thumb Code    74  sys_stackheap_outer.o(.text)
    exit                                     0x08000305   Thumb Code    18  exit.o(.text)
    _sys_exit                                0x08000319   Thumb Code     8  sys_exit.o(.text)
    DCD_EP_Close                             0x08000325   Thumb Code    74  usb_dcd.o(i.DCD_EP_Close)
    DCD_EP_ClrStall                          0x0800036f   Thumb Code    72  usb_dcd.o(i.DCD_EP_ClrStall)
    DCD_EP_Open                              0x080003b7   Thumb Code   104  usb_dcd.o(i.DCD_EP_Open)
    DCD_EP_PrepareRx                         0x0800041f   Thumb Code    82  usb_dcd.o(i.DCD_EP_PrepareRx)
    DCD_EP_SetAddress                        0x08000471   Thumb Code    28  usb_dcd.o(i.DCD_EP_SetAddress)
    DCD_EP_Stall                             0x0800048d   Thumb Code    72  usb_dcd.o(i.DCD_EP_Stall)
    DCD_EP_Tx                                0x080004d5   Thumb Code    78  usb_dcd.o(i.DCD_EP_Tx)
    DCD_Init                                 0x08000be5   Thumb Code   156  usb_dcd.o(i.DCD_Init)
    DMA1_Stream6_IRQHandler                  0x08000dad   Thumb Code    38  usart2.o(i.DMA1_Stream6_IRQHandler)
    DMA2_Stream3_IRQHandler                  0x08000de1   Thumb Code     8  sdio_sd.o(i.DMA2_Stream3_IRQHandler)
    DMA_ClearFlag                            0x08000de9   Thumb Code    38  stm32f4xx_dma.o(i.DMA_ClearFlag)
    DMA_ClearITPendingBit                    0x08000e1d   Thumb Code    38  stm32f4xx_dma.o(i.DMA_ClearITPendingBit)
    DMA_Cmd                                  0x08000e51   Thumb Code    22  stm32f4xx_dma.o(i.DMA_Cmd)
    DMA_GetITStatus                          0x08000e69   Thumb Code    82  stm32f4xx_dma.o(i.DMA_GetITStatus)
    FSMC_NORSRAMCmd                          0x08000ecd   Thumb Code    46  stm32f4xx_fsmc.o(i.FSMC_NORSRAMCmd)
    FSMC_NORSRAMInit                         0x08000f01   Thumb Code   282  stm32f4xx_fsmc.o(i.FSMC_NORSRAMInit)
    FSMC_SRAM_Init                           0x08001025   Thumb Code   694  sram.o(i.FSMC_SRAM_Init)
    GPIO_Init                                0x080012f1   Thumb Code   144  stm32f4xx_gpio.o(i.GPIO_Init)
    GPIO_PinAFConfig                         0x08001381   Thumb Code    70  stm32f4xx_gpio.o(i.GPIO_PinAFConfig)
    GPIO_ResetBits                           0x080013c7   Thumb Code     4  stm32f4xx_gpio.o(i.GPIO_ResetBits)
    GPIO_SetBits                             0x080013cb   Thumb Code     4  stm32f4xx_gpio.o(i.GPIO_SetBits)
    MG_Output                                0x08001537   Thumb Code    56  gpio.o(i.MG_Output)
    MG_PIN_F                                 0x0800156f   Thumb Code   110  gpio.o(i.MG_PIN_F)
    MG_PORT_F                                0x080015dd   Thumb Code    54  gpio.o(i.MG_PORT_F)
    MG_RCC                                   0x08001635   Thumb Code   104  gpio.o(i.MG_RCC)
    MG_Set                                   0x0800169d   Thumb Code    50  gpio.o(i.MG_Set)
    NVIC_Init                                0x080016d1   Thumb Code   106  misc.o(i.NVIC_Init)
    NVIC_PriorityGroupConfig                 0x08001749   Thumb Code    10  misc.o(i.NVIC_PriorityGroupConfig)
    OTG_FS_IRQHandler                        0x0800175d   Thumb Code    26  usb_app.o(i.OTG_FS_IRQHandler)
    RCC_AHB1PeriphClockCmd                   0x0800177d   Thumb Code    26  stm32f4xx_rcc.o(i.RCC_AHB1PeriphClockCmd)
    RCC_AHB2PeriphClockCmd                   0x0800179d   Thumb Code    26  stm32f4xx_rcc.o(i.RCC_AHB2PeriphClockCmd)
    RCC_AHB3PeriphClockCmd                   0x080017bd   Thumb Code    26  stm32f4xx_rcc.o(i.RCC_AHB3PeriphClockCmd)
    RCC_GetClocksFreq                        0x080017dd   Thumb Code   214  stm32f4xx_rcc.o(i.RCC_GetClocksFreq)
    SDIO_ClearITPendingBit                   0x080018c5   Thumb Code     6  stm32f4xx_sdio.o(i.SDIO_ClearITPendingBit)
    SDIO_GetITStatus                         0x080018d1   Thumb Code    20  stm32f4xx_sdio.o(i.SDIO_GetITStatus)
    SDIO_IRQHandler                          0x080018e9   Thumb Code     8  sdio_sd.o(i.SDIO_IRQHandler)
    SDIO_ITConfig                            0x080018f1   Thumb Code    26  stm32f4xx_sdio.o(i.SDIO_ITConfig)
    SD_ProcessDMAIRQ                         0x08001911   Thumb Code    32  sdio_sd.o(i.SD_ProcessDMAIRQ)
    SD_ProcessIRQSrc                         0x08001939   Thumb Code   162  sdio_sd.o(i.SD_ProcessIRQSrc)
    SysTick_CLKSourceConfig                  0x08001ad1   Thumb Code    40  misc.o(i.SysTick_CLKSourceConfig)
    SystemInit                               0x08001af9   Thumb Code    88  system_stm32f4xx.o(i.SystemInit)
    USART1_IRQHandler                        0x08001b61   Thumb Code    42  usart1.o(i.USART1_IRQHandler)
    USART1_Recv_Callback                     0x08001b95   Thumb Code     2  usart1.o(i.USART1_Recv_Callback)
    USART2_IRQHandler                        0x08001b99   Thumb Code    42  usart2.o(i.USART2_IRQHandler)
    USART2_Recv_Callback                     0x08001bcd   Thumb Code     2  usart2.o(i.USART2_Recv_Callback)
    USART_ClearITPendingBit                  0x08001bcf   Thumb Code    30  stm32f4xx_usart.o(i.USART_ClearITPendingBit)
    USART_GetFlagStatus                      0x08001bed   Thumb Code    26  stm32f4xx_usart.o(i.USART_GetFlagStatus)
    USART_ReceiveData                        0x08001c07   Thumb Code    10  stm32f4xx_usart.o(i.USART_ReceiveData)
    USBD_ClrCfg                              0x08001c11   Thumb Code    22  usbd_core.o(i.USBD_ClrCfg)
    USBD_Configuration                       0x08001c71   Thumb Code    20  usb_app.o(i.USBD_Configuration)
    USBD_CtlContinueRx                       0x08001c95   Thumb Code    30  usbd_ioreq.o(i.USBD_CtlContinueRx)
    USBD_CtlContinueSendData                 0x08001cb3   Thumb Code    30  usbd_ioreq.o(i.USBD_CtlContinueSendData)
    USBD_CtlError                            0x08001cd1   Thumb Code    30  usbd_req.o(i.USBD_CtlError)
    USBD_CtlPrepareRx                        0x08001cef   Thumb Code    46  usbd_ioreq.o(i.USBD_CtlPrepareRx)
    USBD_CtlReceiveStatus                    0x08001d1d   Thumb Code    36  usbd_ioreq.o(i.USBD_CtlReceiveStatus)
    USBD_CtlSendData                         0x08001d41   Thumb Code    46  usbd_ioreq.o(i.USBD_CtlSendData)
    USBD_CtlSendStatus                       0x08001d6f   Thumb Code    36  usbd_ioreq.o(i.USBD_CtlSendStatus)
    USBD_DeInit                              0x08001f11   Thumb Code     6  usbd_core.o(i.USBD_DeInit)
    USBD_GetString                           0x08002145   Thumb Code    82  usbd_req.o(i.USBD_GetString)
    USBD_Init                                0x08002197   Thumb Code    66  usbd_core.o(i.USBD_Init)
    USBD_OTG_ISR_Handler                     0x080021fd   Thumb Code   224  usb_dcd_int.o(i.USBD_OTG_ISR_Handler)
    USBD_ParseSetupRequest                   0x080022dd   Thumb Code    72  usbd_req.o(i.USBD_ParseSetupRequest)
    USBD_SetCfg                              0x080023ff   Thumb Code    30  usbd_core.o(i.USBD_SetCfg)
    USBD_StdDevReq                           0x080025f1   Thumb Code   114  usbd_req.o(i.USBD_StdDevReq)
    USBD_StdEPReq                            0x08002665   Thumb Code   370  usbd_req.o(i.USBD_StdEPReq)
    USBD_StdItfReq                           0x080027dd   Thumb Code    76  usbd_req.o(i.USBD_StdItfReq)
    USBD_USR_ConfigStrDescriptor             0x08002849   Thumb Code    34  usbd_desc.o(i.USBD_USR_ConfigStrDescriptor)
    USBD_USR_DeviceConfigured                0x0800287d   Thumb Code     2  usbd_usr.o(i.USBD_USR_DeviceConfigured)
    USBD_USR_DeviceConnected                 0x0800287f   Thumb Code     2  usbd_usr.o(i.USBD_USR_DeviceConnected)
    USBD_USR_DeviceDescriptor                0x08002881   Thumb Code    10  usbd_desc.o(i.USBD_USR_DeviceDescriptor)
    USBD_USR_DeviceDisconnected              0x08002891   Thumb Code     2  usbd_usr.o(i.USBD_USR_DeviceDisconnected)
    USBD_USR_DeviceReset                     0x08002893   Thumb Code    18  usbd_usr.o(i.USBD_USR_DeviceReset)
    USBD_USR_DeviceResumed                   0x080028a5   Thumb Code     2  usbd_usr.o(i.USBD_USR_DeviceResumed)
    USBD_USR_DeviceSuspended                 0x080028a7   Thumb Code     2  usbd_usr.o(i.USBD_USR_DeviceSuspended)
    USBD_USR_Init                            0x080028a9   Thumb Code     2  usbd_usr.o(i.USBD_USR_Init)
    USBD_USR_InterfaceStrDescriptor          0x080028ad   Thumb Code    34  usbd_desc.o(i.USBD_USR_InterfaceStrDescriptor)
    USBD_USR_LangIDStrDescriptor             0x080028e5   Thumb Code    10  usbd_desc.o(i.USBD_USR_LangIDStrDescriptor)
    USBD_USR_ManufacturerStrDescriptor       0x080028f5   Thumb Code    20  usbd_desc.o(i.USBD_USR_ManufacturerStrDescriptor)
    USBD_USR_ProductStrDescriptor            0x08002921   Thumb Code    34  usbd_desc.o(i.USBD_USR_ProductStrDescriptor)
    USBD_USR_SerialStrDescriptor             0x08002991   Thumb Code    18  usbd_desc.o(i.USBD_USR_SerialStrDescriptor)
    USBH_Connected                           0x080029c9   Thumb Code    12  usbh_core.o(i.USBH_Connected)
    USBH_Disconnected                        0x080029d5   Thumb Code    40  usbh_core.o(i.USBH_Disconnected)
    USBH_OTG_ISR_Handler                     0x080029fd   Thumb Code   168  usb_hcd_int.o(i.USBH_OTG_ISR_Handler)
    USBH_PortDisabled                        0x08002aa5   Thumb Code    12  usbh_core.o(i.USBH_PortDisabled)
    USBH_PortEnabled                         0x08002ab1   Thumb Code    12  usbh_core.o(i.USBH_PortEnabled)
    USBH_SOF                                 0x08002abd   Thumb Code     6  usbh_core.o(i.USBH_SOF)
    USB_OTG_BSP_DriveVBUS                    0x08002ac3   Thumb Code     2  usb_bsp.o(i.USB_OTG_BSP_DriveVBUS)
    USB_OTG_BSP_EnableInterrupt              0x08002ac5   Thumb Code    36  usb_bsp.o(i.USB_OTG_BSP_EnableInterrupt)
    USB_OTG_BSP_Init                         0x08002ae9   Thumb Code   116  usb_bsp.o(i.USB_OTG_BSP_Init)
    USB_OTG_BSP_mDelay                       0x08002b61   Thumb Code    18  usb_bsp.o(i.USB_OTG_BSP_mDelay)
    USB_OTG_BSP_uDelay                       0x08002b73   Thumb Code    30  usb_bsp.o(i.USB_OTG_BSP_uDelay)
    USB_OTG_CoreInit                         0x08002b91   Thumb Code   306  usb_core.o(i.USB_OTG_CoreInit)
    USB_OTG_CoreInitDev                      0x08002cc3   Thumb Code   594  usb_core.o(i.USB_OTG_CoreInitDev)
    USB_OTG_DisableGlobalInt                 0x08002f85   Thumb Code    34  usb_core.o(i.USB_OTG_DisableGlobalInt)
    USB_OTG_EP0Activate                      0x08002fa7   Thumb Code   116  usb_core.o(i.USB_OTG_EP0Activate)
    USB_OTG_EP0StartXfer                     0x0800301b   Thumb Code   342  usb_core.o(i.USB_OTG_EP0StartXfer)
    USB_OTG_EP0_OutStart                     0x08003171   Thumb Code    98  usb_core.o(i.USB_OTG_EP0_OutStart)
    USB_OTG_EPActivate                       0x080031d3   Thumb Code   176  usb_core.o(i.USB_OTG_EPActivate)
    USB_OTG_EPClearStall                     0x08003283   Thumb Code    80  usb_core.o(i.USB_OTG_EPClearStall)
    USB_OTG_EPDeactivate                     0x080032d3   Thumb Code   154  usb_core.o(i.USB_OTG_EPDeactivate)
    USB_OTG_EPSetStall                       0x0800336d   Thumb Code   100  usb_core.o(i.USB_OTG_EPSetStall)
    USB_OTG_EPStartXfer                      0x080033d1   Thumb Code   510  usb_core.o(i.USB_OTG_EPStartXfer)
    USB_OTG_EnableDevInt                     0x08003603   Thumb Code   154  usb_core.o(i.USB_OTG_EnableDevInt)
    USB_OTG_EnableGlobalInt                  0x0800369d   Thumb Code    34  usb_core.o(i.USB_OTG_EnableGlobalInt)
    USB_OTG_FlushRxFifo                      0x080036c1   Thumb Code    70  usb_core.o(i.USB_OTG_FlushRxFifo)
    USB_OTG_FlushTxFifo                      0x0800370d   Thumb Code    80  usb_core.o(i.USB_OTG_FlushTxFifo)
    USB_OTG_GetDeviceSpeed                   0x08003761   Thumb Code    56  usb_core.o(i.USB_OTG_GetDeviceSpeed)
    USB_OTG_GetMode                          0x08003799   Thumb Code    12  usb_core.o(i.USB_OTG_GetMode)
    USB_OTG_HC_DoPing                        0x080037a5   Thumb Code    90  usb_core.o(i.USB_OTG_HC_DoPing)
    USB_OTG_HC_Halt                          0x080037ff   Thumb Code   154  usb_core.o(i.USB_OTG_HC_Halt)
    USB_OTG_InitDevSpeed                     0x08003899   Thumb Code    24  usb_core.o(i.USB_OTG_InitDevSpeed)
    USB_OTG_InitFSLSPClkSel                  0x080038b1   Thumb Code    24  usb_core.o(i.USB_OTG_InitFSLSPClkSel)
    USB_OTG_IsDeviceMode                     0x080038c9   Thumb Code    22  usb_core.o(i.USB_OTG_IsDeviceMode)
    USB_OTG_IsHostMode                       0x080038df   Thumb Code    20  usb_core.o(i.USB_OTG_IsHostMode)
    USB_OTG_ReadCoreItr                      0x080038f3   Thumb Code    16  usb_core.o(i.USB_OTG_ReadCoreItr)
    USB_OTG_ReadDevAllInEPItr                0x08003903   Thumb Code    16  usb_core.o(i.USB_OTG_ReadDevAllInEPItr)
    USB_OTG_ReadDevAllOutEp_itr              0x08003913   Thumb Code    16  usb_core.o(i.USB_OTG_ReadDevAllOutEp_itr)
    USB_OTG_ReadDevOutEP_itr                 0x08003923   Thumb Code    20  usb_core.o(i.USB_OTG_ReadDevOutEP_itr)
    USB_OTG_ReadHostAllChannels_intr         0x08003937   Thumb Code     8  usb_core.o(i.USB_OTG_ReadHostAllChannels_intr)
    USB_OTG_ReadPacket                       0x0800393f   Thumb Code    40  usb_core.o(i.USB_OTG_ReadPacket)
    USB_OTG_SelectCore                       0x08003969   Thumb Code   212  usb_core.o(i.USB_OTG_SelectCore)
    USB_OTG_SetCurrentMode                   0x08003a41   Thumb Code    78  usb_core.o(i.USB_OTG_SetCurrentMode)
    USB_OTG_WritePacket                      0x08004869   Thumb Code    62  usb_core.o(i.USB_OTG_WritePacket)
    delay_init                               0x08004935   Thumb Code    40  delay.o(i.delay_init)
    delay_ms                                 0x0800496d   Thumb Code    96  delay.o(i.delay_ms)
    main                                     0x080049d1   Thumb Code    72  main.o(i.main)
    usbd_cdc_DataIn                          0x08004a19   Thumb Code   170  usbd_cdc_core.o(i.usbd_cdc_DataIn)
    usbd_cdc_DataOut                         0x08004ad5   Thumb Code    50  usbd_cdc_core.o(i.usbd_cdc_DataOut)
    usbd_cdc_DeInit                          0x08004b11   Thumb Code    40  usbd_cdc_core.o(i.usbd_cdc_DeInit)
    usbd_cdc_EP0_RxReady                     0x08004b3d   Thumb Code    38  usbd_cdc_core.o(i.usbd_cdc_EP0_RxReady)
    usbd_cdc_Init                            0x08004b75   Thumb Code    76  usbd_cdc_core.o(i.usbd_cdc_Init)
    usbd_cdc_SOF                             0x08004bcd   Thumb Code    36  usbd_cdc_core.o(i.usbd_cdc_SOF)
    usbd_cdc_Setup                           0x08004bf5   Thumb Code   176  usbd_cdc_core.o(i.usbd_cdc_Setup)
    _fp_init                                 0x08004cb9   Thumb Code    10  fpinit.o(x$fpl$fpinit)
    __fplib_config_fpu_vfp                   0x08004cc1   Thumb Code     0  fpinit.o(x$fpl$fpinit)
    __fplib_config_pureend_doubles           0x08004cc1   Thumb Code     0  fpinit.o(x$fpl$fpinit)
    Region$$Table$$Base                      0x08004cc4   Number         0  anon$$obj.o(Region$$Table)
    Region$$Table$$Limit                     0x08004ce4   Number         0  anon$$obj.o(Region$$Table)
    USART1_Recv                              0x20000008   Data           4  usart1.o(.data)
    USART2_Recv                              0x2000000c   Data           4  usart2.o(.data)
    StopCondition                            0x20000018   Data           4  sdio_sd.o(.data)
    TransferError                            0x2000001c   Data           1  sdio_sd.o(.data)
    TransferEnd                              0x20000020   Data           4  sdio_sd.o(.data)
    DMAEndOfTransfer                         0x20000024   Data           4  sdio_sd.o(.data)
    SystemCoreClock                          0x20000038   Data           4  system_stm32f4xx.o(.data)
    AHBPrescTable                            0x2000003c   Data          16  system_stm32f4xx.o(.data)
    USBH_HCD_INT_cb                          0x2000004c   Data          20  usbh_core.o(.data)
    USBH_HCD_INT_fops                        0x20000060   Data           4  usbh_core.o(.data)
    suspend_flag                             0x20000064   Data           4  usbh_core.o(.data)
    SET_TEST_MODE                            0x2000006c   Data           4  usbd_core.o(.data)
    USBD_DCD_INT_cb                          0x20000070   Data          44  usbd_core.o(.data)
    USBD_DCD_INT_fops                        0x2000009c   Data           4  usbd_core.o(.data)
    USBD_ep_status                           0x200000a0   Data           4  usbd_req.o(.data)
    USBD_default_cfg                         0x200000a4   Data           4  usbd_req.o(.data)
    USBD_cfg_status                          0x200000a8   Data           4  usbd_req.o(.data)
    CmdBuff                                  0x200000b4   Data           8  usbd_cdc_core.o(.data)
    APP_Rx_ptr_in                            0x200000bc   Data           4  usbd_cdc_core.o(.data)
    APP_Rx_ptr_out                           0x200000c0   Data           4  usbd_cdc_core.o(.data)
    APP_Rx_length                            0x200000c4   Data           4  usbd_cdc_core.o(.data)
    USB_Tx_State                             0x200000c8   Data           1  usbd_cdc_core.o(.data)
    USBD_CDC_cb                              0x200000d4   Data          48  usbd_cdc_core.o(.data)
    usbd_cdc_CfgDesc                         0x20000104   Data          67  usbd_cdc_core.o(.data)
    usbd_cdc_OtherCfgDesc                    0x20000148   Data          67  usbd_cdc_core.o(.data)
    VCP_fops                                 0x20000190   Data          20  usbd_cdc_if.o(.data)
    USBD_USR_cb                              0x200001a4   Data          28  usbd_usr.o(.data)
    USR_desc                                 0x200001c0   Data          28  usbd_desc.o(.data)
    USBD_DeviceDesc                          0x200001dc   Data          18  usbd_desc.o(.data)
    USBD_DeviceQualifierDesc                 0x200001f0   Data          10  usbd_desc.o(.data)
    USBD_LangIDDesc                          0x200001fc   Data           4  usbd_desc.o(.data)
    USBD_StringSerial                        0x20000200   Data          26  usbd_desc.o(.data)
    USB_Rx_Buffer                            0x2000021c   Data        1024  usbd_cdc_core.o(.bss)
    APP_Rx_Buffer                            0x2000061c   Data        2048  usbd_cdc_core.o(.bss)
    USB_Host                                 0x20000e1c   Data         132  usb_app.o(.bss)
    USB_OTG_Core_dev                         0x20000ea0   Data        2708  usb_app.o(.bss)
    USBD_StrDesc                             0x20001934   Data          64  usbd_desc.o(.bss)
    __libspace_start                         0x20001974   Data          96  libspace.o(.bss)
    __temporary_stack_top$libspace           0x200019d4   Data           0  libspace.o(.bss)



==============================================================================

Memory Map of the image

  Image Entry point : 0x08000189

  Load Region LR_IROM1 (Base: 0x08000000, Size: 0x00004f00, Max: 0x00100000, ABSOLUTE, COMPRESSED[0x00004e08])

    Execution Region ER_IROM1 (Base: 0x08000000, Size: 0x00004ce4, Max: 0x00100000, ABSOLUTE)

    Base Addr    Size         Type   Attr      Idx    E Section Name        Object

    0x08000000   0x00000188   Data   RO         6215    RESET               startup_stm32f40_41xxx.o
    0x08000188   0x00000008   Code   RO         9181  * !!!main             c_w.l(__main.o)
    0x08000190   0x00000034   Code   RO         9396    !!!scatter          c_w.l(__scatter.o)
    0x080001c4   0x0000005a   Code   RO         9394    !!dczerorl2         c_w.l(__dczerorl2.o)
    0x0800021e   0x00000002   PAD
    0x08000220   0x0000001c   Code   RO         9398    !!handler_zi        c_w.l(__scatter_zi.o)
    0x0800023c   0x00000002   Code   RO         9333    .ARM.Collect$$libinit$$00000000  c_w.l(libinit.o)
    0x0800023e   0x00000004   Code   RO         9219    .ARM.Collect$$libinit$$00000001  c_w.l(libinit2.o)
    0x08000242   0x00000000   Code   RO         9222    .ARM.Collect$$libinit$$00000004  c_w.l(libinit2.o)
    0x08000242   0x00000000   Code   RO         9225    .ARM.Collect$$libinit$$0000000A  c_w.l(libinit2.o)
    0x08000242   0x00000000   Code   RO         9227    .ARM.Collect$$libinit$$0000000C  c_w.l(libinit2.o)
    0x08000242   0x00000000   Code   RO         9229    .ARM.Collect$$libinit$$0000000E  c_w.l(libinit2.o)
    0x08000242   0x00000000   Code   RO         9232    .ARM.Collect$$libinit$$00000011  c_w.l(libinit2.o)
    0x08000242   0x00000000   Code   RO         9234    .ARM.Collect$$libinit$$00000013  c_w.l(libinit2.o)
    0x08000242   0x00000000   Code   RO         9236    .ARM.Collect$$libinit$$00000015  c_w.l(libinit2.o)
    0x08000242   0x00000000   Code   RO         9238    .ARM.Collect$$libinit$$00000017  c_w.l(libinit2.o)
    0x08000242   0x00000000   Code   RO         9240    .ARM.Collect$$libinit$$00000019  c_w.l(libinit2.o)
    0x08000242   0x00000000   Code   RO         9242    .ARM.Collect$$libinit$$0000001B  c_w.l(libinit2.o)
    0x08000242   0x00000000   Code   RO         9244    .ARM.Collect$$libinit$$0000001D  c_w.l(libinit2.o)
    0x08000242   0x00000000   Code   RO         9246    .ARM.Collect$$libinit$$0000001F  c_w.l(libinit2.o)
    0x08000242   0x00000000   Code   RO         9248    .ARM.Collect$$libinit$$00000021  c_w.l(libinit2.o)
    0x08000242   0x00000000   Code   RO         9250    .ARM.Collect$$libinit$$00000023  c_w.l(libinit2.o)
    0x08000242   0x00000000   Code   RO         9252    .ARM.Collect$$libinit$$00000025  c_w.l(libinit2.o)
    0x08000242   0x00000000   Code   RO         9256    .ARM.Collect$$libinit$$0000002C  c_w.l(libinit2.o)
    0x08000242   0x00000000   Code   RO         9258    .ARM.Collect$$libinit$$0000002E  c_w.l(libinit2.o)
    0x08000242   0x00000000   Code   RO         9260    .ARM.Collect$$libinit$$00000030  c_w.l(libinit2.o)
    0x08000242   0x00000000   Code   RO         9262    .ARM.Collect$$libinit$$00000032  c_w.l(libinit2.o)
    0x08000242   0x00000002   Code   RO         9263    .ARM.Collect$$libinit$$00000033  c_w.l(libinit2.o)
    0x08000244   0x00000002   Code   RO         9391    .ARM.Collect$$libshutdown$$00000000  c_w.l(libshutdown.o)
    0x08000246   0x00000000   Code   RO         9349    .ARM.Collect$$libshutdown$$00000002  c_w.l(libshutdown2.o)
    0x08000246   0x00000000   Code   RO         9351    .ARM.Collect$$libshutdown$$00000004  c_w.l(libshutdown2.o)
    0x08000246   0x00000000   Code   RO         9354    .ARM.Collect$$libshutdown$$00000007  c_w.l(libshutdown2.o)
    0x08000246   0x00000000   Code   RO         9357    .ARM.Collect$$libshutdown$$0000000A  c_w.l(libshutdown2.o)
    0x08000246   0x00000000   Code   RO         9359    .ARM.Collect$$libshutdown$$0000000C  c_w.l(libshutdown2.o)
    0x08000246   0x00000000   Code   RO         9362    .ARM.Collect$$libshutdown$$0000000F  c_w.l(libshutdown2.o)
    0x08000246   0x00000002   Code   RO         9363    .ARM.Collect$$libshutdown$$00000010  c_w.l(libshutdown2.o)
    0x08000248   0x00000000   Code   RO         9185    .ARM.Collect$$rtentry$$00000000  c_w.l(__rtentry.o)
    0x08000248   0x00000000   Code   RO         9270    .ARM.Collect$$rtentry$$00000002  c_w.l(__rtentry2.o)
    0x08000248   0x00000006   Code   RO         9282    .ARM.Collect$$rtentry$$00000004  c_w.l(__rtentry4.o)
    0x0800024e   0x00000000   Code   RO         9272    .ARM.Collect$$rtentry$$00000009  c_w.l(__rtentry2.o)
    0x0800024e   0x00000004   Code   RO         9273    .ARM.Collect$$rtentry$$0000000A  c_w.l(__rtentry2.o)
    0x08000252   0x00000000   Code   RO         9275    .ARM.Collect$$rtentry$$0000000C  c_w.l(__rtentry2.o)
    0x08000252   0x00000008   Code   RO         9276    .ARM.Collect$$rtentry$$0000000D  c_w.l(__rtentry2.o)
    0x0800025a   0x00000002   Code   RO         9336    .ARM.Collect$$rtexit$$00000000  c_w.l(rtexit.o)
    0x0800025c   0x00000000   Code   RO         9367    .ARM.Collect$$rtexit$$00000002  c_w.l(rtexit2.o)
    0x0800025c   0x00000004   Code   RO         9368    .ARM.Collect$$rtexit$$00000003  c_w.l(rtexit2.o)
    0x08000260   0x00000006   Code   RO         9369    .ARM.Collect$$rtexit$$00000004  c_w.l(rtexit2.o)
    0x08000266   0x00000002   PAD
    0x08000268   0x00000040   Code   RO         6216    .text               startup_stm32f40_41xxx.o
    0x080002a8   0x00000006   Code   RO         9179    .text               c_w.l(heapauxi.o)
    0x080002ae   0x00000002   PAD
    0x080002b0   0x00000008   Code   RO         9266    .text               c_w.l(libspace.o)
    0x080002b8   0x00000002   Code   RO         9305    .text               c_w.l(use_no_semi.o)
    0x080002ba   0x00000000   Code   RO         9307    .text               c_w.l(indicate_semi.o)
    0x080002ba   0x0000004a   Code   RO         9308    .text               c_w.l(sys_stackheap_outer.o)
    0x08000304   0x00000012   Code   RO         9314    .text               c_w.l(exit.o)
    0x08000316   0x00000002   PAD
    0x08000318   0x0000000c   Code   RO         9334    .text               c_w.l(sys_exit.o)
    0x08000324   0x0000004a   Code   RO         8237    i.DCD_EP_Close      usb_dcd.o
    0x0800036e   0x00000048   Code   RO         8238    i.DCD_EP_ClrStall   usb_dcd.o
    0x080003b6   0x00000068   Code   RO         8240    i.DCD_EP_Open       usb_dcd.o
    0x0800041e   0x00000052   Code   RO         8241    i.DCD_EP_PrepareRx  usb_dcd.o
    0x08000470   0x0000001c   Code   RO         8242    i.DCD_EP_SetAddress  usb_dcd.o
    0x0800048c   0x00000048   Code   RO         8243    i.DCD_EP_Stall      usb_dcd.o
    0x080004d4   0x0000004e   Code   RO         8244    i.DCD_EP_Tx         usb_dcd.o
    0x08000522   0x00000002   PAD
    0x08000524   0x00000198   Code   RO         8331    i.DCD_HandleEnumDone_ISR  usb_dcd_int.o
    0x080006bc   0x00000128   Code   RO         8332    i.DCD_HandleInEP_ISR  usb_dcd_int.o
    0x080007e4   0x00000100   Code   RO         8333    i.DCD_HandleOutEP_ISR  usb_dcd_int.o
    0x080008e4   0x0000006c   Code   RO         8334    i.DCD_HandleResume_ISR  usb_dcd_int.o
    0x08000950   0x000000b0   Code   RO         8335    i.DCD_HandleRxStatusQueueLevel_ISR  usb_dcd_int.o
    0x08000a00   0x0000002c   Code   RO         8336    i.DCD_HandleSof_ISR  usb_dcd_int.o
    0x08000a2c   0x000000a8   Code   RO         8337    i.DCD_HandleUSBSuspend_ISR  usb_dcd_int.o
    0x08000ad4   0x00000110   Code   RO         8338    i.DCD_HandleUsbReset_ISR  usb_dcd_int.o
    0x08000be4   0x0000009c   Code   RO         8246    i.DCD_Init          usb_dcd.o
    0x08000c80   0x0000002c   Code   RO         8339    i.DCD_IsoINIncomplete_ISR  usb_dcd_int.o
    0x08000cac   0x0000002c   Code   RO         8340    i.DCD_IsoOUTIncomplete_ISR  usb_dcd_int.o
    0x08000cd8   0x00000028   Code   RO         8341    i.DCD_ReadDevInEP   usb_dcd_int.o
    0x08000d00   0x000000ac   Code   RO         8342    i.DCD_WriteEmptyTxFifo  usb_dcd_int.o
    0x08000dac   0x00000034   Code   RO          775    i.DMA1_Stream6_IRQHandler  usart2.o
    0x08000de0   0x00000008   Code   RO          836    i.DMA2_Stream3_IRQHandler  sdio_sd.o
    0x08000de8   0x00000034   Code   RO         2243    i.DMA_ClearFlag     stm32f4xx_dma.o
    0x08000e1c   0x00000034   Code   RO         2244    i.DMA_ClearITPendingBit  stm32f4xx_dma.o
    0x08000e50   0x00000016   Code   RO         2245    i.DMA_Cmd           stm32f4xx_dma.o
    0x08000e66   0x00000002   PAD
    0x08000e68   0x00000064   Code   RO         2255    i.DMA_GetITStatus   stm32f4xx_dma.o
    0x08000ecc   0x00000034   Code   RO         2920    i.FSMC_NORSRAMCmd   stm32f4xx_fsmc.o
    0x08000f00   0x00000124   Code   RO         2922    i.FSMC_NORSRAMInit  stm32f4xx_fsmc.o
    0x08001024   0x000002cc   Code   RO         1134    i.FSMC_SRAM_Init    sram.o
    0x080012f0   0x00000090   Code   RO         3045    i.GPIO_Init         stm32f4xx_gpio.o
    0x08001380   0x00000046   Code   RO         3046    i.GPIO_PinAFConfig  stm32f4xx_gpio.o
    0x080013c6   0x00000004   Code   RO         3052    i.GPIO_ResetBits    stm32f4xx_gpio.o
    0x080013ca   0x00000004   Code   RO         3053    i.GPIO_SetBits      stm32f4xx_gpio.o
    0x080013ce   0x00000002   PAD
    0x080013d0   0x00000034   Code   RO         9036    i.Get_SerialNum     usbd_desc.o
    0x08001404   0x000000f4   Code   RO         8585    i.Handle_USBAsynchXfer  usbd_cdc_core.o
    0x080014f8   0x0000003e   Code   RO         9037    i.IntToUnicode      usbd_desc.o
    0x08001536   0x00000038   Code   RO          240    i.MG_Output         gpio.o
    0x0800156e   0x0000006e   Code   RO          241    i.MG_PIN_F          gpio.o
    0x080015dc   0x00000058   Code   RO          242    i.MG_PORT_F         gpio.o
    0x08001634   0x00000068   Code   RO          243    i.MG_RCC            gpio.o
    0x0800169c   0x00000032   Code   RO          244    i.MG_Set            gpio.o
    0x080016ce   0x00000002   PAD
    0x080016d0   0x00000078   Code   RO         1170    i.NVIC_Init         misc.o
    0x08001748   0x00000014   Code   RO         1171    i.NVIC_PriorityGroupConfig  misc.o
    0x0800175c   0x00000020   Code   RO         8722    i.OTG_FS_IRQHandler  usb_app.o
    0x0800177c   0x00000020   Code   RO         3971    i.RCC_AHB1PeriphClockCmd  stm32f4xx_rcc.o
    0x0800179c   0x00000020   Code   RO         3974    i.RCC_AHB2PeriphClockCmd  stm32f4xx_rcc.o
    0x080017bc   0x00000020   Code   RO         3977    i.RCC_AHB3PeriphClockCmd  stm32f4xx_rcc.o
    0x080017dc   0x000000e8   Code   RO         3992    i.RCC_GetClocksFreq  stm32f4xx_rcc.o
    0x080018c4   0x0000000c   Code   RO         4906    i.SDIO_ClearITPendingBit  stm32f4xx_sdio.o
    0x080018d0   0x00000018   Code   RO         4918    i.SDIO_GetITStatus  stm32f4xx_sdio.o
    0x080018e8   0x00000008   Code   RO          840    i.SDIO_IRQHandler   sdio_sd.o
    0x080018f0   0x00000020   Code   RO         4921    i.SDIO_ITConfig     stm32f4xx_sdio.o
    0x08001910   0x00000028   Code   RO          859    i.SD_ProcessDMAIRQ  sdio_sd.o
    0x08001938   0x000000ac   Code   RO          860    i.SD_ProcessIRQSrc  sdio_sd.o
    0x080019e4   0x000000ec   Code   RO         6175    i.SetSysClock       system_stm32f4xx.o
    0x08001ad0   0x00000028   Code   RO         1174    i.SysTick_CLKSourceConfig  misc.o
    0x08001af8   0x00000068   Code   RO         6177    i.SystemInit        system_stm32f4xx.o
    0x08001b60   0x00000034   Code   RO          722    i.USART1_IRQHandler  usart1.o
    0x08001b94   0x00000002   Code   RO          723    i.USART1_Recv_Callback  usart1.o
    0x08001b96   0x00000002   PAD
    0x08001b98   0x00000034   Code   RO          778    i.USART2_IRQHandler  usart2.o
    0x08001bcc   0x00000002   Code   RO          779    i.USART2_Recv_Callback  usart2.o
    0x08001bce   0x0000001e   Code   RO         5918    i.USART_ClearITPendingBit  stm32f4xx_usart.o
    0x08001bec   0x0000001a   Code   RO         5924    i.USART_GetFlagStatus  stm32f4xx_usart.o
    0x08001c06   0x0000000a   Code   RO         5935    i.USART_ReceiveData  stm32f4xx_usart.o
    0x08001c10   0x00000016   Code   RO         7659    i.USBD_ClrCfg       usbd_core.o
    0x08001c26   0x00000048   Code   RO         7823    i.USBD_ClrFeature   usbd_req.o
    0x08001c6e   0x00000002   PAD
    0x08001c70   0x00000024   Code   RO         8723    i.USBD_Configuration  usb_app.o
    0x08001c94   0x0000001e   Code   RO         7763    i.USBD_CtlContinueRx  usbd_ioreq.o
    0x08001cb2   0x0000001e   Code   RO         7764    i.USBD_CtlContinueSendData  usbd_ioreq.o
    0x08001cd0   0x0000001e   Code   RO         7824    i.USBD_CtlError     usbd_req.o
    0x08001cee   0x0000002e   Code   RO         7765    i.USBD_CtlPrepareRx  usbd_ioreq.o
    0x08001d1c   0x00000024   Code   RO         7766    i.USBD_CtlReceiveStatus  usbd_ioreq.o
    0x08001d40   0x0000002e   Code   RO         7767    i.USBD_CtlSendData  usbd_ioreq.o
    0x08001d6e   0x00000024   Code   RO         7768    i.USBD_CtlSendStatus  usbd_ioreq.o
    0x08001d92   0x000000e8   Code   RO         7660    i.USBD_DataInStage  usbd_core.o
    0x08001e7a   0x00000096   Code   RO         7661    i.USBD_DataOutStage  usbd_core.o
    0x08001f10   0x00000006   Code   RO         7662    i.USBD_DeInit       usbd_core.o
    0x08001f16   0x00000002   PAD
    0x08001f18   0x00000054   Code   RO         7825    i.USBD_GetConfig    usbd_req.o
    0x08001f6c   0x00000174   Code   RO         7826    i.USBD_GetDescriptor  usbd_req.o
    0x080020e0   0x00000014   Code   RO         7827    i.USBD_GetLen       usbd_req.o
    0x080020f4   0x00000050   Code   RO         7828    i.USBD_GetStatus    usbd_req.o
    0x08002144   0x00000052   Code   RO         7829    i.USBD_GetString    usbd_req.o
    0x08002196   0x00000042   Code   RO         7663    i.USBD_Init         usbd_core.o
    0x080021d8   0x00000012   Code   RO         7664    i.USBD_IsoINIncomplete  usbd_core.o
    0x080021ea   0x00000012   Code   RO         7665    i.USBD_IsoOUTIncomplete  usbd_core.o
    0x080021fc   0x000000e0   Code   RO         8345    i.USBD_OTG_ISR_Handler  usb_dcd_int.o
    0x080022dc   0x00000048   Code   RO         7830    i.USBD_ParseSetupRequest  usbd_req.o
    0x08002324   0x00000032   Code   RO         7666    i.USBD_Reset        usbd_core.o
    0x08002356   0x0000001e   Code   RO         7667    i.USBD_Resume       usbd_core.o
    0x08002374   0x00000014   Code   RO         7668    i.USBD_RunTestMode  usbd_core.o
    0x08002388   0x0000001a   Code   RO         7669    i.USBD_SOF          usbd_core.o
    0x080023a2   0x0000005c   Code   RO         7831    i.USBD_SetAddress   usbd_req.o
    0x080023fe   0x0000001e   Code   RO         7670    i.USBD_SetCfg       usbd_core.o
    0x0800241c   0x000000d0   Code   RO         7832    i.USBD_SetConfig    usbd_req.o
    0x080024ec   0x000000b0   Code   RO         7833    i.USBD_SetFeature   usbd_req.o
    0x0800259c   0x00000054   Code   RO         7671    i.USBD_SetupStage   usbd_core.o
    0x080025f0   0x00000072   Code   RO         7834    i.USBD_StdDevReq    usbd_req.o
    0x08002662   0x00000002   PAD
    0x08002664   0x00000178   Code   RO         7835    i.USBD_StdEPReq     usbd_req.o
    0x080027dc   0x0000004c   Code   RO         7836    i.USBD_StdItfReq    usbd_req.o
    0x08002828   0x00000020   Code   RO         7672    i.USBD_Suspend      usbd_core.o
    0x08002848   0x00000034   Code   RO         9038    i.USBD_USR_ConfigStrDescriptor  usbd_desc.o
    0x0800287c   0x00000002   Code   RO         8969    i.USBD_USR_DeviceConfigured  usbd_usr.o
    0x0800287e   0x00000002   Code   RO         8970    i.USBD_USR_DeviceConnected  usbd_usr.o
    0x08002880   0x00000010   Code   RO         9039    i.USBD_USR_DeviceDescriptor  usbd_desc.o
    0x08002890   0x00000002   Code   RO         8971    i.USBD_USR_DeviceDisconnected  usbd_usr.o
    0x08002892   0x00000012   Code   RO         8972    i.USBD_USR_DeviceReset  usbd_usr.o
    0x080028a4   0x00000002   Code   RO         8973    i.USBD_USR_DeviceResumed  usbd_usr.o
    0x080028a6   0x00000002   Code   RO         8974    i.USBD_USR_DeviceSuspended  usbd_usr.o
    0x080028a8   0x00000002   Code   RO         8975    i.USBD_USR_Init     usbd_usr.o
    0x080028aa   0x00000002   PAD
    0x080028ac   0x00000038   Code   RO         9040    i.USBD_USR_InterfaceStrDescriptor  usbd_desc.o
    0x080028e4   0x00000010   Code   RO         9041    i.USBD_USR_LangIDStrDescriptor  usbd_desc.o
    0x080028f4   0x0000002c   Code   RO         9042    i.USBD_USR_ManufacturerStrDescriptor  usbd_desc.o
    0x08002920   0x00000070   Code   RO         9043    i.USBD_USR_ProductStrDescriptor  usbd_desc.o
    0x08002990   0x00000018   Code   RO         9044    i.USBD_USR_SerialStrDescriptor  usbd_desc.o
    0x080029a8   0x00000010   Code   RO         8586    i.USBD_cdc_GetCfgDesc  usbd_cdc_core.o
    0x080029b8   0x00000010   Code   RO         8587    i.USBD_cdc_GetOtherCfgDesc  usbd_cdc_core.o
    0x080029c8   0x0000000c   Code   RO         7292    i.USBH_Connected    usbh_core.o
    0x080029d4   0x00000028   Code   RO         7294    i.USBH_Disconnected  usbh_core.o
    0x080029fc   0x000000a8   Code   RO         8511    i.USBH_OTG_ISR_Handler  usb_hcd_int.o
    0x08002aa4   0x0000000c   Code   RO         7299    i.USBH_PortDisabled  usbh_core.o
    0x08002ab0   0x0000000c   Code   RO         7300    i.USBH_PortEnabled  usbh_core.o
    0x08002abc   0x00000006   Code   RO         7302    i.USBH_SOF          usbh_core.o
    0x08002ac2   0x00000002   Code   RO         8770    i.USB_OTG_BSP_DriveVBUS  usb_bsp.o
    0x08002ac4   0x00000024   Code   RO         8771    i.USB_OTG_BSP_EnableInterrupt  usb_bsp.o
    0x08002ae8   0x00000078   Code   RO         8772    i.USB_OTG_BSP_Init  usb_bsp.o
    0x08002b60   0x00000012   Code   RO         8775    i.USB_OTG_BSP_mDelay  usb_bsp.o
    0x08002b72   0x0000001e   Code   RO         8776    i.USB_OTG_BSP_uDelay  usb_bsp.o
    0x08002b90   0x00000132   Code   RO         7926    i.USB_OTG_CoreInit  usb_core.o
    0x08002cc2   0x00000252   Code   RO         7927    i.USB_OTG_CoreInitDev  usb_core.o
    0x08002f14   0x00000070   Code   RO         7929    i.USB_OTG_CoreReset  usb_core.o
    0x08002f84   0x00000022   Code   RO         7930    i.USB_OTG_DisableGlobalInt  usb_core.o
    0x08002fa6   0x00000074   Code   RO         7932    i.USB_OTG_EP0Activate  usb_core.o
    0x0800301a   0x00000156   Code   RO         7933    i.USB_OTG_EP0StartXfer  usb_core.o
    0x08003170   0x00000062   Code   RO         7934    i.USB_OTG_EP0_OutStart  usb_core.o
    0x080031d2   0x000000b0   Code   RO         7935    i.USB_OTG_EPActivate  usb_core.o
    0x08003282   0x00000050   Code   RO         7936    i.USB_OTG_EPClearStall  usb_core.o
    0x080032d2   0x0000009a   Code   RO         7937    i.USB_OTG_EPDeactivate  usb_core.o
    0x0800336c   0x00000064   Code   RO         7938    i.USB_OTG_EPSetStall  usb_core.o
    0x080033d0   0x000001fe   Code   RO         7939    i.USB_OTG_EPStartXfer  usb_core.o
    0x080035ce   0x00000034   Code   RO         7940    i.USB_OTG_EnableCommonInt  usb_core.o
    0x08003602   0x0000009a   Code   RO         7941    i.USB_OTG_EnableDevInt  usb_core.o
    0x0800369c   0x00000022   Code   RO         7942    i.USB_OTG_EnableGlobalInt  usb_core.o
    0x080036be   0x00000002   PAD
    0x080036c0   0x0000004c   Code   RO         7944    i.USB_OTG_FlushRxFifo  usb_core.o
    0x0800370c   0x00000054   Code   RO         7945    i.USB_OTG_FlushTxFifo  usb_core.o
    0x08003760   0x00000038   Code   RO         7946    i.USB_OTG_GetDeviceSpeed  usb_core.o
    0x08003798   0x0000000c   Code   RO         7948    i.USB_OTG_GetMode   usb_core.o
    0x080037a4   0x0000005a   Code   RO         7949    i.USB_OTG_HC_DoPing  usb_core.o
    0x080037fe   0x0000009a   Code   RO         7950    i.USB_OTG_HC_Halt   usb_core.o
    0x08003898   0x00000018   Code   RO         7953    i.USB_OTG_InitDevSpeed  usb_core.o
    0x080038b0   0x00000018   Code   RO         7954    i.USB_OTG_InitFSLSPClkSel  usb_core.o
    0x080038c8   0x00000016   Code   RO         7955    i.USB_OTG_IsDeviceMode  usb_core.o
    0x080038de   0x00000014   Code   RO         7957    i.USB_OTG_IsHostMode  usb_core.o
    0x080038f2   0x00000010   Code   RO         7958    i.USB_OTG_ReadCoreItr  usb_core.o
    0x08003902   0x00000010   Code   RO         7959    i.USB_OTG_ReadDevAllInEPItr  usb_core.o
    0x08003912   0x00000010   Code   RO         7960    i.USB_OTG_ReadDevAllOutEp_itr  usb_core.o
    0x08003922   0x00000014   Code   RO         7961    i.USB_OTG_ReadDevOutEP_itr  usb_core.o
    0x08003936   0x00000008   Code   RO         7963    i.USB_OTG_ReadHostAllChannels_intr  usb_core.o
    0x0800393e   0x00000028   Code   RO         7965    i.USB_OTG_ReadPacket  usb_core.o
    0x08003966   0x00000002   PAD
    0x08003968   0x000000d8   Code   RO         7967    i.USB_OTG_SelectCore  usb_core.o
    0x08003a40   0x0000004e   Code   RO         7968    i.USB_OTG_SetCurrentMode  usb_core.o
    0x08003a8e   0x00000002   PAD
    0x08003a90   0x0000002c   Code   RO         8512    i.USB_OTG_USBH_handle_Disconnect_ISR  usb_hcd_int.o
    0x08003abc   0x00000046   Code   RO         8513    i.USB_OTG_USBH_handle_IncompletePeriodicXfer_ISR  usb_hcd_int.o
    0x08003b02   0x00000056   Code   RO         8514    i.USB_OTG_USBH_handle_hc_ISR  usb_hcd_int.o
    0x08003b58   0x0000041e   Code   RO         8515    i.USB_OTG_USBH_handle_hc_n_In_ISR  usb_hcd_int.o
    0x08003f76   0x000003b8   Code   RO         8516    i.USB_OTG_USBH_handle_hc_n_Out_ISR  usb_hcd_int.o
    0x0800432e   0x00000136   Code   RO         8517    i.USB_OTG_USBH_handle_nptxfempty_ISR  usb_hcd_int.o
    0x08004464   0x0000013c   Code   RO         8518    i.USB_OTG_USBH_handle_port_ISR  usb_hcd_int.o
    0x080045a0   0x00000136   Code   RO         8519    i.USB_OTG_USBH_handle_ptxfempty_ISR  usb_hcd_int.o
    0x080046d6   0x00000164   Code   RO         8520    i.USB_OTG_USBH_handle_rx_qlvl_ISR  usb_hcd_int.o
    0x0800483a   0x00000002   PAD
    0x0800483c   0x0000002c   Code   RO         8521    i.USB_OTG_USBH_handle_sof_ISR  usb_hcd_int.o
    0x08004868   0x0000003e   Code   RO         7973    i.USB_OTG_WritePacket  usb_core.o
    0x080048a6   0x00000044   Code   RO         8668    i.VCP_Ctrl          usbd_cdc_if.o
    0x080048ea   0x00000010   Code   RO         8669    i.VCP_DataRx        usbd_cdc_if.o
    0x080048fa   0x00000002   PAD
    0x080048fc   0x00000030   Code   RO         8670    i.VCP_DataTx        usbd_cdc_if.o
    0x0800492c   0x00000004   Code   RO         8671    i.VCP_DeInit        usbd_cdc_if.o
    0x08004930   0x00000004   Code   RO         8672    i.VCP_Init          usbd_cdc_if.o
    0x08004934   0x00000038   Code   RO          352    i.delay_init        delay.o
    0x0800496c   0x00000064   Code   RO          353    i.delay_ms          delay.o
    0x080049d0   0x00000048   Code   RO            4    i.main              main.o
    0x08004a18   0x000000bc   Code   RO         8588    i.usbd_cdc_DataIn   usbd_cdc_core.o
    0x08004ad4   0x0000003c   Code   RO         8589    i.usbd_cdc_DataOut  usbd_cdc_core.o
    0x08004b10   0x0000002c   Code   RO         8590    i.usbd_cdc_DeInit   usbd_cdc_core.o
    0x08004b3c   0x00000038   Code   RO         8591    i.usbd_cdc_EP0_RxReady  usbd_cdc_core.o
    0x08004b74   0x00000058   Code   RO         8592    i.usbd_cdc_Init     usbd_cdc_core.o
    0x08004bcc   0x00000028   Code   RO         8593    i.usbd_cdc_SOF      usbd_cdc_core.o
    0x08004bf4   0x000000c4   Code   RO         8594    i.usbd_cdc_Setup    usbd_cdc_core.o
    0x08004cb8   0x0000000a   Code   RO         9303    x$fpl$fpinit        fz_wm.l(fpinit.o)
    0x08004cc2   0x00000002   PAD
    0x08004cc4   0x00000020   Data   RO         9392    Region$$Table       anon$$obj.o


    Execution Region RW_IRAM1 (Base: 0x20000000, Size: 0x000030d8, Max: 0x00020000, ABSOLUTE, COMPRESSED[0x00000124])

    Base Addr    Size         Type   Attr      Idx    E Section Name        Object

    0x20000000   0x00000008   Data   RW          357    .data               delay.o
    0x20000008   0x00000004   Data   RW          726    .data               usart1.o
    0x2000000c   0x00000004   Data   RW          781    .data               usart2.o
    0x20000010   0x00000018   Data   RW          873    .data               sdio_sd.o
    0x20000028   0x00000010   Data   RW         4024    .data               stm32f4xx_rcc.o
    0x20000038   0x00000014   Data   RW         6178    .data               system_stm32f4xx.o
    0x2000004c   0x0000001e   Data   RW         7305    .data               usbh_core.o
    0x2000006a   0x00000002   PAD
    0x2000006c   0x00000034   Data   RW         7673    .data               usbd_core.o
    0x200000a0   0x0000000d   Data   RW         7837    .data               usbd_req.o
    0x200000ad   0x00000003   PAD
    0x200000b0   0x000000e0   Data   RW         8596    .data               usbd_cdc_core.o
    0x20000190   0x00000014   Data   RW         8673    .data               usbd_cdc_if.o
    0x200001a4   0x0000001c   Data   RW         8976    .data               usbd_usr.o
    0x200001c0   0x0000005a   Data   RW         9046    .data               usbd_desc.o
    0x2000021a   0x00000002   PAD
    0x2000021c   0x00000c00   Zero   RW         8595    .bss                usbd_cdc_core.o
    0x20000e1c   0x00000b18   Zero   RW         8724    .bss                usb_app.o
    0x20001934   0x00000040   Zero   RW         9045    .bss                usbd_desc.o
    0x20001974   0x00000060   Zero   RW         9267    .bss                c_w.l(libspace.o)
    0x200019d4   0x00000004   PAD
    0x200019d8   0x00000f00   Zero   RW         6214    HEAP                startup_stm32f40_41xxx.o
    0x200028d8   0x00000800   Zero   RW         6213    STACK               startup_stm32f40_41xxx.o


==============================================================================

Image component sizes


      Code (inc. data)   RO Data    RW Data    ZI Data      Debug   Object Name

       156         20          0          8          0       1216   delay.o
       408         66          0          0          0       3249   gpio.o
        72          0          0          0          0     334991   main.o
       180         24          0          0          0       1997   misc.o
       228         18          0         24          0       5700   sdio_sd.o
       716         22          0          0          0        937   sram.o
        64         26        392          0       5888        840   startup_stm32f40_41xxx.o
       226         46          0          0          0       3688   stm32f4xx_dma.o
       344         16          0          0          0       1941   stm32f4xx_fsmc.o
       222          0          0          0          0       2783   stm32f4xx_gpio.o
       328         36          0         16          0       4535   stm32f4xx_rcc.o
        68         16          0          0          0       1640   stm32f4xx_sdio.o
        66          0          0          0          0       2444   stm32f4xx_usart.o
       340         32          0         20          0       1777   system_stm32f4xx.o
        54         10          0          4          0       1481   usart1.o
       106         24          0          4          0       2065   usart2.o
        68         22          0          0       2840       1213   usb_app.o
       206          4          0          0          0       3119   usb_bsp.o
      3896         18          0          0          0      23544   usb_core.o
       666          0          0          0          0       5724   usb_dcd.o
      2252         96          0          0          0       9351   usb_dcd_int.o
      3710         16          0          0          0      10103   usb_hcd_int.o
       948        120          0        224       3072       9106   usbd_cdc_core.o
       140          6          0         20          0       4499   usbd_cdc_if.o
       784          6          0         52          0       9960   usbd_core.o
       434        170          0         90         64       6783   usbd_desc.o
       224          0          0          0          0       4316   usbd_ioreq.o
      1854         62          0         13          0      10230   usbd_req.o
        30          0          0         28          0       3502   usbd_usr.o
        82          0          0         30          0       6077   usbh_core.o

    ----------------------------------------------------------------------
     18900        876        424        540      11864     478811   Object Totals
         0          0         32          0          0          0   (incl. Generated)
        28          0          0          7          0          0   (incl. Padding)

    ----------------------------------------------------------------------

      Code (inc. data)   RO Data    RW Data    ZI Data      Debug   Library Member Name

        90          0          0          0          0          0   __dczerorl2.o
         8          0          0          0          0         68   __main.o
         0          0          0          0          0          0   __rtentry.o
        12          0          0          0          0          0   __rtentry2.o
         6          0          0          0          0          0   __rtentry4.o
        52          8          0          0          0          0   __scatter.o
        28          0          0          0          0          0   __scatter_zi.o
        18          0          0          0          0         80   exit.o
         6          0          0          0          0        152   heapauxi.o
         0          0          0          0          0          0   indicate_semi.o
         2          0          0          0          0          0   libinit.o
         6          0          0          0          0          0   libinit2.o
         2          0          0          0          0          0   libshutdown.o
         2          0          0          0          0          0   libshutdown2.o
         8          4          0          0         96         68   libspace.o
         2          0          0          0          0          0   rtexit.o
        10          0          0          0          0          0   rtexit2.o
        12          4          0          0          0         68   sys_exit.o
        74          0          0          0          0         80   sys_stackheap_outer.o
         2          0          0          0          0         68   use_no_semi.o
        10          0          0          0          0        116   fpinit.o

    ----------------------------------------------------------------------
       360         16          0          0        100        700   Library Totals
        10          0          0          0          4          0   (incl. Padding)

    ----------------------------------------------------------------------

      Code (inc. data)   RO Data    RW Data    ZI Data      Debug   Library Name

       340         16          0          0         96        584   c_w.l
        10          0          0          0          0        116   fz_wm.l

    ----------------------------------------------------------------------
       360         16          0          0        100        700   Library Totals

    ----------------------------------------------------------------------

==============================================================================


      Code (inc. data)   RO Data    RW Data    ZI Data      Debug   

     19260        892        424        540      11964     461355   Grand Totals
     19260        892        424        292      11964     461355   ELF Image Totals (compressed)
     19260        892        424        292          0          0   ROM Totals

==============================================================================

    Total RO  Size (Code + RO Data)                19684 (  19.22kB)
    Total RW  Size (RW Data + ZI Data)             12504 (  12.21kB)
    Total ROM Size (Code + RO Data + RW Data)      19976 (  19.51kB)

==============================================================================

