Component: ARM Compiler 5.06 update 4 (build 422) Tool: armlink [4d35d2]

==============================================================================

Section Cross References

    main.o(i.main) refers to system_stm32f4xx.o(i.SystemInit) for SystemInit
    main.o(i.main) refers to misc.o(i.NVIC_PriorityGroupConfig) for NVIC_PriorityGroupConfig
    main.o(i.main) refers to delay.o(i.delay_init) for delay_init
    gpio.o(i.MG_Get) refers to gpio.o(i.MG_PORT_F) for MG_PORT_F
    gpio.o(i.MG_Get) refers to gpio.o(i.MG_PIN_F) for MG_PIN_F
    gpio.o(i.MG_Get) refers to stm32f4xx_gpio.o(i.GPIO_ReadInputDataBit) for GPIO_ReadInputDataBit
    gpio.o(i.MG_Input) refers to gpio.o(i.MG_PORT_F) for MG_PORT_F
    gpio.o(i.MG_Input) refers to gpio.o(i.MG_PIN_F) for MG_PIN_F
    gpio.o(i.MG_Input) refers to stm32f4xx_gpio.o(i.GPIO_Init) for GPIO_Init
    gpio.o(i.MG_Output) refers to gpio.o(i.MG_PORT_F) for MG_PORT_F
    gpio.o(i.MG_Output) refers to gpio.o(i.MG_PIN_F) for MG_PIN_F
    gpio.o(i.MG_Output) refers to stm32f4xx_gpio.o(i.GPIO_Init) for GPIO_Init
    gpio.o(i.MG_RCC) refers to stm32f4xx_rcc.o(i.RCC_AHB1PeriphClockCmd) for RCC_AHB1PeriphClockCmd
    gpio.o(i.MG_Set) refers to gpio.o(i.MG_PORT_F) for MG_PORT_F
    gpio.o(i.MG_Set) refers to gpio.o(i.MG_PIN_F) for MG_PIN_F
    gpio.o(i.MG_Set) refers to stm32f4xx_gpio.o(i.GPIO_ResetBits) for GPIO_ResetBits
    gpio.o(i.MG_Set) refers to stm32f4xx_gpio.o(i.GPIO_SetBits) for GPIO_SetBits
    gpio.o(i.MG_Toggle) refers to gpio.o(i.MG_PORT_F) for MG_PORT_F
    gpio.o(i.MG_Toggle) refers to gpio.o(i.MG_PIN_F) for MG_PIN_F
    gpio.o(i.MG_Toggle) refers to stm32f4xx_gpio.o(i.GPIO_ReadOutputDataBit) for GPIO_ReadOutputDataBit
    gpio.o(i.MG_Toggle) refers to gpio.o(i.MG_Set) for MG_Set
    delay.o(i.delay_init) refers to misc.o(i.SysTick_CLKSourceConfig) for SysTick_CLKSourceConfig
    delay.o(i.delay_init) refers to system_stm32f4xx.o(.data) for SystemCoreClock
    delay.o(i.delay_init) refers to delay.o(.data) for fac_us
    delay.o(i.delay_ms) refers to delay.o(.data) for fac_ms
    delay.o(i.delay_us) refers to delay.o(.data) for fac_us
    flash.o(i.Flash_ReadData) refers to flash.o(i.STMFLASH_Read) for STMFLASH_Read
    flash.o(i.Flash_WriteData) refers to flash.o(i.STMFLASH_WriteLenByte) for STMFLASH_WriteLenByte
    flash.o(i.Flash_WriteWords) refers to flash.o(i.STMFLASH_WriteLenByte) for STMFLASH_WriteLenByte
    flash.o(i.STMFLASH_WriteLenByte) refers to flash.o(i.Flash_GetSector) for Flash_GetSector
    flash.o(i.STMFLASH_WriteLenByte) refers to flash.o(i.Flash_GetSectorStart) for Flash_GetSectorStart
    flash.o(i.STMFLASH_WriteLenByte) refers to flash.o(i.STMFLASH_Read) for STMFLASH_Read
    flash.o(i.STMFLASH_WriteLenByte) refers to stm32f4xx_flash.o(i.FLASH_Unlock) for FLASH_Unlock
    flash.o(i.STMFLASH_WriteLenByte) refers to stm32f4xx_flash.o(i.FLASH_EraseSector) for FLASH_EraseSector
    flash.o(i.STMFLASH_WriteLenByte) refers to stm32f4xx_flash.o(i.FLASH_ProgramWord) for FLASH_ProgramWord
    flash.o(i.STMFLASH_WriteLenByte) refers to stm32f4xx_flash.o(i.FLASH_Lock) for FLASH_Lock
    flash.o(i.STMFLASH_WriteLenByte) refers to flash.o(.bss) for Flash_Buffer
    mi2c.o(i.MI2C_End) refers to mi2c.o(i.MI2C_Out) for MI2C_Out
    mi2c.o(i.MI2C_End) refers to gpio.o(i.MG_Set) for MG_Set
    mi2c.o(i.MI2C_End) refers to delay.o(i.delayus) for delayus
    mi2c.o(i.MI2C_Get) refers to gpio.o(i.MG_Get) for MG_Get
    mi2c.o(i.MI2C_GetAck) refers to mi2c.o(i.MI2C_In) for MI2C_In
    mi2c.o(i.MI2C_GetAck) refers to mi2c.o(i.MI2C_Set) for MI2C_Set
    mi2c.o(i.MI2C_GetAck) refers to delay.o(i.delayus) for delayus
    mi2c.o(i.MI2C_GetAck) refers to gpio.o(i.MG_Set) for MG_Set
    mi2c.o(i.MI2C_GetAck) refers to mi2c.o(i.MI2C_Get) for MI2C_Get
    mi2c.o(i.MI2C_In) refers to gpio.o(i.MG_Input) for MG_Input
    mi2c.o(i.MI2C_Init) refers to gpio.o(i.MG_RCC) for MG_RCC
    mi2c.o(i.MI2C_Init) refers to gpio.o(i.MG_Output) for MG_Output
    mi2c.o(i.MI2C_Init) refers to gpio.o(i.MG_Set) for MG_Set
    mi2c.o(i.MI2C_NoAck) refers to mi2c.o(i.MI2C_Out) for MI2C_Out
    mi2c.o(i.MI2C_NoAck) refers to mi2c.o(i.MI2C_Set) for MI2C_Set
    mi2c.o(i.MI2C_NoAck) refers to delay.o(i.delayus) for delayus
    mi2c.o(i.MI2C_NoAck) refers to gpio.o(i.MG_Set) for MG_Set
    mi2c.o(i.MI2C_Out) refers to gpio.o(i.MG_Output) for MG_Output
    mi2c.o(i.MI2C_Read) refers to mi2c.o(i.MI2C_In) for MI2C_In
    mi2c.o(i.MI2C_Read) refers to mi2c.o(i.MI2C_Get) for MI2C_Get
    mi2c.o(i.MI2C_Read) refers to delay.o(i.delayus) for delayus
    mi2c.o(i.MI2C_Read) refers to gpio.o(i.MG_Set) for MG_Set
    mi2c.o(i.MI2C_ReadMiltiReg) refers to mi2c.o(i.MI2C_Start) for MI2C_Start
    mi2c.o(i.MI2C_ReadMiltiReg) refers to mi2c.o(i.MI2C_Write) for MI2C_Write
    mi2c.o(i.MI2C_ReadMiltiReg) refers to mi2c.o(i.MI2C_GetAck) for MI2C_GetAck
    mi2c.o(i.MI2C_ReadMiltiReg) refers to mi2c.o(i.MI2C_Read) for MI2C_Read
[...]
    Removing stm32f4xx_tim.o(i.TIM_SetIC4Prescaler), (26 bytes).
    Removing stm32f4xx_tim.o(i.TIM_TIxExternalClockConfig), (62 bytes).
    Removing stm32f4xx_tim.o(i.TIM_TimeBaseInit), (132 bytes).
    Removing stm32f4xx_tim.o(i.TIM_TimeBaseStructInit), (18 bytes).
    Removing stm32f4xx_tim.o(i.TIM_UpdateDisableConfig), (24 bytes).
    Removing stm32f4xx_tim.o(i.TIM_UpdateRequestConfig), (24 bytes).
    Removing stm32f4xx_usart.o(.rev16_text), (4 bytes).
    Removing stm32f4xx_usart.o(.revsh_text), (4 bytes).
    Removing stm32f4xx_usart.o(.rrx_text), (6 bytes).
    Removing stm32f4xx_usart.o(i.USART_ClearFlag), (18 bytes).
    Removing stm32f4xx_usart.o(i.USART_ClockInit), (32 bytes).
    Removing stm32f4xx_usart.o(i.USART_ClockStructInit), (12 bytes).
    Removing stm32f4xx_usart.o(i.USART_Cmd), (24 bytes).
    Removing stm32f4xx_usart.o(i.USART_DMACmd), (18 bytes).
    Removing stm32f4xx_usart.o(i.USART_DeInit), (240 bytes).
    Removing stm32f4xx_usart.o(i.USART_GetITStatus), (84 bytes).
    Removing stm32f4xx_usart.o(i.USART_HalfDuplexCmd), (24 bytes).
    Removing stm32f4xx_usart.o(i.USART_ITConfig), (74 bytes).
    Removing stm32f4xx_usart.o(i.USART_Init), (212 bytes).
    Removing stm32f4xx_usart.o(i.USART_IrDACmd), (24 bytes).
    Removing stm32f4xx_usart.o(i.USART_IrDAConfig), (18 bytes).
    Removing stm32f4xx_usart.o(i.USART_LINBreakDetectLengthConfig), (18 bytes).
    Removing stm32f4xx_usart.o(i.USART_LINCmd), (24 bytes).
    Removing stm32f4xx_usart.o(i.USART_OneBitMethodCmd), (24 bytes).
    Removing stm32f4xx_usart.o(i.USART_OverSampling8Cmd), (22 bytes).
    Removing stm32f4xx_usart.o(i.USART_ReceiverWakeUpCmd), (24 bytes).
    Removing stm32f4xx_usart.o(i.USART_SendBreak), (10 bytes).
    Removing stm32f4xx_usart.o(i.USART_SendData), (8 bytes).
    Removing stm32f4xx_usart.o(i.USART_SetAddress), (18 bytes).
    Removing stm32f4xx_usart.o(i.USART_SetGuardTime), (16 bytes).
    Removing stm32f4xx_usart.o(i.USART_SetPrescaler), (16 bytes).
    Removing stm32f4xx_usart.o(i.USART_SmartCardCmd), (24 bytes).
    Removing stm32f4xx_usart.o(i.USART_SmartCardNACKCmd), (24 bytes).
    Removing stm32f4xx_usart.o(i.USART_StructInit), (24 bytes).
    Removing stm32f4xx_usart.o(i.USART_WakeUpConfig), (18 bytes).
    Removing stm32f4xx_wwdg.o(.rev16_text), (4 bytes).
    Removing stm32f4xx_wwdg.o(.revsh_text), (4 bytes).
    Removing stm32f4xx_wwdg.o(.rrx_text), (6 bytes).
    Removing stm32f4xx_wwdg.o(i.WWDG_ClearFlag), (12 bytes).
    Removing stm32f4xx_wwdg.o(i.WWDG_DeInit), (22 bytes).
    Removing stm32f4xx_wwdg.o(i.WWDG_Enable), (16 bytes).
    Removing stm32f4xx_wwdg.o(i.WWDG_EnableIT), (12 bytes).
    Removing stm32f4xx_wwdg.o(i.WWDG_GetFlagStatus), (20 bytes).
    Removing stm32f4xx_wwdg.o(i.WWDG_SetCounter), (16 bytes).
    Removing stm32f4xx_wwdg.o(i.WWDG_SetPrescaler), (24 bytes).
    Removing stm32f4xx_wwdg.o(i.WWDG_SetWindowValue), (40 bytes).
    Removing system_stm32f4xx.o(.rev16_text), (4 bytes).
    Removing system_stm32f4xx.o(.revsh_text), (4 bytes).
    Removing system_stm32f4xx.o(.rrx_text), (6 bytes).
    Removing system_stm32f4xx.o(i.SystemCoreClockUpdate), (192 bytes).
    Removing stm32f4x7_eth.o(.rev16_text), (4 bytes).
    Removing stm32f4x7_eth.o(.revsh_text), (4 bytes).
    Removing stm32f4x7_eth.o(.rrx_text), (6 bytes).
    Removing stm32f4x7_eth.o(i.ETH_BackPressureActivationCmd), (36 bytes).
    Removing stm32f4x7_eth.o(i.ETH_CheckFrameReceived), (200 bytes).
    Removing stm32f4x7_eth.o(i.ETH_DMAClearFlag), (12 bytes).
    Removing stm32f4x7_eth.o(i.ETH_DMAClearITPendingBit), (12 bytes).
    Removing stm32f4x7_eth.o(i.ETH_DMAITConfig), (32 bytes).
    Removing stm32f4x7_eth.o(i.ETH_DMAReceptionCmd), (36 bytes).
    Removing stm32f4x7_eth.o(i.ETH_DMARxDescChainInit), (100 bytes).
    Removing stm32f4x7_eth.o(i.ETH_DMARxDescReceiveITConfig), (22 bytes).
    Removing stm32f4x7_eth.o(i.ETH_DMATransmissionCmd), (36 bytes).
    Removing stm32f4x7_eth.o(i.ETH_DMATxDescBufferSizeConfig), (14 bytes).
    Removing stm32f4x7_eth.o(i.ETH_DMATxDescCRCCmd), (22 bytes).
    Removing stm32f4x7_eth.o(i.ETH_DMATxDescChainInit), (80 bytes).
    Removing stm32f4x7_eth.o(i.ETH_DMATxDescChecksumInsertionConfig), (8 bytes).
    Removing stm32f4x7_eth.o(i.ETH_DMATxDescFrameSegmentConfig), (8 bytes).
    Removing stm32f4x7_eth.o(i.ETH_DMATxDescSecondAddressChainedCmd), (22 bytes).
    Removing stm32f4x7_eth.o(i.ETH_DMATxDescShortFramePaddingCmd), (22 bytes).
    Removing stm32f4x7_eth.o(i.ETH_DMATxDescTransmitITConfig), (22 bytes).
    Removing stm32f4x7_eth.o(i.ETH_DeInit), (22 bytes).
    Removing stm32f4x7_eth.o(i.ETH_Delay), (28 bytes).
    Removing stm32f4x7_eth.o(i.ETH_EnhancedDescriptorCmd), (36 bytes).
    Removing stm32f4x7_eth.o(i.ETH_FlushTransmitFIFO), (20 bytes).
    Removing stm32f4x7_eth.o(i.ETH_GetBufferUnavailableMissedFrameCounter), (12 bytes).
    Removing stm32f4x7_eth.o(i.ETH_GetCurrentRxBufferAddress), (12 bytes).
    Removing stm32f4x7_eth.o(i.ETH_GetCurrentRxDescStartAddress), (12 bytes).
    Removing stm32f4x7_eth.o(i.ETH_GetCurrentTxBufferAddress), (12 bytes).
    Removing stm32f4x7_eth.o(i.ETH_GetCurrentTxDescStartAddress), (12 bytes).
    Removing stm32f4x7_eth.o(i.ETH_GetDMAFlagStatus), (24 bytes).
    Removing stm32f4x7_eth.o(i.ETH_GetDMAITStatus), (24 bytes).
    Removing stm32f4x7_eth.o(i.ETH_GetDMAOverflowStatus), (24 bytes).
    Removing stm32f4x7_eth.o(i.ETH_GetDMAPTPRxDescExtendedFlagStatus), (18 bytes).
    Removing stm32f4x7_eth.o(i.ETH_GetDMARxDescBufferSize), (20 bytes).
    Removing stm32f4x7_eth.o(i.ETH_GetDMARxDescFlagStatus), (18 bytes).
    Removing stm32f4x7_eth.o(i.ETH_GetDMARxDescFrameLength), (10 bytes).
    Removing stm32f4x7_eth.o(i.ETH_GetDMATxDescCollisionCount), (10 bytes).
    Removing stm32f4x7_eth.o(i.ETH_GetDMATxDescFlagStatus), (18 bytes).
    Removing stm32f4x7_eth.o(i.ETH_GetFlowControlBusyStatus), (24 bytes).
    Removing stm32f4x7_eth.o(i.ETH_GetFlushTransmitFIFOStatus), (24 bytes).
    Removing stm32f4x7_eth.o(i.ETH_GetMACAddress), (40 bytes).
    Removing stm32f4x7_eth.o(i.ETH_GetMACFlagStatus), (24 bytes).
    Removing stm32f4x7_eth.o(i.ETH_GetMACITStatus), (24 bytes).
    Removing stm32f4x7_eth.o(i.ETH_GetMMCITStatus), (68 bytes).
    Removing stm32f4x7_eth.o(i.ETH_GetMMCRegister), (12 bytes).
    Removing stm32f4x7_eth.o(i.ETH_GetPMTFlagStatus), (24 bytes).
    Removing stm32f4x7_eth.o(i.ETH_GetReceiveProcessState), (16 bytes).
    Removing stm32f4x7_eth.o(i.ETH_GetRxOverflowMissedFrameCounter), (16 bytes).
    Removing stm32f4x7_eth.o(i.ETH_GetRxPktSize), (42 bytes).
    Removing stm32f4x7_eth.o(i.ETH_GetSoftwareResetStatus), (24 bytes).
    Removing stm32f4x7_eth.o(i.ETH_GetTransmitProcessState), (16 bytes).
    Removing stm32f4x7_eth.o(i.ETH_Get_Received_Frame), (92 bytes).
    Removing stm32f4x7_eth.o(i.ETH_Get_Received_Frame_interrupt), (276 bytes).
    Removing stm32f4x7_eth.o(i.ETH_GlobalUnicastWakeUpCmd), (36 bytes).
    Removing stm32f4x7_eth.o(i.ETH_Init), (664 bytes).
    Removing stm32f4x7_eth.o(i.ETH_InitiatePauseControlFrame), (20 bytes).
    Removing stm32f4x7_eth.o(i.ETH_MACAddressConfig), (52 bytes).
    Removing stm32f4x7_eth.o(i.ETH_MACAddressFilterConfig), (44 bytes).
    Removing stm32f4x7_eth.o(i.ETH_MACAddressMaskBytesFilterConfig), (36 bytes).
    Removing stm32f4x7_eth.o(i.ETH_MACAddressPerfectFilterCmd), (44 bytes).
    Removing stm32f4x7_eth.o(i.ETH_MACITConfig), (32 bytes).
    Removing stm32f4x7_eth.o(i.ETH_MACReceptionCmd), (36 bytes).
    Removing stm32f4x7_eth.o(i.ETH_MACTransmissionCmd), (36 bytes).
    Removing stm32f4x7_eth.o(i.ETH_MMCCounterFreezeCmd), (44 bytes).
    Removing stm32f4x7_eth.o(i.ETH_MMCCounterFullPreset), (24 bytes).
    Removing stm32f4x7_eth.o(i.ETH_MMCCounterHalfPreset), (40 bytes).
    Removing stm32f4x7_eth.o(i.ETH_MMCCounterRolloverCmd), (44 bytes).
    Removing stm32f4x7_eth.o(i.ETH_MMCCountersReset), (24 bytes).
    Removing stm32f4x7_eth.o(i.ETH_MMCITConfig), (84 bytes).
    Removing stm32f4x7_eth.o(i.ETH_MMCResetOnReadCmd), (44 bytes).
    Removing stm32f4x7_eth.o(i.ETH_MagicPacketDetectionCmd), (36 bytes).
    Removing stm32f4x7_eth.o(i.ETH_PHYLoopBackCmd), (52 bytes).
    Removing stm32f4x7_eth.o(i.ETH_PowerDownCmd), (36 bytes).
    Removing stm32f4x7_eth.o(i.ETH_Prepare_Transmit_Descriptors), (232 bytes).
    Removing stm32f4x7_eth.o(i.ETH_ReadPHYRegister), (108 bytes).
    Removing stm32f4x7_eth.o(i.ETH_ResetWakeUpFrameFilterRegisterPointer), (20 bytes).
    Removing stm32f4x7_eth.o(i.ETH_ResumeDMAReception), (12 bytes).
    Removing stm32f4x7_eth.o(i.ETH_ResumeDMATransmission), (12 bytes).
    Removing stm32f4x7_eth.o(i.ETH_SetDMARxDescOwnBit), (10 bytes).
    Removing stm32f4x7_eth.o(i.ETH_SetDMATxDescOwnBit), (10 bytes).
    Removing stm32f4x7_eth.o(i.ETH_SetReceiveWatchdogTimer), (12 bytes).
    Removing stm32f4x7_eth.o(i.ETH_SetWakeUpFrameFilterRegister), (28 bytes).
    Removing stm32f4x7_eth.o(i.ETH_SoftwareReset), (20 bytes).
    Removing stm32f4x7_eth.o(i.ETH_Start), (32 bytes).
    Removing stm32f4x7_eth.o(i.ETH_StructInit), (178 bytes).
    Removing stm32f4x7_eth.o(i.ETH_WakeUpFrameDetectionCmd), (36 bytes).
    Removing stm32f4x7_eth.o(i.ETH_WritePHYRegister), (104 bytes).
    Removing stm32f4x7_eth.o(.bss), (15572 bytes).
    Removing stm32f4x7_eth.o(.data), (16 bytes).
    Removing diskio.o(.rev16_text), (4 bytes).
    Removing diskio.o(.revsh_text), (4 bytes).
    Removing diskio.o(.rrx_text), (6 bytes).
    Removing diskio.o(i.disk_initialize), (50 bytes).
    Removing diskio.o(i.disk_ioctl), (34 bytes).
    Removing diskio.o(i.disk_read), (78 bytes).
    Removing diskio.o(i.disk_status), (50 bytes).
    Removing diskio.o(i.disk_write), (78 bytes).
    Removing ff.o(i.check_fs), (192 bytes).
    Removing ff.o(i.chk_chr), (20 bytes).
    Removing ff.o(i.clst2sect), (26 bytes).
    Removing ff.o(i.create_chain), (288 bytes).
    Removing ff.o(i.create_name), (260 bytes).
    Removing ff.o(i.dbc_1st), (52 bytes).
    Removing ff.o(i.dbc_2nd), (72 bytes).
    Removing ff.o(i.dir_alloc), (96 bytes).
    Removing ff.o(i.dir_clear), (96 bytes).
    Removing ff.o(i.dir_find), (108 bytes).
    Removing ff.o(i.dir_next), (202 bytes).
    Removing ff.o(i.dir_read), (116 bytes).
    Removing ff.o(i.dir_register), (60 bytes).
    Removing ff.o(i.dir_remove), (32 bytes).
    Removing ff.o(i.dir_sdi), (154 bytes).
    Removing ff.o(i.f_close), (34 bytes).
    Removing ff.o(i.f_closedir), (24 bytes).
    Removing ff.o(i.f_getfree), (246 bytes).
    Removing ff.o(i.f_lseek), (388 bytes).
    Removing ff.o(i.f_mkdir), (260 bytes).
    Removing ff.o(i.f_mount), (84 bytes).
    Removing ff.o(i.f_open), (486 bytes).
    Removing ff.o(i.f_opendir), (108 bytes).
    Removing ff.o(i.f_read), (412 bytes).
    Removing ff.o(i.f_readdir), (78 bytes).
    Removing ff.o(i.f_rename), (282 bytes).
    Removing ff.o(i.f_stat), (62 bytes).
    Removing ff.o(i.f_sync), (160 bytes).
    Removing ff.o(i.f_truncate), (178 bytes).
    Removing ff.o(i.f_unlink), (170 bytes).
    Removing ff.o(i.f_write), (478 bytes).
    Removing ff.o(i.find_volume), (120 bytes).
    Removing ff.o(i.follow_path), (158 bytes).
    Removing ff.o(i.get_fat), (224 bytes).
    Removing ff.o(i.get_fileinfo), (142 bytes).
    Removing ff.o(i.get_ldnumber), (78 bytes).
    Removing ff.o(i.ld_clust), (38 bytes).
    Removing ff.o(i.ld_dword), (24 bytes).
    Removing ff.o(i.ld_word), (12 bytes).
    Removing ff.o(i.mem_cmp), (36 bytes).
    Removing ff.o(i.mem_cpy), (26 bytes).
    Removing ff.o(i.mem_set), (18 bytes).
    Removing ff.o(i.mount_volume), (680 bytes).
    Removing ff.o(i.move_window), (52 bytes).
    Removing ff.o(i.put_fat), (312 bytes).
    Removing ff.o(i.remove_chain), (154 bytes).
    Removing ff.o(i.st_clust), (36 bytes).
    Removing ff.o(i.st_dword), (24 bytes).
    Removing ff.o(i.st_word), (12 bytes).
    Removing ff.o(i.sync_fs), (144 bytes).
    Removing ff.o(i.sync_window), (74 bytes).
    Removing ff.o(i.validate), (60 bytes).
    Removing ff.o(.constdata), (10 bytes).
    Removing ff.o(.data), (6 bytes).
    Removing fatfsapp.o(.rev16_text), (4 bytes).
    Removing fatfsapp.o(.revsh_text), (4 bytes).
    Removing fatfsapp.o(.rrx_text), (6 bytes).
    Removing fatfsapp.o(i.MMC_disk_initialize), (4 bytes).
    Removing fatfsapp.o(i.MMC_disk_read), (6 bytes).
    Removing fatfsapp.o(i.MMC_disk_status), (4 bytes).
    Removing fatfsapp.o(i.MMC_disk_write), (6 bytes).
    Removing fatfsapp.o(i.RAM_disk_initialize), (4 bytes).
    Removing fatfsapp.o(i.RAM_disk_read), (6 bytes).
    Removing fatfsapp.o(i.RAM_disk_status), (4 bytes).
    Removing fatfsapp.o(i.RAM_disk_write), (6 bytes).
    Removing fatfsapp.o(i.USB_disk_initialize), (4 bytes).
    Removing fatfsapp.o(i.USB_disk_read), (6 bytes).
    Removing fatfsapp.o(i.USB_disk_status), (4 bytes).
    Removing fatfsapp.o(i.USB_disk_write), (6 bytes).
    Removing fatfsapp.o(i.get_fattime), (4 bytes).
    Removing usbh_core.o(.rev16_text), (4 bytes).
    Removing usbh_core.o(.revsh_text), (4 bytes).
    Removing usbh_core.o(.rrx_text), (6 bytes).
    Removing usbh_core.o(i.USBH_Connected), (12 bytes).
    Removing usbh_core.o(i.USBH_DeInit), (58 bytes).
    Removing usbh_core.o(i.USBH_Disconnected), (40 bytes).
    Removing usbh_core.o(i.USBH_ErrorHandle), (46 bytes).
    Removing usbh_core.o(i.USBH_HandleControl), (556 bytes).
    Removing usbh_core.o(i.USBH_HandleEnum), (480 bytes).
    Removing usbh_core.o(i.USBH_Init), (68 bytes).
    Removing usbh_core.o(i.USBH_PortDisabled), (12 bytes).
    Removing usbh_core.o(i.USBH_PortEnabled), (12 bytes).
    Removing usbh_core.o(i.USBH_Process), (458 bytes).
    Removing usbh_core.o(i.USBH_SOF), (6 bytes).
    Removing usbh_core.o(i.USB_OTG_BSP_Resume), (124 bytes).
    Removing usbh_core.o(i.USB_OTG_BSP_Suspend), (92 bytes).
    Removing usbh_core.o(.data), (30 bytes).
    Removing usbh_hcs.o(.rev16_text), (4 bytes).
    Removing usbh_hcs.o(.revsh_text), (4 bytes).
    Removing usbh_hcs.o(.rrx_text), (6 bytes).
    Removing usbh_hcs.o(i.USBH_Alloc_Channel), (38 bytes).
    Removing usbh_hcs.o(i.USBH_DeAllocate_AllChannel), (28 bytes).
    Removing usbh_hcs.o(i.USBH_Free_Channel), (30 bytes).
    Removing usbh_hcs.o(i.USBH_GetFreeChannel), (40 bytes).
    Removing usbh_hcs.o(i.USBH_Modify_Channel), (100 bytes).
    Removing usbh_hcs.o(i.USBH_Open_Channel), (154 bytes).
    Removing usbh_ioreq.o(.rev16_text), (4 bytes).
    Removing usbh_ioreq.o(.revsh_text), (4 bytes).
    Removing usbh_ioreq.o(.rrx_text), (6 bytes).
    Removing usbh_ioreq.o(i.USBH_BulkReceiveData), (96 bytes).
    Removing usbh_ioreq.o(i.USBH_BulkSendData), (94 bytes).
    Removing usbh_ioreq.o(i.USBH_CtlReceiveData), (70 bytes).
    Removing usbh_ioreq.o(i.USBH_CtlReq), (100 bytes).
    Removing usbh_ioreq.o(i.USBH_CtlSendData), (110 bytes).
    Removing usbh_ioreq.o(i.USBH_CtlSendSetup), (66 bytes).
    Removing usbh_ioreq.o(i.USBH_InterruptReceiveData), (120 bytes).
    Removing usbh_ioreq.o(i.USBH_InterruptSendData), (118 bytes).
    Removing usbh_ioreq.o(i.USBH_IsocReceiveData), (70 bytes).
    Removing usbh_ioreq.o(i.USBH_IsocSendData), (68 bytes).
    Removing usbh_ioreq.o(i.USBH_SubmitSetupRequest), (24 bytes).
    Removing usbh_stdreq.o(.rev16_text), (4 bytes).
    Removing usbh_stdreq.o(.revsh_text), (4 bytes).
    Removing usbh_stdreq.o(.rrx_text), (6 bytes).
    Removing usbh_stdreq.o(i.USBH_ClearDeviceFeature), (44 bytes).
    Removing usbh_stdreq.o(i.USBH_ClrFeature), (76 bytes).
    Removing usbh_stdreq.o(i.USBH_GetDescriptor), (68 bytes).
    Removing usbh_stdreq.o(i.USBH_GetNextDesc), (18 bytes).
    Removing usbh_stdreq.o(i.USBH_Get_CfgDesc), (108 bytes).
    Removing usbh_stdreq.o(i.USBH_Get_DevDesc), (56 bytes).
    Removing usbh_stdreq.o(i.USBH_Get_StringDesc), (60 bytes).
    Removing usbh_stdreq.o(i.USBH_ParseCfgDesc), (304 bytes).
    Removing usbh_stdreq.o(i.USBH_ParseDevDesc), (88 bytes).
    Removing usbh_stdreq.o(i.USBH_ParseEPDesc), (32 bytes).
    Removing usbh_stdreq.o(i.USBH_ParseInterfaceDesc), (38 bytes).
    Removing usbh_stdreq.o(i.USBH_ParseStringDesc), (54 bytes).
    Removing usbh_stdreq.o(i.USBH_SetAddress), (38 bytes).
    Removing usbh_stdreq.o(i.USBH_SetCfg), (38 bytes).
    Removing usbh_stdreq.o(i.USBH_SetDeviceFeature), (44 bytes).
    Removing usbh_stdreq.o(i.USBH_SetInterface), (44 bytes).
    Removing usbh_stdreq.o(.bss), (512 bytes).
    Removing usbh_stdreq.o(.data), (3 bytes).
    Removing usbd_core.o(.rev16_text), (4 bytes).
    Removing usbd_core.o(.revsh_text), (4 bytes).
    Removing usbd_core.o(.rrx_text), (6 bytes).
    Removing usbd_core.o(i.USBD_ClrCfg), (22 bytes).
    Removing usbd_core.o(i.USBD_DataInStage), (232 bytes).
    Removing usbd_core.o(i.USBD_DataOutStage), (150 bytes).
    Removing usbd_core.o(i.USBD_DeInit), (6 bytes).
    Removing usbd_core.o(i.USBD_Init), (66 bytes).
    Removing usbd_core.o(i.USBD_IsoINIncomplete), (18 bytes).
    Removing usbd_core.o(i.USBD_IsoOUTIncomplete), (18 bytes).
    Removing usbd_core.o(i.USBD_Reset), (50 bytes).
    Removing usbd_core.o(i.USBD_Resume), (30 bytes).
    Removing usbd_core.o(i.USBD_RunTestMode), (20 bytes).
    Removing usbd_core.o(i.USBD_SOF), (26 bytes).
    Removing usbd_core.o(i.USBD_SetCfg), (30 bytes).
    Removing usbd_core.o(i.USBD_SetupStage), (84 bytes).
    Removing usbd_core.o(i.USBD_Suspend), (32 bytes).
    Removing usbd_core.o(.data), (52 bytes).
    Removing usbd_ioreq.o(.rev16_text), (4 bytes).
    Removing usbd_ioreq.o(.revsh_text), (4 bytes).
    Removing usbd_ioreq.o(.rrx_text), (6 bytes).
    Removing usbd_ioreq.o(i.USBD_CtlContinueRx), (30 bytes).
    Removing usbd_ioreq.o(i.USBD_CtlContinueSendData), (30 bytes).
    Removing usbd_ioreq.o(i.USBD_CtlPrepareRx), (46 bytes).
    Removing usbd_ioreq.o(i.USBD_CtlReceiveStatus), (36 bytes).
    Removing usbd_ioreq.o(i.USBD_CtlSendData), (46 bytes).
    Removing usbd_ioreq.o(i.USBD_CtlSendStatus), (36 bytes).
    Removing usbd_ioreq.o(i.USBD_GetRxCount), (20 bytes).
    Removing usbd_req.o(.rev16_text), (4 bytes).
    Removing usbd_req.o(.revsh_text), (4 bytes).
    Removing usbd_req.o(.rrx_text), (6 bytes).
    Removing usbd_req.o(i.USBD_ClrFeature), (72 bytes).
    Removing usbd_req.o(i.USBD_CtlError), (30 bytes).
    Removing usbd_req.o(i.USBD_GetConfig), (84 bytes).
    Removing usbd_req.o(i.USBD_GetDescriptor), (372 bytes).
    Removing usbd_req.o(i.USBD_GetLen), (20 bytes).
    Removing usbd_req.o(i.USBD_GetStatus), (80 bytes).
    Removing usbd_req.o(i.USBD_GetString), (82 bytes).
    Removing usbd_req.o(i.USBD_ParseSetupRequest), (72 bytes).
    Removing usbd_req.o(i.USBD_SetAddress), (92 bytes).
    Removing usbd_req.o(i.USBD_SetConfig), (208 bytes).
    Removing usbd_req.o(i.USBD_SetFeature), (176 bytes).
    Removing usbd_req.o(i.USBD_StdDevReq), (114 bytes).
    Removing usbd_req.o(i.USBD_StdEPReq), (376 bytes).
    Removing usbd_req.o(i.USBD_StdItfReq), (76 bytes).
    Removing usbd_req.o(.data), (13 bytes).
    Removing usb_core.o(.rev16_text), (4 bytes).
    Removing usb_core.o(.revsh_text), (4 bytes).
    Removing usb_core.o(.rrx_text), (6 bytes).
    Removing usb_core.o(i.USB_OTG_ActiveRemoteWakeup), (108 bytes).
    Removing usb_core.o(i.USB_OTG_CoreInit), (306 bytes).
    Removing usb_core.o(i.USB_OTG_CoreInitDev), (594 bytes).
    Removing usb_core.o(i.USB_OTG_CoreInitHost), (218 bytes).
    Removing usb_core.o(i.USB_OTG_CoreReset), (112 bytes).
    Removing usb_core.o(i.USB_OTG_DisableGlobalInt), (34 bytes).
    Removing usb_core.o(i.USB_OTG_DriveVbus), (92 bytes).
    Removing usb_core.o(i.USB_OTG_EP0Activate), (116 bytes).
    Removing usb_core.o(i.USB_OTG_EP0StartXfer), (342 bytes).
    Removing usb_core.o(i.USB_OTG_EP0_OutStart), (98 bytes).
    Removing usb_core.o(i.USB_OTG_EPActivate), (176 bytes).
    Removing usb_core.o(i.USB_OTG_EPClearStall), (80 bytes).
    Removing usb_core.o(i.USB_OTG_EPDeactivate), (154 bytes).
    Removing usb_core.o(i.USB_OTG_EPSetStall), (100 bytes).
    Removing usb_core.o(i.USB_OTG_EPStartXfer), (510 bytes).
    Removing usb_core.o(i.USB_OTG_EnableCommonInt), (52 bytes).
    Removing usb_core.o(i.USB_OTG_EnableDevInt), (154 bytes).
    Removing usb_core.o(i.USB_OTG_EnableGlobalInt), (34 bytes).
    Removing usb_core.o(i.USB_OTG_EnableHostInt), (132 bytes).
    Removing usb_core.o(i.USB_OTG_FlushRxFifo), (76 bytes).
    Removing usb_core.o(i.USB_OTG_FlushTxFifo), (84 bytes).
    Removing usb_core.o(i.USB_OTG_GetDeviceSpeed), (56 bytes).
    Removing usb_core.o(i.USB_OTG_GetEPStatus), (106 bytes).
    Removing usb_core.o(i.USB_OTG_GetMode), (12 bytes).
    Removing usb_core.o(i.USB_OTG_HC_DoPing), (90 bytes).
    Removing usb_core.o(i.USB_OTG_HC_Halt), (154 bytes).
    Removing usb_core.o(i.USB_OTG_HC_Init), (568 bytes).
    Removing usb_core.o(i.USB_OTG_HC_StartXfer), (502 bytes).
    Removing usb_core.o(i.USB_OTG_InitDevSpeed), (24 bytes).
    Removing usb_core.o(i.USB_OTG_InitFSLSPClkSel), (24 bytes).
    Removing usb_core.o(i.USB_OTG_IsDeviceMode), (22 bytes).
    Removing usb_core.o(i.USB_OTG_IsEvenFrame), (16 bytes).
    Removing usb_core.o(i.USB_OTG_IsHostMode), (20 bytes).
    Removing usb_core.o(i.USB_OTG_ReadCoreItr), (16 bytes).
    Removing usb_core.o(i.USB_OTG_ReadDevAllInEPItr), (16 bytes).
    Removing usb_core.o(i.USB_OTG_ReadDevAllOutEp_itr), (16 bytes).
    Removing usb_core.o(i.USB_OTG_ReadDevOutEP_itr), (20 bytes).
    Removing usb_core.o(i.USB_OTG_ReadHPRT0), (48 bytes).
    Removing usb_core.o(i.USB_OTG_ReadHostAllChannels_intr), (8 bytes).
    Removing usb_core.o(i.USB_OTG_ReadOtgItr), (8 bytes).
    Removing usb_core.o(i.USB_OTG_ReadPacket), (40 bytes).
    Removing usb_core.o(i.USB_OTG_ResetPort), (64 bytes).
    Removing usb_core.o(i.USB_OTG_SelectCore), (216 bytes).
    Removing usb_core.o(i.USB_OTG_SetCurrentMode), (78 bytes).
    Removing usb_core.o(i.USB_OTG_SetEPStatus), (282 bytes).
    Removing usb_core.o(i.USB_OTG_StopDevice), (82 bytes).
    Removing usb_core.o(i.USB_OTG_StopHost), (96 bytes).
    Removing usb_core.o(i.USB_OTG_UngateClock), (56 bytes).
    Removing usb_core.o(i.USB_OTG_WritePacket), (62 bytes).
    Removing usb_dcd.o(.rev16_text), (4 bytes).
    Removing usb_dcd.o(.revsh_text), (4 bytes).
    Removing usb_dcd.o(.rrx_text), (6 bytes).
    Removing usb_dcd.o(i.DCD_DevConnect), (32 bytes).
    Removing usb_dcd.o(i.DCD_DevDisconnect), (34 bytes).
    Removing usb_dcd.o(i.DCD_EP_Close), (74 bytes).
    Removing usb_dcd.o(i.DCD_EP_ClrStall), (72 bytes).
    Removing usb_dcd.o(i.DCD_EP_Flush), (36 bytes).
    Removing usb_dcd.o(i.DCD_EP_Open), (104 bytes).
    Removing usb_dcd.o(i.DCD_EP_PrepareRx), (82 bytes).
    Removing usb_dcd.o(i.DCD_EP_SetAddress), (28 bytes).
    Removing usb_dcd.o(i.DCD_EP_Stall), (72 bytes).
    Removing usb_dcd.o(i.DCD_EP_Tx), (78 bytes).
    Removing usb_dcd.o(i.DCD_GetEPStatus), (64 bytes).
    Removing usb_dcd.o(i.DCD_Init), (156 bytes).
    Removing usb_dcd.o(i.DCD_SetEPStatus), (62 bytes).
    Removing usb_dcd_int.o(.rev16_text), (4 bytes).
    Removing usb_dcd_int.o(.revsh_text), (4 bytes).
    Removing usb_dcd_int.o(.rrx_text), (6 bytes).
    Removing usb_dcd_int.o(i.DCD_HandleEnumDone_ISR), (408 bytes).
    Removing usb_dcd_int.o(i.DCD_HandleInEP_ISR), (296 bytes).
    Removing usb_dcd_int.o(i.DCD_HandleOutEP_ISR), (256 bytes).
    Removing usb_dcd_int.o(i.DCD_HandleResume_ISR), (108 bytes).
    Removing usb_dcd_int.o(i.DCD_HandleRxStatusQueueLevel_ISR), (176 bytes).
    Removing usb_dcd_int.o(i.DCD_HandleSof_ISR), (44 bytes).
    Removing usb_dcd_int.o(i.DCD_HandleUSBSuspend_ISR), (168 bytes).
    Removing usb_dcd_int.o(i.DCD_HandleUsbReset_ISR), (272 bytes).
    Removing usb_dcd_int.o(i.DCD_IsoINIncomplete_ISR), (44 bytes).
    Removing usb_dcd_int.o(i.DCD_IsoOUTIncomplete_ISR), (44 bytes).
    Removing usb_dcd_int.o(i.DCD_ReadDevInEP), (40 bytes).
    Removing usb_dcd_int.o(i.DCD_WriteEmptyTxFifo), (172 bytes).
    Removing usb_dcd_int.o(i.USBD_OTG_EP1IN_ISR_Handler), (216 bytes).
    Removing usb_dcd_int.o(i.USBD_OTG_EP1OUT_ISR_Handler), (128 bytes).
    Removing usb_dcd_int.o(i.USBD_OTG_ISR_Handler), (224 bytes).
    Removing usb_hcd.o(.rev16_text), (4 bytes).
    Removing usb_hcd.o(.revsh_text), (4 bytes).
    Removing usb_hcd.o(.rrx_text), (6 bytes).
    Removing usb_hcd.o(i.HCD_GetCurrentFrame), (10 bytes).
    Removing usb_hcd.o(i.HCD_GetCurrentSpeed), (20 bytes).
    Removing usb_hcd.o(i.HCD_GetHCState), (10 bytes).
    Removing usb_hcd.o(i.HCD_GetURB_State), (10 bytes).
    Removing usb_hcd.o(i.HCD_GetXferCnt), (12 bytes).
    Removing usb_hcd.o(i.HCD_HC_Init), (16 bytes).
    Removing usb_hcd.o(i.HCD_Init), (96 bytes).
    Removing usb_hcd.o(i.HCD_IsDeviceConnected), (8 bytes).
    Removing usb_hcd.o(i.HCD_IsPortEnabled), (8 bytes).
    Removing usb_hcd.o(i.HCD_ResetPort), (14 bytes).
    Removing usb_hcd.o(i.HCD_SubmitRequest), (32 bytes).
    Removing usb_hcd_int.o(.rev16_text), (4 bytes).
    Removing usb_hcd_int.o(.revsh_text), (4 bytes).
    Removing usb_hcd_int.o(.rrx_text), (6 bytes).
    Removing usb_hcd_int.o(i.USBH_OTG_ISR_Handler), (168 bytes).
    Removing usb_hcd_int.o(i.USB_OTG_USBH_handle_Disconnect_ISR), (44 bytes).
    Removing usb_hcd_int.o(i.USB_OTG_USBH_handle_IncompletePeriodicXfer_ISR), (70 bytes).
    Removing usb_hcd_int.o(i.USB_OTG_USBH_handle_hc_ISR), (86 bytes).
    Removing usb_hcd_int.o(i.USB_OTG_USBH_handle_hc_n_In_ISR), (1054 bytes).
    Removing usb_hcd_int.o(i.USB_OTG_USBH_handle_hc_n_Out_ISR), (952 bytes).
    Removing usb_hcd_int.o(i.USB_OTG_USBH_handle_nptxfempty_ISR), (310 bytes).
    Removing usb_hcd_int.o(i.USB_OTG_USBH_handle_port_ISR), (316 bytes).
    Removing usb_hcd_int.o(i.USB_OTG_USBH_handle_ptxfempty_ISR), (310 bytes).
    Removing usb_hcd_int.o(i.USB_OTG_USBH_handle_rx_qlvl_ISR), (356 bytes).
    Removing usb_hcd_int.o(i.USB_OTG_USBH_handle_sof_ISR), (44 bytes).
    Removing usb_bsp.o(.rev16_text), (4 bytes).
    Removing usb_bsp.o(.revsh_text), (4 bytes).
    Removing usb_bsp.o(.rrx_text), (6 bytes).
    Removing usb_bsp.o(i.USB_OTG_BSP_ConfigVBUS), (2 bytes).
    Removing usb_bsp.o(i.USB_OTG_BSP_DriveVBUS), (2 bytes).
    Removing usb_bsp.o(i.USB_OTG_BSP_EnableInterrupt), (2 bytes).
    Removing usb_bsp.o(i.USB_OTG_BSP_Init), (2 bytes).
    Removing usb_bsp.o(i.USB_OTG_BSP_TimeInit), (2 bytes).
    Removing usb_bsp.o(i.USB_OTG_BSP_TimerIRQ), (2 bytes).
    Removing usb_bsp.o(i.USB_OTG_BSP_mDelay), (18 bytes).
    Removing usb_bsp.o(i.USB_OTG_BSP_uDelay), (30 bytes).
    Removing usbh_usr.o(.rev16_text), (4 bytes).
    Removing usbh_usr.o(.revsh_text), (4 bytes).
    Removing usbh_usr.o(.rrx_text), (6 bytes).
    Removing usbh_usr.o(i.Toggle_Leds), (2 bytes).
    Removing usbh_usr.o(i.USBH_USR_Configuration_DescAvailable), (2 bytes).
    Removing usbh_usr.o(i.USBH_USR_DeInit), (12 bytes).
    Removing usbh_usr.o(i.USBH_USR_DeviceAddressAssigned), (2 bytes).
    Removing usbh_usr.o(i.USBH_USR_DeviceAttached), (2 bytes).
    Removing usbh_usr.o(i.USBH_USR_DeviceDisconnected), (2 bytes).
    Removing usbh_usr.o(i.USBH_USR_DeviceNotSupported), (2 bytes).
    Removing usbh_usr.o(i.USBH_USR_DeviceSpeedDetected), (2 bytes).
    Removing usbh_usr.o(i.USBH_USR_Device_DescAvailable), (2 bytes).
    Removing usbh_usr.o(i.USBH_USR_EnumerationDone), (2 bytes).
    Removing usbh_usr.o(i.USBH_USR_Init), (2 bytes).
    Removing usbh_usr.o(i.USBH_USR_MSC_Application), (2 bytes).
    Removing usbh_usr.o(i.USBH_USR_Manufacturer_String), (2 bytes).
    Removing usbh_usr.o(i.USBH_USR_OverCurrentDetected), (2 bytes).
    Removing usbh_usr.o(i.USBH_USR_Product_String), (2 bytes).
    Removing usbh_usr.o(i.USBH_USR_ResetDevice), (2 bytes).
    Removing usbh_usr.o(i.USBH_USR_SerialNum_String), (2 bytes).
    Removing usbh_usr.o(i.USBH_USR_UnrecoveredError), (2 bytes).
    Removing usbh_usr.o(i.USBH_USR_UserInput), (2 bytes).
    Removing usbh_usr.o(i.delay), (2 bytes).
    Removing usbh_usr.o(.bss), (1640 bytes).
    Removing usbh_usr.o(.data), (486 bytes).
    Removing usbd_usr.o(.rev16_text), (4 bytes).
    Removing usbd_usr.o(.revsh_text), (4 bytes).
    Removing usbd_usr.o(.rrx_text), (6 bytes).
    Removing usbd_usr.o(i.USBD_USR_DeviceConfigured), (2 bytes).
    Removing usbd_usr.o(i.USBD_USR_DeviceConnected), (2 bytes).
    Removing usbd_usr.o(i.USBD_USR_DeviceDisconnected), (2 bytes).
    Removing usbd_usr.o(i.USBD_USR_DeviceReset), (2 bytes).
    Removing usbd_usr.o(i.USBD_USR_DeviceResumed), (2 bytes).
    Removing usbd_usr.o(i.USBD_USR_DeviceSuspended), (2 bytes).
    Removing usbd_usr.o(i.USBD_USR_Init), (2 bytes).
    Removing usbd_usr.o(.data), (28 bytes).
    Removing usbd_desc.o(.rev16_text), (4 bytes).
    Removing usbd_desc.o(.revsh_text), (4 bytes).
    Removing usbd_desc.o(.rrx_text), (6 bytes).
    Removing usbd_desc.o(i.Get_SerialNum), (52 bytes).
    Removing usbd_desc.o(i.IntToUnicode), (62 bytes).
    Removing usbd_desc.o(i.USBD_USR_ConfigStrDescriptor), (52 bytes).
    Removing usbd_desc.o(i.USBD_USR_DeviceDescriptor), (16 bytes).
    Removing usbd_desc.o(i.USBD_USR_InterfaceStrDescriptor), (56 bytes).
    Removing usbd_desc.o(i.USBD_USR_LangIDStrDescriptor), (16 bytes).
    Removing usbd_desc.o(i.USBD_USR_ManufacturerStrDescriptor), (44 bytes).
    Removing usbd_desc.o(i.USBD_USR_ProductStrDescriptor), (88 bytes).
    Removing usbd_desc.o(i.USBD_USR_SerialStrDescriptor), (24 bytes).
    Removing usbd_desc.o(.bss), (64 bytes).
    Removing usbd_desc.o(.data), (90 bytes).

1369 unused section(s) (total 110630 bytes) removed from the image.

==============================================================================

Image Symbol Table

    Local Symbols

    Symbol Name                              Value     Ov Type        Size  Object(Section)

    ../clib/angel/boardlib.s                 0x00000000   Number         0  boardinit2.o ABSOLUTE
    ../clib/angel/boardlib.s                 0x00000000   Number         0  boardinit1.o ABSOLUTE
    ../clib/angel/boardlib.s                 0x00000000   Number         0  boardshut.o ABSOLUTE
    ../clib/angel/boardlib.s                 0x00000000   Number         0  boardinit3.o ABSOLUTE
    ../clib/angel/handlers.s                 0x00000000   Number         0  __scatter_zi.o ABSOLUTE
    ../clib/angel/handlers.s                 0x00000000   Number         0  __scatter_copy.o ABSOLUTE
    ../clib/angel/kernel.s                   0x00000000   Number         0  __rtentry.o ABSOLUTE
    ../clib/angel/kernel.s                   0x00000000   Number         0  __rtentry2.o ABSOLUTE
    ../clib/angel/kernel.s                   0x00000000   Number         0  rtexit2.o ABSOLUTE
    ../clib/angel/kernel.s                   0x00000000   Number         0  __rtentry4.o ABSOLUTE
    ../clib/angel/kernel.s                   0x00000000   Number         0  rtexit.o ABSOLUTE
    ../clib/angel/rt.s                       0x00000000   Number         0  rt_raise.o ABSOLUTE
    ../clib/angel/scatter.s                  0x00000000   Number         0  __scatter.o ABSOLUTE
    ../clib/angel/startup.s                  0x00000000   Number         0  __main.o ABSOLUTE
    ../clib/angel/sys.s                      0x00000000   Number         0  use_no_semi.o ABSOLUTE
    ../clib/angel/sys.s                      0x00000000   Number         0  libspace.o ABSOLUTE
    ../clib/angel/sys.s                      0x00000000   Number         0  indicate_semi.o ABSOLUTE
    ../clib/angel/sys.s                      0x00000000   Number         0  sys_stackheap_outer.o ABSOLUTE
    ../clib/angel/sysapp.c                   0x00000000   Number         0  sys_wrch.o ABSOLUTE
    ../clib/angel/sysapp.c                   0x00000000   Number         0  sys_command.o ABSOLUTE
    ../clib/angel/sysapp.c                   0x00000000   Number         0  sys_exit.o ABSOLUTE
    ../clib/armsys.c                         0x00000000   Number         0  argv_veneer.o ABSOLUTE
    ../clib/armsys.c                         0x00000000   Number         0  argv_veneer.o ABSOLUTE
    ../clib/armsys.c                         0x00000000   Number         0  _get_argv_nomalloc.o ABSOLUTE
    ../clib/armsys.c                         0x00000000   Number         0  no_argv.o ABSOLUTE
    ../clib/heapalloc.c                      0x00000000   Number         0  hrguard.o ABSOLUTE
    ../clib/heapaux.c                        0x00000000   Number         0  heapauxi.o ABSOLUTE
    ../clib/libinit.s                        0x00000000   Number         0  libinit.o ABSOLUTE
    ../clib/libinit.s                        0x00000000   Number         0  libshutdown.o ABSOLUTE
    ../clib/libinit.s                        0x00000000   Number         0  libshutdown2.o ABSOLUTE
    ../clib/libinit.s                        0x00000000   Number         0  libinit2.o ABSOLUTE
    ../clib/signal.c                         0x00000000   Number         0  defsig_stak_inner.o ABSOLUTE
    ../clib/signal.c                         0x00000000   Number         0  defsig_abrt_inner.o ABSOLUTE
    ../clib/signal.c                         0x00000000   Number         0  defsig_rtred_inner.o ABSOLUTE
    ../clib/signal.c                         0x00000000   Number         0  defsig_fpe_inner.o ABSOLUTE
    ../clib/signal.c                         0x00000000   Number         0  defsig_general.o ABSOLUTE
    ../clib/signal.c                         0x00000000   Number         0  __raise.o ABSOLUTE
    ../clib/signal.c                         0x00000000   Number         0  defsig_exit.o ABSOLUTE
    ../clib/signal.c                         0x00000000   Number         0  defsig_other.o ABSOLUTE
    ../clib/signal.c                         0x00000000   Number         0  defsig_segv_inner.o ABSOLUTE
    ../clib/signal.c                         0x00000000   Number         0  defsig_cppl_inner.o ABSOLUTE
    ../clib/signal.c                         0x00000000   Number         0  defsig_pvfn_inner.o ABSOLUTE
    ../clib/signal.c                         0x00000000   Number         0  defsig_rtmem_inner.o ABSOLUTE
    ../clib/signal.c                         0x00000000   Number         0  defsig_rtmem_formal.o ABSOLUTE
    ../clib/signal.c                         0x00000000   Number         0  defsig_rtmem_outer.o ABSOLUTE
    ../clib/signal.s                         0x00000000   Number         0  defsig.o ABSOLUTE
    ../clib/stdlib.c                         0x00000000   Number         0  exit.o ABSOLUTE
    ../fplib/fpinit.s                        0x00000000   Number         0  fpinit.o ABSOLUTE
    ..\Driver\bstring.c                      0x00000000   Number         0  bstring.o ABSOLUTE
    ..\Driver\delay.c                        0x00000000   Number         0  delay.o ABSOLUTE
    ..\Driver\flash.c                        0x00000000   Number         0  flash.o ABSOLUTE
    ..\Driver\gpio.c                         0x00000000   Number         0  gpio.o ABSOLUTE
    ..\Driver\mi2c.c                         0x00000000   Number         0  mi2c.o ABSOLUTE
    ..\Driver\mspi.c                         0x00000000   Number         0  mspi.o ABSOLUTE
    ..\Driver\usart1.c                       0x00000000   Number         0  usart1.o ABSOLUTE
    ..\Driver\usart2.c                       0x00000000   Number         0  usart2.o ABSOLUTE
    ..\ETH_Driver\src\stm32f4x7_eth.c        0x00000000   Number         0  stm32f4x7_eth.o ABSOLUTE
    ..\FatfsAPP\fatfsapp.c                   0x00000000   Number         0  fatfsapp.o ABSOLUTE
    ..\Fatfs\src\diskio.c                    0x00000000   Number         0  diskio.o ABSOLUTE
    ..\Fatfs\src\ff.c                        0x00000000   Number         0  ff.o ABSOLUTE
    ..\Fatfs\src\ffsystem.c                  0x00000000   Number         0  ffsystem.o ABSOLUTE
    ..\Fatfs\src\ffunicode.c                 0x00000000   Number         0  ffunicode.o ABSOLUTE
    ..\Library\src\misc.c                    0x00000000   Number         0  misc.o ABSOLUTE
    ..\Library\src\stm32f4xx_adc.c           0x00000000   Number         0  stm32f4xx_adc.o ABSOLUTE
    ..\Library\src\stm32f4xx_can.c           0x00000000   Number         0  stm32f4xx_can.o ABSOLUTE
    ..\Library\src\stm32f4xx_cec.c           0x00000000   Number         0  stm32f4xx_cec.o ABSOLUTE
    ..\Library\src\stm32f4xx_crc.c           0x00000000   Number         0  stm32f4xx_crc.o ABSOLUTE
    ..\Library\src\stm32f4xx_cryp.c          0x00000000   Number         0  stm32f4xx_cryp.o ABSOLUTE
    ..\Library\src\stm32f4xx_cryp_aes.c      0x00000000   Number         0  stm32f4xx_cryp_aes.o ABSOLUTE
    ..\Library\src\stm32f4xx_cryp_des.c      0x00000000   Number         0  stm32f4xx_cryp_des.o ABSOLUTE
    ..\Library\src\stm32f4xx_cryp_tdes.c     0x00000000   Number         0  stm32f4xx_cryp_tdes.o ABSOLUTE
    ..\Library\src\stm32f4xx_dac.c           0x00000000   Number         0  stm32f4xx_dac.o ABSOLUTE
    ..\Library\src\stm32f4xx_dbgmcu.c        0x00000000   Number         0  stm32f4xx_dbgmcu.o ABSOLUTE
    ..\Library\src\stm32f4xx_dcmi.c          0x00000000   Number         0  stm32f4xx_dcmi.o ABSOLUTE
    ..\Library\src\stm32f4xx_dfsdm.c         0x00000000   Number         0  stm32f4xx_dfsdm.o ABSOLUTE
    ..\Library\src\stm32f4xx_dma.c           0x00000000   Number         0  stm32f4xx_dma.o ABSOLUTE
    ..\Library\src\stm32f4xx_dma2d.c         0x00000000   Number         0  stm32f4xx_dma2d.o ABSOLUTE
    ..\Library\src\stm32f4xx_dsi.c           0x00000000   Number         0  stm32f4xx_dsi.o ABSOLUTE
    ..\Library\src\stm32f4xx_exti.c          0x00000000   Number         0  stm32f4xx_exti.o ABSOLUTE
    ..\Library\src\stm32f4xx_flash.c         0x00000000   Number         0  stm32f4xx_flash.o ABSOLUTE
    ..\Library\src\stm32f4xx_flash_ramfunc.c 0x00000000   Number         0  stm32f4xx_flash_ramfunc.o ABSOLUTE
    ..\Library\src\stm32f4xx_fmpi2c.c        0x00000000   Number         0  stm32f4xx_fmpi2c.o ABSOLUTE
    ..\Library\src\stm32f4xx_fsmc.c          0x00000000   Number         0  stm32f4xx_fsmc.o ABSOLUTE
    ..\Library\src\stm32f4xx_gpio.c          0x00000000   Number         0  stm32f4xx_gpio.o ABSOLUTE
    ..\Library\src\stm32f4xx_hash.c          0x00000000   Number         0  stm32f4xx_hash.o ABSOLUTE
    ..\Library\src\stm32f4xx_hash_md5.c      0x00000000   Number         0  stm32f4xx_hash_md5.o ABSOLUTE
    ..\Library\src\stm32f4xx_hash_sha1.c     0x00000000   Number         0  stm32f4xx_hash_sha1.o ABSOLUTE
    ..\Library\src\stm32f4xx_i2c.c           0x00000000   Number         0  stm32f4xx_i2c.o ABSOLUTE
    ..\Library\src\stm32f4xx_iwdg.c          0x00000000   Number         0  stm32f4xx_iwdg.o ABSOLUTE
    ..\Library\src\stm32f4xx_lptim.c         0x00000000   Number         0  stm32f4xx_lptim.o ABSOLUTE
    ..\Library\src\stm32f4xx_ltdc.c          0x00000000   Number         0  stm32f4xx_ltdc.o ABSOLUTE
    ..\Library\src\stm32f4xx_pwr.c           0x00000000   Number         0  stm32f4xx_pwr.o ABSOLUTE
    ..\Library\src\stm32f4xx_qspi.c          0x00000000   Number         0  stm32f4xx_qspi.o ABSOLUTE
    ..\Library\src\stm32f4xx_rcc.c           0x00000000   Number         0  stm32f4xx_rcc.o ABSOLUTE
    ..\Library\src\stm32f4xx_rng.c           0x00000000   Number         0  stm32f4xx_rng.o ABSOLUTE
    ..\Library\src\stm32f4xx_rtc.c           0x00000000   Number         0  stm32f4xx_rtc.o ABSOLUTE
    ..\Library\src\stm32f4xx_sai.c           0x00000000   Number         0  stm32f4xx_sai.o ABSOLUTE
    ..\Library\src\stm32f4xx_sdio.c          0x00000000   Number         0  stm32f4xx_sdio.o ABSOLUTE
    ..\Library\src\stm32f4xx_spdifrx.c       0x00000000   Number         0  stm32f4xx_spdifrx.o ABSOLUTE
    ..\Library\src\stm32f4xx_spi.c           0x00000000   Number         0  stm32f4xx_spi.o ABSOLUTE
    ..\Library\src\stm32f4xx_syscfg.c        0x00000000   Number         0  stm32f4xx_syscfg.o ABSOLUTE
    ..\Library\src\stm32f4xx_tim.c           0x00000000   Number         0  stm32f4xx_tim.o ABSOLUTE
    ..\Library\src\stm32f4xx_usart.c         0x00000000   Number         0  stm32f4xx_usart.o ABSOLUTE
    ..\Library\src\stm32f4xx_wwdg.c          0x00000000   Number         0  stm32f4xx_wwdg.o ABSOLUTE
    ..\USB_CONFIG\usb_bsp.c                  0x00000000   Number         0  usb_bsp.o ABSOLUTE
    ..\USB_CONFIG\usbd_desc.c                0x00000000   Number         0  usbd_desc.o ABSOLUTE
    ..\USB_CONFIG\usbd_usr.c                 0x00000000   Number         0  usbd_usr.o ABSOLUTE
    ..\USB_CONFIG\usbh_usr.c                 0x00000000   Number         0  usbh_usr.o ABSOLUTE
    ..\USB_Device\Core\src\usbd_core.c       0x00000000   Number         0  usbd_core.o ABSOLUTE
    ..\USB_Device\Core\src\usbd_ioreq.c      0x00000000   Number         0  usbd_ioreq.o ABSOLUTE
    ..\USB_Device\Core\src\usbd_req.c        0x00000000   Number         0  usbd_req.o ABSOLUTE
    ..\USB_HOST\Core\src\usbh_core.c         0x00000000   Number         0  usbh_core.o ABSOLUTE
    ..\USB_HOST\Core\src\usbh_hcs.c          0x00000000   Number         0  usbh_hcs.o ABSOLUTE
    ..\USB_HOST\Core\src\usbh_ioreq.c        0x00000000   Number         0  usbh_ioreq.o ABSOLUTE
    ..\USB_HOST\Core\src\usbh_stdreq.c       0x00000000   Number         0  usbh_stdreq.o ABSOLUTE
    ..\USB_OTG\src\usb_core.c                0x00000000   Number         0  usb_core.o ABSOLUTE
    ..\USB_OTG\src\usb_dcd.c                 0x00000000   Number         0  usb_dcd.o ABSOLUTE
    ..\USB_OTG\src\usb_dcd_int.c             0x00000000   Number         0  usb_dcd_int.o ABSOLUTE
    ..\USB_OTG\src\usb_hcd.c                 0x00000000   Number         0  usb_hcd.o ABSOLUTE
    ..\USB_OTG\src\usb_hcd_int.c             0x00000000   Number         0  usb_hcd_int.o ABSOLUTE
    ..\User\Startup\startup_stm32f40_41xxx.s 0x00000000   Number         0  startup_stm32f40_41xxx.o ABSOLUTE
    ..\User\Startup\system_stm32f4xx.c       0x00000000   Number         0  system_stm32f4xx.o ABSOLUTE
    ..\User\main.c                           0x00000000   Number         0  main.o ABSOLUTE
    ..\\Driver\\bstring.c                    0x00000000   Number         0  bstring.o ABSOLUTE
    ..\\Driver\\delay.c                      0x00000000   Number         0  delay.o ABSOLUTE
    ..\\Driver\\flash.c                      0x00000000   Number         0  flash.o ABSOLUTE
    ..\\Driver\\gpio.c                       0x00000000   Number         0  gpio.o ABSOLUTE
    ..\\Driver\\mi2c.c                       0x00000000   Number         0  mi2c.o ABSOLUTE
    ..\\Driver\\mspi.c                       0x00000000   Number         0  mspi.o ABSOLUTE
    ..\\Driver\\usart1.c                     0x00000000   Number         0  usart1.o ABSOLUTE
    ..\\Driver\\usart2.c                     0x00000000   Number         0  usart2.o ABSOLUTE
    ..\\ETH_Driver\\src\\stm32f4x7_eth.c     0x00000000   Number         0  stm32f4x7_eth.o ABSOLUTE
    ..\\FatfsAPP\\fatfsapp.c                 0x00000000   Number         0  fatfsapp.o ABSOLUTE
    ..\\Fatfs\\src\\diskio.c                 0x00000000   Number         0  diskio.o ABSOLUTE
    ..\\Library\\src\\misc.c                 0x00000000   Number         0  misc.o ABSOLUTE
    ..\\Library\\src\\stm32f4xx_adc.c        0x00000000   Number         0  stm32f4xx_adc.o ABSOLUTE
    ..\\Library\\src\\stm32f4xx_can.c        0x00000000   Number         0  stm32f4xx_can.o ABSOLUTE
    ..\\Library\\src\\stm32f4xx_cec.c        0x00000000   Number         0  stm32f4xx_cec.o ABSOLUTE
    ..\\Library\\src\\stm32f4xx_crc.c        0x00000000   Number         0  stm32f4xx_crc.o ABSOLUTE
    ..\\Library\\src\\stm32f4xx_cryp.c       0x00000000   Number         0  stm32f4xx_cryp.o ABSOLUTE
    ..\\Library\\src\\stm32f4xx_cryp_aes.c   0x00000000   Number         0  stm32f4xx_cryp_aes.o ABSOLUTE
    ..\\Library\\src\\stm32f4xx_cryp_des.c   0x00000000   Number         0  stm32f4xx_cryp_des.o ABSOLUTE
    ..\\Library\\src\\stm32f4xx_cryp_tdes.c  0x00000000   Number         0  stm32f4xx_cryp_tdes.o ABSOLUTE
    ..\\Library\\src\\stm32f4xx_dac.c        0x00000000   Number         0  stm32f4xx_dac.o ABSOLUTE
    ..\\Library\\src\\stm32f4xx_dbgmcu.c     0x00000000   Number         0  stm32f4xx_dbgmcu.o ABSOLUTE
    ..\\Library\\src\\stm32f4xx_dcmi.c       0x00000000   Number         0  stm32f4xx_dcmi.o ABSOLUTE
    ..\\Library\\src\\stm32f4xx_dfsdm.c      0x00000000   Number         0  stm32f4xx_dfsdm.o ABSOLUTE
    ..\\Library\\src\\stm32f4xx_dma.c        0x00000000   Number         0  stm32f4xx_dma.o ABSOLUTE
    ..\\Library\\src\\stm32f4xx_dma2d.c      0x00000000   Number         0  stm32f4xx_dma2d.o ABSOLUTE
    ..\\Library\\src\\stm32f4xx_dsi.c        0x00000000   Number         0  stm32f4xx_dsi.o ABSOLUTE
    ..\\Library\\src\\stm32f4xx_exti.c       0x00000000   Number         0  stm32f4xx_exti.o ABSOLUTE
    ..\\Library\\src\\stm32f4xx_flash.c      0x00000000   Number         0  stm32f4xx_flash.o ABSOLUTE
    ..\\Library\\src\\stm32f4xx_flash_ramfunc.c 0x00000000   Number         0  stm32f4xx_flash_ramfunc.o ABSOLUTE
    ..\\Library\\src\\stm32f4xx_fmpi2c.c     0x00000000   Number         0  stm32f4xx_fmpi2c.o ABSOLUTE
    ..\\Library\\src\\stm32f4xx_fsmc.c       0x00000000   Number         0  stm32f4xx_fsmc.o ABSOLUTE
    ..\\Library\\src\\stm32f4xx_gpio.c       0x00000000   Number         0  stm32f4xx_gpio.o ABSOLUTE
    ..\\Library\\src\\stm32f4xx_hash.c       0x00000000   Number         0  stm32f4xx_hash.o ABSOLUTE
    ..\\Library\\src\\stm32f4xx_hash_md5.c   0x00000000   Number         0  stm32f4xx_hash_md5.o ABSOLUTE
    ..\\Library\\src\\stm32f4xx_hash_sha1.c  0x00000000   Number         0  stm32f4xx_hash_sha1.o ABSOLUTE
    ..\\Library\\src\\stm32f4xx_i2c.c        0x00000000   Number         0  stm32f4xx_i2c.o ABSOLUTE
    ..\\Library\\src\\stm32f4xx_iwdg.c       0x00000000   Number         0  stm32f4xx_iwdg.o ABSOLUTE
    ..\\Library\\src\\stm32f4xx_lptim.c      0x00000000   Number         0  stm32f4xx_lptim.o ABSOLUTE
    ..\\Library\\src\\stm32f4xx_ltdc.c       0x00000000   Number         0  stm32f4xx_ltdc.o ABSOLUTE
    ..\\Library\\src\\stm32f4xx_pwr.c        0x00000000   Number         0  stm32f4xx_pwr.o ABSOLUTE
    ..\\Library\\src\\stm32f4xx_qspi.c       0x00000000   Number         0  stm32f4xx_qspi.o ABSOLUTE
    ..\\Library\\src\\stm32f4xx_rcc.c        0x00000000   Number         0  stm32f4xx_rcc.o ABSOLUTE
    ..\\Library\\src\\stm32f4xx_rng.c        0x00000000   Number         0  stm32f4xx_rng.o ABSOLUTE
    ..\\Library\\src\\stm32f4xx_rtc.c        0x00000000   Number         0  stm32f4xx_rtc.o ABSOLUTE
    ..\\Library\\src\\stm32f4xx_sai.c        0x00000000   Number         0  stm32f4xx_sai.o ABSOLUTE
    ..\\Library\\src\\stm32f4xx_sdio.c       0x00000000   Number         0  stm32f4xx_sdio.o ABSOLUTE
    ..\\Library\\src\\stm32f4xx_spdifrx.c    0x00000000   Number         0  stm32f4xx_spdifrx.o ABSOLUTE
    ..\\Library\\src\\stm32f4xx_spi.c        0x00000000   Number         0  stm32f4xx_spi.o ABSOLUTE
    ..\\Library\\src\\stm32f4xx_syscfg.c     0x00000000   Number         0  stm32f4xx_syscfg.o ABSOLUTE
    ..\\Library\\src\\stm32f4xx_tim.c        0x00000000   Number         0  stm32f4xx_tim.o ABSOLUTE
    ..\\Library\\src\\stm32f4xx_usart.c      0x00000000   Number         0  stm32f4xx_usart.o ABSOLUTE
    ..\\Library\\src\\stm32f4xx_wwdg.c       0x00000000   Number         0  stm32f4xx_wwdg.o ABSOLUTE
    ..\\USB_CONFIG\\usb_bsp.c                0x00000000   Number         0  usb_bsp.o ABSOLUTE
    ..\\USB_CONFIG\\usbd_desc.c              0x00000000   Number         0  usbd_desc.o ABSOLUTE
    ..\\USB_CONFIG\\usbd_usr.c               0x00000000   Number         0  usbd_usr.o ABSOLUTE
    ..\\USB_CONFIG\\usbh_usr.c               0x00000000   Number         0  usbh_usr.o ABSOLUTE
    ..\\USB_Device\\Core\\src\\usbd_core.c   0x00000000   Number         0  usbd_core.o ABSOLUTE
    ..\\USB_Device\\Core\\src\\usbd_ioreq.c  0x00000000   Number         0  usbd_ioreq.o ABSOLUTE
    ..\\USB_Device\\Core\\src\\usbd_req.c    0x00000000   Number         0  usbd_req.o ABSOLUTE
    ..\\USB_HOST\\Core\\src\\usbh_core.c     0x00000000   Number         0  usbh_core.o ABSOLUTE
    ..\\USB_HOST\\Core\\src\\usbh_hcs.c      0x00000000   Number         0  usbh_hcs.o ABSOLUTE
    ..\\USB_HOST\\Core\\src\\usbh_ioreq.c    0x00000000   Number         0  usbh_ioreq.o ABSOLUTE
    ..\\USB_HOST\\Core\\src\\usbh_stdreq.c   0x00000000   Number         0  usbh_stdreq.o ABSOLUTE
    ..\\USB_OTG\\src\\usb_core.c             0x00000000   Number         0  usb_core.o ABSOLUTE
    ..\\USB_OTG\\src\\usb_dcd.c              0x00000000   Number         0  usb_dcd.o ABSOLUTE
    ..\\USB_OTG\\src\\usb_dcd_int.c          0x00000000   Number         0  usb_dcd_int.o ABSOLUTE
    ..\\USB_OTG\\src\\usb_hcd.c              0x00000000   Number         0  usb_hcd.o ABSOLUTE
    ..\\USB_OTG\\src\\usb_hcd_int.c          0x00000000   Number         0  usb_hcd_int.o ABSOLUTE
    ..\\User\\Startup\\system_stm32f4xx.c    0x00000000   Number         0  system_stm32f4xx.o ABSOLUTE
    ..\\User\\main.c                         0x00000000   Number         0  main.o ABSOLUTE
    dc.s                                     0x00000000   Number         0  dc.o ABSOLUTE
    RESET                                    0x08000000   Section      392  startup_stm32f40_41xxx.o(RESET)
    !!!main                                  0x08000188   Section        8  __main.o(!!!main)
    !!!scatter                               0x08000190   Section       52  __scatter.o(!!!scatter)
    !!handler_copy                           0x080001c4   Section       26  __scatter_copy.o(!!handler_copy)
    !!handler_zi                             0x080001e0   Section       28  __scatter_zi.o(!!handler_zi)
    .ARM.Collect$$libinit$$00000000          0x080001fc   Section        2  libinit.o(.ARM.Collect$$libinit$$00000000)
    .ARM.Collect$$libinit$$00000001          0x080001fe   Section        4  libinit2.o(.ARM.Collect$$libinit$$00000001)
    .ARM.Collect$$libinit$$00000004          0x08000202   Section        0  libinit2.o(.ARM.Collect$$libinit$$00000004)
    .ARM.Collect$$libinit$$0000000A          0x08000202   Section        0  libinit2.o(.ARM.Collect$$libinit$$0000000A)
    .ARM.Collect$$libinit$$0000000C          0x08000202   Section        0  libinit2.o(.ARM.Collect$$libinit$$0000000C)
    .ARM.Collect$$libinit$$0000000E          0x08000202   Section        0  libinit2.o(.ARM.Collect$$libinit$$0000000E)
    .ARM.Collect$$libinit$$00000011          0x08000202   Section        0  libinit2.o(.ARM.Collect$$libinit$$00000011)
    .ARM.Collect$$libinit$$00000013          0x08000202   Section        0  libinit2.o(.ARM.Collect$$libinit$$00000013)
    .ARM.Collect$$libinit$$00000015          0x08000202   Section        0  libinit2.o(.ARM.Collect$$libinit$$00000015)
    .ARM.Collect$$libinit$$00000017          0x08000202   Section        0  libinit2.o(.ARM.Collect$$libinit$$00000017)
    .ARM.Collect$$libinit$$00000019          0x08000202   Section        0  libinit2.o(.ARM.Collect$$libinit$$00000019)
    .ARM.Collect$$libinit$$0000001B          0x08000202   Section        0  libinit2.o(.ARM.Collect$$libinit$$0000001B)
    .ARM.Collect$$libinit$$0000001D          0x08000202   Section        0  libinit2.o(.ARM.Collect$$libinit$$0000001D)
    .ARM.Collect$$libinit$$0000001F          0x08000202   Section        0  libinit2.o(.ARM.Collect$$libinit$$0000001F)
    .ARM.Collect$$libinit$$00000021          0x08000202   Section        0  libinit2.o(.ARM.Collect$$libinit$$00000021)
    .ARM.Collect$$libinit$$00000023          0x08000202   Section        0  libinit2.o(.ARM.Collect$$libinit$$00000023)
    .ARM.Collect$$libinit$$00000025          0x08000202   Section        0  libinit2.o(.ARM.Collect$$libinit$$00000025)
    .ARM.Collect$$libinit$$0000002C          0x08000202   Section        0  libinit2.o(.ARM.Collect$$libinit$$0000002C)
    .ARM.Collect$$libinit$$0000002E          0x08000202   Section        0  libinit2.o(.ARM.Collect$$libinit$$0000002E)
    .ARM.Collect$$libinit$$00000030          0x08000202   Section        0  libinit2.o(.ARM.Collect$$libinit$$00000030)
    .ARM.Collect$$libinit$$00000032          0x08000202   Section        0  libinit2.o(.ARM.Collect$$libinit$$00000032)
    .ARM.Collect$$libinit$$00000033          0x08000202   Section        2  libinit2.o(.ARM.Collect$$libinit$$00000033)
    .ARM.Collect$$libshutdown$$00000000      0x08000204   Section        2  libshutdown.o(.ARM.Collect$$libshutdown$$00000000)
    .ARM.Collect$$libshutdown$$00000002      0x08000206   Section        0  libshutdown2.o(.ARM.Collect$$libshutdown$$00000002)
    .ARM.Collect$$libshutdown$$00000004      0x08000206   Section        0  libshutdown2.o(.ARM.Collect$$libshutdown$$00000004)
    .ARM.Collect$$libshutdown$$00000007      0x08000206   Section        0  libshutdown2.o(.ARM.Collect$$libshutdown$$00000007)
    .ARM.Collect$$libshutdown$$0000000A      0x08000206   Section        0  libshutdown2.o(.ARM.Collect$$libshutdown$$0000000A)
    .ARM.Collect$$libshutdown$$0000000C      0x08000206   Section        0  libshutdown2.o(.ARM.Collect$$libshutdown$$0000000C)
    .ARM.Collect$$libshutdown$$0000000F      0x08000206   Section        0  libshutdown2.o(.ARM.Collect$$libshutdown$$0000000F)
    .ARM.Collect$$libshutdown$$00000010      0x08000206   Section        2  libshutdown2.o(.ARM.Collect$$libshutdown$$00000010)
    .ARM.Collect$$rtentry$$00000000          0x08000208   Section        0  __rtentry.o(.ARM.Collect$$rtentry$$00000000)
    .ARM.Collect$$rtentry$$00000002          0x08000208   Section        0  __rtentry2.o(.ARM.Collect$$rtentry$$00000002)
    .ARM.Collect$$rtentry$$00000004          0x08000208   Section        6  __rtentry4.o(.ARM.Collect$$rtentry$$00000004)
    .ARM.Collect$$rtentry$$00000009          0x0800020e   Section        0  __rtentry2.o(.ARM.Collect$$rtentry$$00000009)
    .ARM.Collect$$rtentry$$0000000A          0x0800020e   Section        4  __rtentry2.o(.ARM.Collect$$rtentry$$0000000A)
    .ARM.Collect$$rtentry$$0000000C          0x08000212   Section        0  __rtentry2.o(.ARM.Collect$$rtentry$$0000000C)
    .ARM.Collect$$rtentry$$0000000D          0x08000212   Section        8  __rtentry2.o(.ARM.Collect$$rtentry$$0000000D)
    .ARM.Collect$$rtexit$$00000000           0x0800021a   Section        2  rtexit.o(.ARM.Collect$$rtexit$$00000000)
    .ARM.Collect$$rtexit$$00000002           0x0800021c   Section        0  rtexit2.o(.ARM.Collect$$rtexit$$00000002)
    .ARM.Collect$$rtexit$$00000003           0x0800021c   Section        4  rtexit2.o(.ARM.Collect$$rtexit$$00000003)
    .ARM.Collect$$rtexit$$00000004           0x08000220   Section        6  rtexit2.o(.ARM.Collect$$rtexit$$00000004)
    .text                                    0x08000228   Section       64  startup_stm32f40_41xxx.o(.text)
    $v0                                      0x08000228   Number         0  startup_stm32f40_41xxx.o(.text)
    .text                                    0x08000268   Section        0  heapauxi.o(.text)
    .text                                    0x0800026e   Section       74  sys_stackheap_outer.o(.text)
    .text                                    0x080002b8   Section        0  exit.o(.text)
    .text                                    0x080002cc   Section        8  libspace.o(.text)
    .text                                    0x080002d4   Section        0  sys_exit.o(.text)
    .text                                    0x080002e0   Section        2  use_no_semi.o(.text)
    .text                                    0x080002e2   Section        0  indicate_semi.o(.text)
    i.DMA1_Stream6_IRQHandler                0x080002e4   Section        0  usart2.o(i.DMA1_Stream6_IRQHandler)
    i.DMA_ClearFlag                          0x08000318   Section        0  stm32f4xx_dma.o(i.DMA_ClearFlag)
    i.DMA_ClearITPendingBit                  0x0800034c   Section        0  stm32f4xx_dma.o(i.DMA_ClearITPendingBit)
    i.DMA_Cmd                                0x08000380   Section        0  stm32f4xx_dma.o(i.DMA_Cmd)
    i.DMA_GetITStatus                        0x08000398   Section        0  stm32f4xx_dma.o(i.DMA_GetITStatus)
    i.NVIC_PriorityGroupConfig               0x080003fc   Section        0  misc.o(i.NVIC_PriorityGroupConfig)
    i.SetSysClock                            0x08000410   Section        0  system_stm32f4xx.o(i.SetSysClock)
    SetSysClock                              0x08000411   Thumb Code   220  system_stm32f4xx.o(i.SetSysClock)
    i.SysTick_CLKSourceConfig                0x080004fc   Section        0  misc.o(i.SysTick_CLKSourceConfig)
    i.SystemInit                             0x08000524   Section        0  system_stm32f4xx.o(i.SystemInit)
    i.USART1_IRQHandler                      0x0800058c   Section        0  usart1.o(i.USART1_IRQHandler)
    i.USART1_Recv_Callback                   0x080005c0   Section        0  usart1.o(i.USART1_Recv_Callback)
    i.USART2_IRQHandler                      0x080005c4   Section        0  usart2.o(i.USART2_IRQHandler)
    i.USART2_Recv_Callback                   0x080005f8   Section        0  usart2.o(i.USART2_Recv_Callback)
    i.USART_ClearITPendingBit                0x080005fa   Section        0  stm32f4xx_usart.o(i.USART_ClearITPendingBit)
    i.USART_GetFlagStatus                    0x08000618   Section        0  stm32f4xx_usart.o(i.USART_GetFlagStatus)
    i.USART_ReceiveData                      0x08000632   Section        0  stm32f4xx_usart.o(i.USART_ReceiveData)
    i.delay_init                             0x0800063c   Section        0  delay.o(i.delay_init)
    i.main                                   0x08000674   Section        0  main.o(i.main)
    x$fpl$fpinit                             0x08000688   Section       10  fpinit.o(x$fpl$fpinit)
    $v0                                      0x08000688   Number         0  fpinit.o(x$fpl$fpinit)
    .data                                    0x20000000   Section        8  delay.o(.data)
    fac_us                                   0x20000000   Data           4  delay.o(.data)
    fac_ms                                   0x20000004   Data           4  delay.o(.data)
    .data                                    0x20000008   Section        4  usart1.o(.data)
    .data                                    0x2000000c   Section        4  usart2.o(.data)
    .data                                    0x20000010   Section       20  system_stm32f4xx.o(.data)
    .bss                                     0x20000024   Section       96  libspace.o(.bss)
    HEAP                                     0x20000088   Section    32768  startup_stm32f40_41xxx.o(HEAP)
    Heap_Mem                                 0x20000088   Data       32768  startup_stm32f40_41xxx.o(HEAP)
    STACK                                    0x20008088   Section    32768  startup_stm32f40_41xxx.o(STACK)
    Stack_Mem                                0x20008088   Data       32768  startup_stm32f40_41xxx.o(STACK)
    __initial_sp                             0x20010088   Data           0  startup_stm32f40_41xxx.o(STACK)

    Global Symbols

    Symbol Name                              Value     Ov Type        Size  Object(Section)

    BuildAttributes$$THM_ISAv4$E$P$D$K$B$S$7EM$VFPi3$EXTD16$VFPS$VFMA$PE$A:L22UL41UL21$X:L11$S22US41US21$IEEE1$IW$USESV6$~STKCKD$USESV7$~SHL$OSPACE$ROPI$EBA8$UX$STANDARDLIB$REQ8$PRES8$EABIv2 0x00000000   Number         0  anon$$obj.o ABSOLUTE
    __ARM_use_no_argv                        0x00000000   Number         0  main.o ABSOLUTE
    __ARM_exceptions_init                     - Undefined Weak Reference
    __alloca_initialize                       - Undefined Weak Reference
    __arm_preinit_                            - Undefined Weak Reference
    __cpp_initialize__aeabi_                  - Undefined Weak Reference
    __cxa_finalize                            - Undefined Weak Reference
    __rt_locale                               - Undefined Weak Reference
    __sigvec_lookup                           - Undefined Weak Reference
    _atexit_init                              - Undefined Weak Reference
    _call_atexit_fns                          - Undefined Weak Reference
    _clock_init                               - Undefined Weak Reference
    _fp_trap_init                             - Undefined Weak Reference
    _fp_trap_shutdown                         - Undefined Weak Reference
    _get_lc_collate                           - Undefined Weak Reference
    _get_lc_ctype                             - Undefined Weak Reference
    _get_lc_monetary                          - Undefined Weak Reference
    _get_lc_numeric                           - Undefined Weak Reference
    _get_lc_time                              - Undefined Weak Reference
    _getenv_init                              - Undefined Weak Reference
    _handle_redirection                       - Undefined Weak Reference
    _init_alloc                               - Undefined Weak Reference
    _init_user_alloc                          - Undefined Weak Reference
    _initio                                   - Undefined Weak Reference
    _rand_init                                - Undefined Weak Reference
    _signal_finish                            - Undefined Weak Reference
    _signal_init                              - Undefined Weak Reference
    _terminate_alloc                          - Undefined Weak Reference
    _terminate_user_alloc                     - Undefined Weak Reference
    _terminateio                              - Undefined Weak Reference
    __Vectors_Size                           0x00000188   Number         0  startup_stm32f40_41xxx.o ABSOLUTE
    __Vectors                                0x08000000   Data           4  startup_stm32f40_41xxx.o(RESET)
    __Vectors_End                            0x08000188   Data           0  startup_stm32f40_41xxx.o(RESET)
    __main                                   0x08000189   Thumb Code     8  __main.o(!!!main)
    __scatterload                            0x08000191   Thumb Code     0  __scatter.o(!!!scatter)
    __scatterload_rt2                        0x08000191   Thumb Code    44  __scatter.o(!!!scatter)
    __scatterload_rt2_thumb_only             0x08000191   Thumb Code     0  __scatter.o(!!!scatter)
    __scatterload_null                       0x0800019f   Thumb Code     0  __scatter.o(!!!scatter)
    __scatterload_copy                       0x080001c5   Thumb Code    26  __scatter_copy.o(!!handler_copy)
    __scatterload_zeroinit                   0x080001e1   Thumb Code    28  __scatter_zi.o(!!handler_zi)
    __rt_lib_init                            0x080001fd   Thumb Code     0  libinit.o(.ARM.Collect$$libinit$$00000000)
    __rt_lib_init_fp_1                       0x080001ff   Thumb Code     0  libinit2.o(.ARM.Collect$$libinit$$00000001)
    __rt_lib_init_alloca_1                   0x08000203   Thumb Code     0  libinit2.o(.ARM.Collect$$libinit$$0000002E)
    __rt_lib_init_argv_1                     0x08000203   Thumb Code     0  libinit2.o(.ARM.Collect$$libinit$$0000002C)
    __rt_lib_init_atexit_1                   0x08000203   Thumb Code     0  libinit2.o(.ARM.Collect$$libinit$$0000001B)
    __rt_lib_init_clock_1                    0x08000203   Thumb Code     0  libinit2.o(.ARM.Collect$$libinit$$00000021)
    __rt_lib_init_cpp_1                      0x08000203   Thumb Code     0  libinit2.o(.ARM.Collect$$libinit$$00000032)
    __rt_lib_init_exceptions_1               0x08000203   Thumb Code     0  libinit2.o(.ARM.Collect$$libinit$$00000030)
    __rt_lib_init_fp_trap_1                  0x08000203   Thumb Code     0  libinit2.o(.ARM.Collect$$libinit$$0000001F)
    __rt_lib_init_getenv_1                   0x08000203   Thumb Code     0  libinit2.o(.ARM.Collect$$libinit$$00000023)
    __rt_lib_init_heap_1                     0x08000203   Thumb Code     0  libinit2.o(.ARM.Collect$$libinit$$0000000A)
    __rt_lib_init_lc_collate_1               0x08000203   Thumb Code     0  libinit2.o(.ARM.Collect$$libinit$$00000011)
    __rt_lib_init_lc_ctype_1                 0x08000203   Thumb Code     0  libinit2.o(.ARM.Collect$$libinit$$00000013)
    __rt_lib_init_lc_monetary_1              0x08000203   Thumb Code     0  libinit2.o(.ARM.Collect$$libinit$$00000015)
    __rt_lib_init_lc_numeric_1               0x08000203   Thumb Code     0  libinit2.o(.ARM.Collect$$libinit$$00000017)
    __rt_lib_init_lc_time_1                  0x08000203   Thumb Code     0  libinit2.o(.ARM.Collect$$libinit$$00000019)
    __rt_lib_init_preinit_1                  0x08000203   Thumb Code     0  libinit2.o(.ARM.Collect$$libinit$$00000004)
    __rt_lib_init_rand_1                     0x08000203   Thumb Code     0  libinit2.o(.ARM.Collect$$libinit$$0000000E)
    __rt_lib_init_return                     0x08000203   Thumb Code     0  libinit2.o(.ARM.Collect$$libinit$$00000033)
    __rt_lib_init_signal_1                   0x08000203   Thumb Code     0  libinit2.o(.ARM.Collect$$libinit$$0000001D)
    __rt_lib_init_stdio_1                    0x08000203   Thumb Code     0  libinit2.o(.ARM.Collect$$libinit$$00000025)
    __rt_lib_init_user_alloc_1               0x08000203   Thumb Code     0  libinit2.o(.ARM.Collect$$libinit$$0000000C)
    __rt_lib_shutdown                        0x08000205   Thumb Code     0  libshutdown.o(.ARM.Collect$$libshutdown$$00000000)
    __rt_lib_shutdown_cpp_1                  0x08000207   Thumb Code     0  libshutdown2.o(.ARM.Collect$$libshutdown$$00000002)
    __rt_lib_shutdown_fp_trap_1              0x08000207   Thumb Code     0  libshutdown2.o(.ARM.Collect$$libshutdown$$00000007)
    __rt_lib_shutdown_heap_1                 0x08000207   Thumb Code     0  libshutdown2.o(.ARM.Collect$$libshutdown$$0000000F)
    __rt_lib_shutdown_return                 0x08000207   Thumb Code     0  libshutdown2.o(.ARM.Collect$$libshutdown$$00000010)
    __rt_lib_shutdown_signal_1               0x08000207   Thumb Code     0  libshutdown2.o(.ARM.Collect$$libshutdown$$0000000A)
    __rt_lib_shutdown_stdio_1                0x08000207   Thumb Code     0  libshutdown2.o(.ARM.Collect$$libshutdown$$00000004)
    __rt_lib_shutdown_user_alloc_1           0x08000207   Thumb Code     0  libshutdown2.o(.ARM.Collect$$libshutdown$$0000000C)
    __rt_entry                               0x08000209   Thumb Code     0  __rtentry.o(.ARM.Collect$$rtentry$$00000000)
    __rt_entry_presh_1                       0x08000209   Thumb Code     0  __rtentry2.o(.ARM.Collect$$rtentry$$00000002)
    __rt_entry_sh                            0x08000209   Thumb Code     0  __rtentry4.o(.ARM.Collect$$rtentry$$00000004)
    __rt_entry_li                            0x0800020f   Thumb Code     0  __rtentry2.o(.ARM.Collect$$rtentry$$0000000A)
    __rt_entry_postsh_1                      0x0800020f   Thumb Code     0  __rtentry2.o(.ARM.Collect$$rtentry$$00000009)
    __rt_entry_main                          0x08000213   Thumb Code     0  __rtentry2.o(.ARM.Collect$$rtentry$$0000000D)
    __rt_entry_postli_1                      0x08000213   Thumb Code     0  __rtentry2.o(.ARM.Collect$$rtentry$$0000000C)
    __rt_exit                                0x0800021b   Thumb Code     0  rtexit.o(.ARM.Collect$$rtexit$$00000000)
    __rt_exit_ls                             0x0800021d   Thumb Code     0  rtexit2.o(.ARM.Collect$$rtexit$$00000003)
    __rt_exit_prels_1                        0x0800021d   Thumb Code     0  rtexit2.o(.ARM.Collect$$rtexit$$00000002)
    __rt_exit_exit                           0x08000221   Thumb Code     0  rtexit2.o(.ARM.Collect$$rtexit$$00000004)
    Reset_Handler                            0x08000229   Thumb Code     8  startup_stm32f40_41xxx.o(.text)
    NMI_Handler                              0x08000231   Thumb Code     2  startup_stm32f40_41xxx.o(.text)
    HardFault_Handler                        0x08000233   Thumb Code     2  startup_stm32f40_41xxx.o(.text)
    MemManage_Handler                        0x08000235   Thumb Code     2  startup_stm32f40_41xxx.o(.text)
    BusFault_Handler                         0x08000237   Thumb Code     2  startup_stm32f40_41xxx.o(.text)
    UsageFault_Handler                       0x08000239   Thumb Code     2  startup_stm32f40_41xxx.o(.text)
    SVC_Handler                              0x0800023b   Thumb Code     2  startup_stm32f40_41xxx.o(.text)
    DebugMon_Handler                         0x0800023d   Thumb Code     2  startup_stm32f40_41xxx.o(.text)
    PendSV_Handler                           0x0800023f   Thumb Code     2  startup_stm32f40_41xxx.o(.text)
    SysTick_Handler                          0x08000241   Thumb Code     2  startup_stm32f40_41xxx.o(.text)
    ADC_IRQHandler                           0x08000243   Thumb Code     0  startup_stm32f40_41xxx.o(.text)
    CAN1_RX0_IRQHandler                      0x08000243   Thumb Code     0  startup_stm32f40_41xxx.o(.text)
    CAN1_RX1_IRQHandler                      0x08000243   Thumb Code     0  startup_stm32f40_41xxx.o(.text)
    CAN1_SCE_IRQHandler                      0x08000243   Thumb Code     0  startup_stm32f40_41xxx.o(.text)
    CAN1_TX_IRQHandler                       0x08000243   Thumb Code     0  startup_stm32f40_41xxx.o(.text)
    CAN2_RX0_IRQHandler                      0x08000243   Thumb Code     0  startup_stm32f40_41xxx.o(.text)
    CAN2_RX1_IRQHandler                      0x08000243   Thumb Code     0  startup_stm32f40_41xxx.o(.text)
    CAN2_SCE_IRQHandler                      0x08000243   Thumb Code     0  startup_stm32f40_41xxx.o(.text)
    CAN2_TX_IRQHandler                       0x08000243   Thumb Code     0  startup_stm32f40_41xxx.o(.text)
    CRYP_IRQHandler                          0x08000243   Thumb Code     0  startup_stm32f40_41xxx.o(.text)
    DCMI_IRQHandler                          0x08000243   Thumb Code     0  startup_stm32f40_41xxx.o(.text)
    DMA1_Stream0_IRQHandler                  0x08000243   Thumb Code     0  startup_stm32f40_41xxx.o(.text)
    DMA1_Stream1_IRQHandler                  0x08000243   Thumb Code     0  startup_stm32f40_41xxx.o(.text)
    DMA1_Stream2_IRQHandler                  0x08000243   Thumb Code     0  startup_stm32f40_41xxx.o(.text)
    DMA1_Stream3_IRQHandler                  0x08000243   Thumb Code     0  startup_stm32f40_41xxx.o(.text)
    DMA1_Stream4_IRQHandler                  0x08000243   Thumb Code     0  startup_stm32f40_41xxx.o(.text)
    DMA1_Stream5_IRQHandler                  0x08000243   Thumb Code     0  startup_stm32f40_41xxx.o(.text)
    DMA1_Stream7_IRQHandler                  0x08000243   Thumb Code     0  startup_stm32f40_41xxx.o(.text)
    DMA2_Stream0_IRQHandler                  0x08000243   Thumb Code     0  startup_stm32f40_41xxx.o(.text)
    DMA2_Stream1_IRQHandler                  0x08000243   Thumb Code     0  startup_stm32f40_41xxx.o(.text)
    DMA2_Stream2_IRQHandler                  0x08000243   Thumb Code     0  startup_stm32f40_41xxx.o(.text)
    DMA2_Stream3_IRQHandler                  0x08000243   Thumb Code     0  startup_stm32f40_41xxx.o(.text)
    DMA2_Stream4_IRQHandler                  0x08000243   Thumb Code     0  startup_stm32f40_41xxx.o(.text)
    DMA2_Stream5_IRQHandler                  0x08000243   Thumb Code     0  startup_stm32f40_41xxx.o(.text)
    DMA2_Stream6_IRQHandler                  0x08000243   Thumb Code     0  startup_stm32f40_41xxx.o(.text)
    DMA2_Stream7_IRQHandler                  0x08000243   Thumb Code     0  startup_stm32f40_41xxx.o(.text)
    ETH_IRQHandler                           0x08000243   Thumb Code     0  startup_stm32f40_41xxx.o(.text)
    ETH_WKUP_IRQHandler                      0x08000243   Thumb Code     0  startup_stm32f40_41xxx.o(.text)
    EXTI0_IRQHandler                         0x08000243   Thumb Code     0  startup_stm32f40_41xxx.o(.text)
    EXTI15_10_IRQHandler                     0x08000243   Thumb Code     0  startup_stm32f40_41xxx.o(.text)
    EXTI1_IRQHandler                         0x08000243   Thumb Code     0  startup_stm32f40_41xxx.o(.text)
    EXTI2_IRQHandler                         0x08000243   Thumb Code     0  startup_stm32f40_41xxx.o(.text)
    EXTI3_IRQHandler                         0x08000243   Thumb Code     0  startup_stm32f40_41xxx.o(.text)
    EXTI4_IRQHandler                         0x08000243   Thumb Code     0  startup_stm32f40_41xxx.o(.text)
    EXTI9_5_IRQHandler                       0x08000243   Thumb Code     0  startup_stm32f40_41xxx.o(.text)
    FLASH_IRQHandler                         0x08000243   Thumb Code     0  startup_stm32f40_41xxx.o(.text)
    FPU_IRQHandler                           0x08000243   Thumb Code     0  startup_stm32f40_41xxx.o(.text)
    FSMC_IRQHandler                          0x08000243   Thumb Code     0  startup_stm32f40_41xxx.o(.text)
    HASH_RNG_IRQHandler                      0x08000243   Thumb Code     0  startup_stm32f40_41xxx.o(.text)
    I2C1_ER_IRQHandler                       0x08000243   Thumb Code     0  startup_stm32f40_41xxx.o(.text)
    I2C1_EV_IRQHandler                       0x08000243   Thumb Code     0  startup_stm32f40_41xxx.o(.text)
    I2C2_ER_IRQHandler                       0x08000243   Thumb Code     0  startup_stm32f40_41xxx.o(.text)
    I2C2_EV_IRQHandler                       0x08000243   Thumb Code     0  startup_stm32f40_41xxx.o(.text)
    I2C3_ER_IRQHandler                       0x08000243   Thumb Code     0  startup_stm32f40_41xxx.o(.text)
    I2C3_EV_IRQHandler                       0x08000243   Thumb Code     0  startup_stm32f40_41xxx.o(.text)
    OTG_FS_IRQHandler                        0x08000243   Thumb Code     0  startup_stm32f40_41xxx.o(.text)
    OTG_FS_WKUP_IRQHandler                   0x08000243   Thumb Code     0  startup_stm32f40_41xxx.o(.text)
    OTG_HS_EP1_IN_IRQHandler                 0x08000243   Thumb Code     0  startup_stm32f40_41xxx.o(.text)
    OTG_HS_EP1_OUT_IRQHandler                0x08000243   Thumb Code     0  startup_stm32f40_41xxx.o(.text)
    OTG_HS_IRQHandler                        0x08000243   Thumb Code     0  startup_stm32f40_41xxx.o(.text)
    OTG_HS_WKUP_IRQHandler                   0x08000243   Thumb Code     0  startup_stm32f40_41xxx.o(.text)
    PVD_IRQHandler                           0x08000243   Thumb Code     0  startup_stm32f40_41xxx.o(.text)
    RCC_IRQHandler                           0x08000243   Thumb Code     0  startup_stm32f40_41xxx.o(.text)
    RTC_Alarm_IRQHandler                     0x08000243   Thumb Code     0  startup_stm32f40_41xxx.o(.text)
    RTC_WKUP_IRQHandler                      0x08000243   Thumb Code     0  startup_stm32f40_41xxx.o(.text)
    SDIO_IRQHandler                          0x08000243   Thumb Code     0  startup_stm32f40_41xxx.o(.text)
    SPI1_IRQHandler                          0x08000243   Thumb Code     0  startup_stm32f40_41xxx.o(.text)
    SPI2_IRQHandler                          0x08000243   Thumb Code     0  startup_stm32f40_41xxx.o(.text)
    SPI3_IRQHandler                          0x08000243   Thumb Code     0  startup_stm32f40_41xxx.o(.text)
    TAMP_STAMP_IRQHandler                    0x08000243   Thumb Code     0  startup_stm32f40_41xxx.o(.text)
    TIM1_BRK_TIM9_IRQHandler                 0x08000243   Thumb Code     0  startup_stm32f40_41xxx.o(.text)
    TIM1_CC_IRQHandler                       0x08000243   Thumb Code     0  startup_stm32f40_41xxx.o(.text)
    TIM1_TRG_COM_TIM11_IRQHandler            0x08000243   Thumb Code     0  startup_stm32f40_41xxx.o(.text)
    TIM1_UP_TIM10_IRQHandler                 0x08000243   Thumb Code     0  startup_stm32f40_41xxx.o(.text)
    TIM2_IRQHandler                          0x08000243   Thumb Code     0  startup_stm32f40_41xxx.o(.text)
    TIM3_IRQHandler                          0x08000243   Thumb Code     0  startup_stm32f40_41xxx.o(.text)
    TIM4_IRQHandler                          0x08000243   Thumb Code     0  startup_stm32f40_41xxx.o(.text)
    TIM5_IRQHandler                          0x08000243   Thumb Code     0  startup_stm32f40_41xxx.o(.text)
    TIM6_DAC_IRQHandler                      0x08000243   Thumb Code     0  startup_stm32f40_41xxx.o(.text)
    TIM7_IRQHandler                          0x08000243   Thumb Code     0  startup_stm32f40_41xxx.o(.text)
    TIM8_BRK_TIM12_IRQHandler                0x08000243   Thumb Code     0  startup_stm32f40_41xxx.o(.text)
    TIM8_CC_IRQHandler                       0x08000243   Thumb Code     0  startup_stm32f40_41xxx.o(.text)
    TIM8_TRG_COM_TIM14_IRQHandler            0x08000243   Thumb Code     0  startup_stm32f40_41xxx.o(.text)
    TIM8_UP_TIM13_IRQHandler                 0x08000243   Thumb Code     0  startup_stm32f40_41xxx.o(.text)
    UART4_IRQHandler                         0x08000243   Thumb Code     0  startup_stm32f40_41xxx.o(.text)
    UART5_IRQHandler                         0x08000243   Thumb Code     0  startup_stm32f40_41xxx.o(.text)
    USART3_IRQHandler                        0x08000243   Thumb Code     0  startup_stm32f40_41xxx.o(.text)
    USART6_IRQHandler                        0x08000243   Thumb Code     0  startup_stm32f40_41xxx.o(.text)
    WWDG_IRQHandler                          0x08000243   Thumb Code     0  startup_stm32f40_41xxx.o(.text)
    __user_initial_stackheap                 0x08000245   Thumb Code     0  startup_stm32f40_41xxx.o(.text)
    __use_two_region_memory                  0x08000269   Thumb Code     2  heapauxi.o(.text)
    __rt_heap_escrow$2region                 0x0800026b   Thumb Code     2  heapauxi.o(.text)
    __rt_heap_expand$2region                 0x0800026d   Thumb Code     2  heapauxi.o(.text)
    __user_setup_stackheap                   0x0800026f   Thumb Code    74  sys_stackheap_outer.o(.text)
    exit                                     0x080002b9   Thumb Code    18  exit.o(.text)
    __user_libspace                          0x080002cd   Thumb Code     8  libspace.o(.text)
    __user_perproc_libspace                  0x080002cd   Thumb Code     0  libspace.o(.text)
    __user_perthread_libspace                0x080002cd   Thumb Code     0  libspace.o(.text)
    _sys_exit                                0x080002d5   Thumb Code     8  sys_exit.o(.text)
    __I$use$semihosting                      0x080002e1   Thumb Code     0  use_no_semi.o(.text)
    __use_no_semihosting_swi                 0x080002e1   Thumb Code     2  use_no_semi.o(.text)
    __semihosting_library_function           0x080002e3   Thumb Code     0  indicate_semi.o(.text)
    DMA1_Stream6_IRQHandler                  0x080002e5   Thumb Code    38  usart2.o(i.DMA1_Stream6_IRQHandler)
    DMA_ClearFlag                            0x08000319   Thumb Code    38  stm32f4xx_dma.o(i.DMA_ClearFlag)
    DMA_ClearITPendingBit                    0x0800034d   Thumb Code    38  stm32f4xx_dma.o(i.DMA_ClearITPendingBit)
    DMA_Cmd                                  0x08000381   Thumb Code    22  stm32f4xx_dma.o(i.DMA_Cmd)
    DMA_GetITStatus                          0x08000399   Thumb Code    82  stm32f4xx_dma.o(i.DMA_GetITStatus)
    NVIC_PriorityGroupConfig                 0x080003fd   Thumb Code    10  misc.o(i.NVIC_PriorityGroupConfig)
    SysTick_CLKSourceConfig                  0x080004fd   Thumb Code    40  misc.o(i.SysTick_CLKSourceConfig)
    SystemInit                               0x08000525   Thumb Code    88  system_stm32f4xx.o(i.SystemInit)
    USART1_IRQHandler                        0x0800058d   Thumb Code    42  usart1.o(i.USART1_IRQHandler)
    USART1_Recv_Callback                     0x080005c1   Thumb Code     2  usart1.o(i.USART1_Recv_Callback)
    USART2_IRQHandler                        0x080005c5   Thumb Code    42  usart2.o(i.USART2_IRQHandler)
    USART2_Recv_Callback                     0x080005f9   Thumb Code     2  usart2.o(i.USART2_Recv_Callback)
    USART_ClearITPendingBit                  0x080005fb   Thumb Code    30  stm32f4xx_usart.o(i.USART_ClearITPendingBit)
    USART_GetFlagStatus                      0x08000619   Thumb Code    26  stm32f4xx_usart.o(i.USART_GetFlagStatus)
    USART_ReceiveData                        0x08000633   Thumb Code    10  stm32f4xx_usart.o(i.USART_ReceiveData)
    delay_init                               0x0800063d   Thumb Code    40  delay.o(i.delay_init)
    main                                     0x08000675   Thumb Code    20  main.o(i.main)
    _fp_init                                 0x08000689   Thumb Code    10  fpinit.o(x$fpl$fpinit)
    __fplib_config_fpu_vfp                   0x08000691   Thumb Code     0  fpinit.o(x$fpl$fpinit)
    __fplib_config_pureend_doubles           0x08000691   Thumb Code     0  fpinit.o(x$fpl$fpinit)
    Region$$Table$$Base                      0x08000694   Number         0  anon$$obj.o(Region$$Table)
    Region$$Table$$Limit                     0x080006b4   Number         0  anon$$obj.o(Region$$Table)
    USART1_Recv                              0x20000008   Data           4  usart1.o(.data)
    USART2_Recv                              0x2000000c   Data           4  usart2.o(.data)
    SystemCoreClock                          0x20000010   Data           4  system_stm32f4xx.o(.data)
    AHBPrescTable                            0x20000014   Data          16  system_stm32f4xx.o(.data)
    __libspace_start                         0x20000024   Data          96  libspace.o(.bss)
    __temporary_stack_top$libspace           0x20000084   Data           0  libspace.o(.bss)



==============================================================================

Memory Map of the image

  Image Entry point : 0x08000189

  Load Region LR_IROM1 (Base: 0x08000000, Size: 0x000006d8, Max: 0x00100000, ABSOLUTE)

    Execution Region ER_IROM1 (Base: 0x08000000, Size: 0x000006b4, Max: 0x00100000, ABSOLUTE)

    Base Addr    Size         Type   Attr      Idx    E Section Name        Object

    0x08000000   0x00000188   Data   RO         5794    RESET               startup_stm32f40_41xxx.o
    0x08000188   0x00000008   Code   RO         8488  * !!!main             c_w.l(__main.o)
    0x08000190   0x00000034   Code   RO         8645    !!!scatter          c_w.l(__scatter.o)
    0x080001c4   0x0000001a   Code   RO         8647    !!handler_copy      c_w.l(__scatter_copy.o)
    0x080001de   0x00000002   PAD
    0x080001e0   0x0000001c   Code   RO         8649    !!handler_zi        c_w.l(__scatter_zi.o)
    0x080001fc   0x00000002   Code   RO         8515    .ARM.Collect$$libinit$$00000000  c_w.l(libinit.o)
    0x080001fe   0x00000004   Code   RO         8521    .ARM.Collect$$libinit$$00000001  c_w.l(libinit2.o)
    0x08000202   0x00000000   Code   RO         8524    .ARM.Collect$$libinit$$00000004  c_w.l(libinit2.o)
    0x08000202   0x00000000   Code   RO         8527    .ARM.Collect$$libinit$$0000000A  c_w.l(libinit2.o)
    0x08000202   0x00000000   Code   RO         8529    .ARM.Collect$$libinit$$0000000C  c_w.l(libinit2.o)
    0x08000202   0x00000000   Code   RO         8531    .ARM.Collect$$libinit$$0000000E  c_w.l(libinit2.o)
    0x08000202   0x00000000   Code   RO         8534    .ARM.Collect$$libinit$$00000011  c_w.l(libinit2.o)
    0x08000202   0x00000000   Code   RO         8536    .ARM.Collect$$libinit$$00000013  c_w.l(libinit2.o)
    0x08000202   0x00000000   Code   RO         8538    .ARM.Collect$$libinit$$00000015  c_w.l(libinit2.o)
    0x08000202   0x00000000   Code   RO         8540    .ARM.Collect$$libinit$$00000017  c_w.l(libinit2.o)
    0x08000202   0x00000000   Code   RO         8542    .ARM.Collect$$libinit$$00000019  c_w.l(libinit2.o)
    0x08000202   0x00000000   Code   RO         8544    .ARM.Collect$$libinit$$0000001B  c_w.l(libinit2.o)
    0x08000202   0x00000000   Code   RO         8546    .ARM.Collect$$libinit$$0000001D  c_w.l(libinit2.o)
    0x08000202   0x00000000   Code   RO         8548    .ARM.Collect$$libinit$$0000001F  c_w.l(libinit2.o)
    0x08000202   0x00000000   Code   RO         8550    .ARM.Collect$$libinit$$00000021  c_w.l(libinit2.o)
    0x08000202   0x00000000   Code   RO         8552    .ARM.Collect$$libinit$$00000023  c_w.l(libinit2.o)
    0x08000202   0x00000000   Code   RO         8554    .ARM.Collect$$libinit$$00000025  c_w.l(libinit2.o)
    0x08000202   0x00000000   Code   RO         8558    .ARM.Collect$$libinit$$0000002C  c_w.l(libinit2.o)
    0x08000202   0x00000000   Code   RO         8560    .ARM.Collect$$libinit$$0000002E  c_w.l(libinit2.o)
    0x08000202   0x00000000   Code   RO         8562    .ARM.Collect$$libinit$$00000030  c_w.l(libinit2.o)
    0x08000202   0x00000000   Code   RO         8564    .ARM.Collect$$libinit$$00000032  c_w.l(libinit2.o)
    0x08000202   0x00000002   Code   RO         8565    .ARM.Collect$$libinit$$00000033  c_w.l(libinit2.o)
    0x08000204   0x00000002   Code   RO         8585    .ARM.Collect$$libshutdown$$00000000  c_w.l(libshutdown.o)
    0x08000206   0x00000000   Code   RO         8598    .ARM.Collect$$libshutdown$$00000002  c_w.l(libshutdown2.o)
    0x08000206   0x00000000   Code   RO         8600    .ARM.Collect$$libshutdown$$00000004  c_w.l(libshutdown2.o)
    0x08000206   0x00000000   Code   RO         8603    .ARM.Collect$$libshutdown$$00000007  c_w.l(libshutdown2.o)
    0x08000206   0x00000000   Code   RO         8606    .ARM.Collect$$libshutdown$$0000000A  c_w.l(libshutdown2.o)
    0x08000206   0x00000000   Code   RO         8608    .ARM.Collect$$libshutdown$$0000000C  c_w.l(libshutdown2.o)
    0x08000206   0x00000000   Code   RO         8611    .ARM.Collect$$libshutdown$$0000000F  c_w.l(libshutdown2.o)
    0x08000206   0x00000002   Code   RO         8612    .ARM.Collect$$libshutdown$$00000010  c_w.l(libshutdown2.o)
    0x08000208   0x00000000   Code   RO         8490    .ARM.Collect$$rtentry$$00000000  c_w.l(__rtentry.o)
    0x08000208   0x00000000   Code   RO         8492    .ARM.Collect$$rtentry$$00000002  c_w.l(__rtentry2.o)
    0x08000208   0x00000006   Code   RO         8504    .ARM.Collect$$rtentry$$00000004  c_w.l(__rtentry4.o)
    0x0800020e   0x00000000   Code   RO         8494    .ARM.Collect$$rtentry$$00000009  c_w.l(__rtentry2.o)
    0x0800020e   0x00000004   Code   RO         8495    .ARM.Collect$$rtentry$$0000000A  c_w.l(__rtentry2.o)
    0x08000212   0x00000000   Code   RO         8497    .ARM.Collect$$rtentry$$0000000C  c_w.l(__rtentry2.o)
    0x08000212   0x00000008   Code   RO         8498    .ARM.Collect$$rtentry$$0000000D  c_w.l(__rtentry2.o)
    0x0800021a   0x00000002   Code   RO         8519    .ARM.Collect$$rtexit$$00000000  c_w.l(rtexit.o)
    0x0800021c   0x00000000   Code   RO         8567    .ARM.Collect$$rtexit$$00000002  c_w.l(rtexit2.o)
    0x0800021c   0x00000004   Code   RO         8568    .ARM.Collect$$rtexit$$00000003  c_w.l(rtexit2.o)
    0x08000220   0x00000006   Code   RO         8569    .ARM.Collect$$rtexit$$00000004  c_w.l(rtexit2.o)
    0x08000226   0x00000002   PAD
    0x08000228   0x00000040   Code   RO         5795    .text               startup_stm32f40_41xxx.o
    0x08000268   0x00000006   Code   RO         8486    .text               c_w.l(heapauxi.o)
    0x0800026e   0x0000004a   Code   RO         8506    .text               c_w.l(sys_stackheap_outer.o)
    0x080002b8   0x00000012   Code   RO         8508    .text               c_w.l(exit.o)
    0x080002ca   0x00000002   PAD
    0x080002cc   0x00000008   Code   RO         8516    .text               c_w.l(libspace.o)
    0x080002d4   0x0000000c   Code   RO         8577    .text               c_w.l(sys_exit.o)
    0x080002e0   0x00000002   Code   RO         8588    .text               c_w.l(use_no_semi.o)
    0x080002e2   0x00000000   Code   RO         8590    .text               c_w.l(indicate_semi.o)
    0x080002e2   0x00000002   PAD
    0x080002e4   0x00000034   Code   RO          694    i.DMA1_Stream6_IRQHandler  usart2.o
    0x08000318   0x00000034   Code   RO         1822    i.DMA_ClearFlag     stm32f4xx_dma.o
    0x0800034c   0x00000034   Code   RO         1823    i.DMA_ClearITPendingBit  stm32f4xx_dma.o
    0x08000380   0x00000016   Code   RO         1824    i.DMA_Cmd           stm32f4xx_dma.o
    0x08000396   0x00000002   PAD
    0x08000398   0x00000064   Code   RO         1834    i.DMA_GetITStatus   stm32f4xx_dma.o
    0x080003fc   0x00000014   Code   RO          750    i.NVIC_PriorityGroupConfig  misc.o
    0x08000410   0x000000ec   Code   RO         5754    i.SetSysClock       system_stm32f4xx.o
    0x080004fc   0x00000028   Code   RO          753    i.SysTick_CLKSourceConfig  misc.o
    0x08000524   0x00000068   Code   RO         5756    i.SystemInit        system_stm32f4xx.o
    0x0800058c   0x00000034   Code   RO          641    i.USART1_IRQHandler  usart1.o
    0x080005c0   0x00000002   Code   RO          642    i.USART1_Recv_Callback  usart1.o
    0x080005c2   0x00000002   PAD
    0x080005c4   0x00000034   Code   RO          697    i.USART2_IRQHandler  usart2.o
    0x080005f8   0x00000002   Code   RO          698    i.USART2_Recv_Callback  usart2.o
    0x080005fa   0x0000001e   Code   RO         5497    i.USART_ClearITPendingBit  stm32f4xx_usart.o
    0x08000618   0x0000001a   Code   RO         5503    i.USART_GetFlagStatus  stm32f4xx_usart.o
    0x08000632   0x0000000a   Code   RO         5514    i.USART_ReceiveData  stm32f4xx_usart.o
    0x0800063c   0x00000038   Code   RO          271    i.delay_init        delay.o
    0x08000674   0x00000014   Code   RO            4    i.main              main.o
    0x08000688   0x0000000a   Code   RO         8575    x$fpl$fpinit        fz_wm.l(fpinit.o)
    0x08000692   0x00000002   PAD
    0x08000694   0x00000020   Data   RO         8643    Region$$Table       anon$$obj.o


    Execution Region RW_IRAM1 (Base: 0x20000000, Size: 0x00010088, Max: 0x00020000, ABSOLUTE)

    Base Addr    Size         Type   Attr      Idx    E Section Name        Object

    0x20000000   0x00000008   Data   RW          276    .data               delay.o
    0x20000008   0x00000004   Data   RW          645    .data               usart1.o
    0x2000000c   0x00000004   Data   RW          700    .data               usart2.o
    0x20000010   0x00000014   Data   RW         5757    .data               system_stm32f4xx.o
    0x20000024   0x00000060   Zero   RW         8517    .bss                c_w.l(libspace.o)
    0x20000084   0x00000004   PAD
    0x20000088   0x00008000   Zero   RW         5793    HEAP                startup_stm32f40_41xxx.o
    0x20008088   0x00008000   Zero   RW         5792    STACK               startup_stm32f40_41xxx.o


==============================================================================

Image component sizes


      Code (inc. data)   RO Data    RW Data    ZI Data      Debug   Object Name

        56         16          0          8          0        649   delay.o
        20          0          0          0          0     260195   main.o
        60         10          0          0          0       1033   misc.o
        64         26        392          0      65536        840   startup_stm32f40_41xxx.o
       226         46          0          0          0       3688   stm32f4xx_dma.o
        66          0          0          0          0       2444   stm32f4xx_usart.o
       340         32          0         20          0       1777   system_stm32f4xx.o
        54         10          0          4          0       1481   usart1.o
       106         24          0          4          0       2065   usart2.o

    ----------------------------------------------------------------------
       996        164        424         36      65536     274172   Object Totals
         0          0         32          0          0          0   (incl. Generated)
         4          0          0          0          0          0   (incl. Padding)

    ----------------------------------------------------------------------

      Code (inc. data)   RO Data    RW Data    ZI Data      Debug   Library Member Name

         8          0          0          0          0         68   __main.o
         0          0          0          0          0          0   __rtentry.o
        12          0          0          0          0          0   __rtentry2.o
         6          0          0          0          0          0   __rtentry4.o
        52          8          0          0          0          0   __scatter.o
        26          0          0          0          0          0   __scatter_copy.o
        28          0          0          0          0          0   __scatter_zi.o
        18          0          0          0          0         80   exit.o
         6          0          0          0          0        152   heapauxi.o
         0          0          0          0          0          0   indicate_semi.o
         2          0          0          0          0          0   libinit.o
         6          0          0          0          0          0   libinit2.o
         2          0          0          0          0          0   libshutdown.o
         2          0          0          0          0          0   libshutdown2.o
         8          4          0          0         96         68   libspace.o
         2          0          0          0          0          0   rtexit.o
        10          0          0          0          0          0   rtexit2.o
        12          4          0          0          0         68   sys_exit.o
        74          0          0          0          0         80   sys_stackheap_outer.o
         2          0          0          0          0         68   use_no_semi.o
        10          0          0          0          0        116   fpinit.o

    ----------------------------------------------------------------------
       296         16          0          0        100        700   Library Totals
        10          0          0          0          4          0   (incl. Padding)

    ----------------------------------------------------------------------

      Code (inc. data)   RO Data    RW Data    ZI Data      Debug   Library Name

       276         16          0          0         96        584   c_w.l
        10          0          0          0          0        116   fz_wm.l

    ----------------------------------------------------------------------
       296         16          0          0        100        700   Library Totals

    ----------------------------------------------------------------------

==============================================================================


      Code (inc. data)   RO Data    RW Data    ZI Data      Debug   

      1292        180        424         36      65636     273416   Grand Totals
      1292        180        424         36      65636     273416   ELF Image Totals
      1292        180        424         36          0          0   ROM Totals

==============================================================================

    Total RO  Size (Code + RO Data)                 1716 (   1.68kB)
    Total RW  Size (RW Data + ZI Data)             65672 (  64.13kB)
    Total ROM Size (Code + RO Data + RW Data)       1752 (   1.71kB)

==============================================================================

