<html>
<body>
<pre>
<h1>µVision Build Log</h1>
<h2>Tool Versions:</h2>
IDE-Version: ¦ÌVision V5.23.0.0
Copyright (C) 2017 ARM Ltd and ARM Germany GmbH. All rights reserved.
License Information: a admin, aa, LIC=YA3Z9-4CEKT-W2LLL-00J2R-MQ36X-N00UP
 
Tool Versions:
Toolchain:       MDK-ARM Plus  Version: 5.23
Toolchain Path:  d:\Keil_v5\ARM\ARMCC\Bin
C Compiler:      Armcc.exe V5.06 update 4 (build 422)
Assembler:       Armasm.exe V5.06 update 4 (build 422)
Linker/Locator:  ArmLink.exe V5.06 update 4 (build 422)
Library Manager: ArmAr.exe V5.06 update 4 (build 422)
Hex Converter:   FromElf.exe V5.06 update 4 (build 422)
CPU DLL:         SARMCM3.DLL V5.23
Dialog DLL:      DCM.DLL V1.15.0.0
Target DLL:      UL2CM3.DLL V1.159.7.0
Dialog DLL:      TCM.DLL V1.27.0.0
 
<h2>Project:</h2>
E:\Projects\STM32F4\Main\Project\MainBoard.uvprojx
Project File Date:  06/17/2020

<h2>Output:</h2>
*** Using Compiler 'V5.06 update 4 (build 422)', folder: 'd:\Keil_v5\ARM\ARMCC\Bin'
Rebuild target 'Main'
compiling bstring.c...
compiling gpio.c...
compiling main.c...
compiling delay.c...
compiling flash.c...
compiling mi2c.c...
compiling mspi.c...
compiling usart1.c...
compiling usart2.c...
compiling misc.c...
compiling stm32f4xx_adc.c...
compiling stm32f4xx_can.c...
compiling stm32f4xx_cec.c...
compiling stm32f4xx_cryp.c...
compiling stm32f4xx_crc.c...
compiling stm32f4xx_cryp_des.c...
compiling stm32f4xx_cryp_tdes.c...
compiling stm32f4xx_cryp_aes.c...
compiling stm32f4xx_dac.c...
compiling stm32f4xx_dbgmcu.c...
compiling stm32f4xx_dcmi.c...
compiling stm32f4xx_dfsdm.c...
compiling stm32f4xx_dma.c...
compiling stm32f4xx_dma2d.c...
compiling stm32f4xx_dsi.c...
compiling stm32f4xx_exti.c...
compiling stm32f4xx_flash.c...
compiling stm32f4xx_flash_ramfunc.c...
compiling stm32f4xx_fmpi2c.c...
compiling stm32f4xx_fsmc.c...
compiling stm32f4xx_gpio.c...
compiling stm32f4xx_hash.c...
compiling stm32f4xx_hash_md5.c...
compiling stm32f4xx_iwdg.c...
compiling stm32f4xx_hash_sha1.c...
compiling stm32f4xx_i2c.c...
compiling stm32f4xx_lptim.c...
compiling stm32f4xx_pwr.c...
compiling stm32f4xx_ltdc.c...
compiling stm32f4xx_qspi.c...
compiling stm32f4xx_rcc.c...
compiling stm32f4xx_rng.c...
compiling stm32f4xx_rtc.c...
compiling stm32f4xx_sai.c...
compiling stm32f4xx_sdio.c...
compiling stm32f4xx_spdifrx.c...
compiling stm32f4xx_spi.c...
compiling stm32f4xx_syscfg.c...
compiling stm32f4xx_wwdg.c...
compiling stm32f4xx_usart.c...
assembling startup_stm32f40_41xxx.s...
compiling stm32f4xx_tim.c...
compiling system_stm32f4xx.c...
compiling ff.c...
compiling ffsystem.c...
compiling stm32f4x7_eth.c...
compiling diskio.c...
..\Fatfs\src\diskio.c(30): warning:  #550-D: variable "result"  was set but never used
  	int result;
..\Fatfs\src\diskio.c(68): warning:  #550-D: variable "result"  was set but never used
  	int result;
..\Fatfs\src\diskio.c(109): warning:  #550-D: variable "result"  was set but never used
  	int result;
..\Fatfs\src\diskio.c(159): warning:  #550-D: variable "result"  was set but never used
  	int result;
..\Fatfs\src\diskio.c(207): warning:  #177-D: variable "result"  was declared but never referenced
  	int result;
..\Fatfs\src\diskio.c: 5 warnings, 0 errors
compiling ffunicode.c...
compiling fatfsapp.c...
compiling usbh_core.c...
compiling usbh_hcs.c...
compiling usbh_ioreq.c...
compiling usbh_stdreq.c...
compiling usbd_core.c...
compiling usbd_ioreq.c...
compiling usbd_req.c...
compiling usb_core.c...
compiling usb_dcd.c...
compiling usb_dcd_int.c...
compiling usb_hcd.c...
compiling usb_bsp.c...
compiling usb_hcd_int.c...
compiling usbh_usr.c...
..\USB_CONFIG\usbh_usr.c(321): warning:  #940-D: missing return statement at end of non-void function "USBH_USR_UserInput" 
  }
..\USB_CONFIG\usbh_usr.c(344): warning:  #940-D: missing return statement at end of non-void function "USBH_USR_MSC_Application" 
  }
..\USB_CONFIG\usbh_usr.c(135): warning:  #177-D: function "Explore_Disk"  was declared but never referenced
  static uint8_t Explore_Disk(char *path, uint8_t recu_level);
..\USB_CONFIG\usbh_usr.c(136): warning:  #177-D: function "Image_Browser"  was declared but never referenced
  static uint8_t Image_Browser(char *path);
..\USB_CONFIG\usbh_usr.c(137): warning:  #177-D: function "Show_Image"  was declared but never referenced
  static void Show_Image(void);
..\USB_CONFIG\usbh_usr.c(359): warning:  #177-D: function "Toggle_Leds"  was declared but never referenced
  static void Toggle_Leds(void)
..\USB_CONFIG\usbh_usr.c: 6 warnings, 0 errors
compiling usbd_desc.c...
compiling usbd_usr.c...
linking...
Program Size: Code=1292 RO-data=424 RW-data=36 ZI-data=65636  
".\Objects\MainBoard.axf" - 0 Error(s), 11 Warning(s).

<h2>Collection of Component include folders:</h2>
  .\RTE\_Main
  d:\Keil_v5\ARM\PACK\Keil\STM32F4xx_DFP\2.13.0\Drivers\CMSIS\Device\ST\STM32F4xx\Include

<h2>Collection of Component Files used:</h2>
Build Time Elapsed:  00:00:27
</pre>
</body>
</html>
